{
    "proteinfamilies - fasta - families": {
        "content": [
            {
                "0": [
                    [
                        {
                            "id": "test"
                        },
                        "test_unassigned.fasta.gz:md5,98fbcee70cdba7ecd2a8572058c51f43"
                    ]
                ],
                "1": [
                    [
                        "EXTRACT_UNASSIGNED_SEQS",
                        "python",
                        "3.13.1"
                    ]
                ],
                "fasta": [
                    [
                        {
                            "id": "test"
                        },
                        "test_unassigned.fasta.gz:md5,98fbcee70cdba7ecd2a8572058c51f43"
                    ]
                ],
                "versions_python": [
                    [
                        "EXTRACT_UNASSIGNED_SEQS",
                        "python",
                        "3.13.1"
                    ]
                ]
            }
        ],
        "timestamp": "2026-10-03T09:47:44.137632052",
        "meta": {
            "nf-test": "0.9.5",
            "nextflow": "26.04.6"
        }
    },
    "proteinfamilies - fasta - families - stub": {
        "content": [
            {
                "0": [
                    [
                        {
                            "id": "test"
                        },
                        "test_unassigned.fasta.gz:md5,68b329da9893e34099c7d8ad5cb9c940"
                    ]
                ],
                "1": [
                    [
                        "EXTRACT_UNASSIGNED_SEQS",
                        "python",
                        "3.13.1"
                    ]
                ],
                "fasta": [
                    [
                        {
                            "id": "test"
                        },
                        "test_unassigned.fasta.gz:md5,68b329da9893e34099c7d8ad5cb9c940"
                    ]
                ],
                "versions_python": [
                    [
                        "EXTRACT_UNASSIGNED_SEQS",
                        "python",
                        "3.13.1"
                    ]
                ]
            }
        ],
        "timestamp": "2026-10-03T09:48:00.284844154",
        "meta": {
            "nf-test": "0.9.5",
            "nextflow": "26.04.6"
        }
    },
    "proteinfamilies - fasta.gz - no families": {
        "content": [
            {
                "0": [
                    [
                        {
                            "id": "test"
                        },
                        "test_unassigned.fasta.gz:md5,4d715a9da9b6571b46bed6174e025f11"
                    ]
                ],
                "1": [
                    [
                        "EXTRACT_UNASSIGNED_SEQS",
                        "python",
                        "3.13.1"
                    ]
                ],
                "fasta": [
                    [
                        {
                            "id": "test"
                        },
                        "test_unassigned.fasta.gz:md5,4d715a9da9b6571b46bed6174e025f11"
                    ]
                ],
                "versions_python": [
                    [
                        "EXTRACT_UNASSIGNED_SEQS",
                        "python",
                        "3.13.1"
                    ]
                ]
            }
        ],
        "timestamp": "2026-10-03T09:47:52.156945413",
        "meta": {
            "nf-test": "0.9.5",
            "nextflow": "26.04.6"
        }
    }
}