{
    "proteinfamilies - family redundancy - stub": {
        "content": [
            {
                "0": [
                    [
                        {
                            "id": "mqc"
                        },
                        "redundant_fam_ids.txt:md5,d41d8cd98f00b204e9800998ecf8427e"
                    ]
                ],
                "1": [
                    [
                        {
                            "id": "mqc"
                        },
                        "similar_fam_ids.txt:md5,d41d8cd98f00b204e9800998ecf8427e"
                    ]
                ],
                "2": [
                    [
                        {
                            "id": "mqc"
                        },
                        "similarities.csv:md5,d41d8cd98f00b204e9800998ecf8427e"
                    ]
                ],
                "3": [
                    [
                        "IDENTIFY_REDUNDANT_FAMS",
                        "python",
                        "3.13.1"
                    ]
                ],
                "4": [
                    [
                        "IDENTIFY_REDUNDANT_FAMS",
                        "pandas",
                        "2.3.0"
                    ]
                ],
                "redundant_ids": [
                    [
                        {
                            "id": "mqc"
                        },
                        "redundant_fam_ids.txt:md5,d41d8cd98f00b204e9800998ecf8427e"
                    ]
                ],
                "similar_ids": [
                    [
                        {
                            "id": "mqc"
                        },
                        "similar_fam_ids.txt:md5,d41d8cd98f00b204e9800998ecf8427e"
                    ]
                ],
                "similarities": [
                    [
                        {
                            "id": "mqc"
                        },
                        "similarities.csv:md5,d41d8cd98f00b204e9800998ecf8427e"
                    ]
                ],
                "versions_pandas": [
                    [
                        "IDENTIFY_REDUNDANT_FAMS",
                        "pandas",
                        "2.3.0"
                    ]
                ],
                "versions_python": [
                    [
                        "IDENTIFY_REDUNDANT_FAMS",
                        "python",
                        "3.13.1"
                    ]
                ]
            }
        ],
        "timestamp": "2026-06-06T16:51:05.497851062",
        "meta": {
            "nf-test": "0.9.5",
            "nextflow": "26.04.3"
        }
    },
    "proteinfamilies - family redundancy": {
        "content": [
            [
                [
                    {
                        "id": "mqc"
                    },
                    "redundant_fam_ids.txt:md5,d54a9f9187d78a1566ec3156b96f2f78"
                ]
            ],
            {
                "versions_pandas": [
                    [
                        "IDENTIFY_REDUNDANT_FAMS",
                        "pandas",
                        "2.3.0"
                    ]
                ],
                "versions_python": [
                    [
                        "IDENTIFY_REDUNDANT_FAMS",
                        "python",
                        "3.13.1"
                    ]
                ]
            }
        ],
        "timestamp": "2026-06-06T16:50:54.714400137",
        "meta": {
            "nf-test": "0.9.5",
            "nextflow": "26.04.3"
        }
    }
}