{
    "proteinfamilies - aln": {
        "content": [
            [
                [
                    {
                        "id": "test_similarities"
                    },
                    "null.fas:md5,19ae8f20eee8455d7f0f8e0a0dcfba93"
                ]
            ],
            {
                "versions_python": [
                    [
                        "MERGE_SEEDS",
                        "python",
                        "3.13.1"
                    ]
                ]
            }
        ],
        "timestamp": "2026-06-06T16:51:16.728666205",
        "meta": {
            "nf-test": "0.9.5",
            "nextflow": "26.04.3"
        }
    },
    "proteinfamilies - aln - stub": {
        "content": [
            {
                "0": [
                    [
                        {
                            "id": "test_similarities"
                        },
                        "null.fas:md5,d41d8cd98f00b204e9800998ecf8427e"
                    ]
                ],
                "1": [
                    [
                        "MERGE_SEEDS",
                        "python",
                        "3.13.1"
                    ]
                ],
                "merged_seed_msa": [
                    [
                        {
                            "id": "test_similarities"
                        },
                        "null.fas:md5,d41d8cd98f00b204e9800998ecf8427e"
                    ]
                ],
                "versions_python": [
                    [
                        "MERGE_SEEDS",
                        "python",
                        "3.13.1"
                    ]
                ]
            }
        ],
        "timestamp": "2026-06-06T16:51:28.415559448",
        "meta": {
            "nf-test": "0.9.5",
            "nextflow": "26.04.3"
        }
    }
}