{
    "proteinfamilies - aln": {
        "content": [
            [
                [
                    {
                        "id": "test_similarities",
                        "merged_id": "1_2"
                    },
                    "1_2.fas:md5,19ae8f20eee8455d7f0f8e0a0dcfba93"
                ]
            ],
            {
                "versions_python": [
                    [
                        "MERGE_SEEDS",
                        "python",
                        "3.13.1"
                    ]
                ]
            }
        ],
        "timestamp": "2026-06-08T10:58:38.9924806",
        "meta": {
            "nf-test": "0.9.5",
            "nextflow": "26.04.3"
        }
    },
    "proteinfamilies - aln - stub": {
        "content": [
            {
                "0": [
                    [
                        {
                            "id": "test_similarities",
                            "merged_id": "1_2"
                        },
                        "1_2.fas:md5,d41d8cd98f00b204e9800998ecf8427e"
                    ]
                ],
                "1": [
                    [
                        {
                            "id": "test_similarities",
                            "merged_id": "1_2"
                        },
                        "1_2_clusters.tsv:md5,d41d8cd98f00b204e9800998ecf8427e"
                    ]
                ],
                "2": [
                    [
                        "MERGE_SEEDS",
                        "python",
                        "3.13.1"
                    ]
                ],
                "clusters": [
                    [
                        {
                            "id": "test_similarities",
                            "merged_id": "1_2"
                        },
                        "1_2_clusters.tsv:md5,d41d8cd98f00b204e9800998ecf8427e"
                    ]
                ],
                "merged_seed_msa": [
                    [
                        {
                            "id": "test_similarities",
                            "merged_id": "1_2"
                        },
                        "1_2.fas:md5,d41d8cd98f00b204e9800998ecf8427e"
                    ]
                ],
                "versions_python": [
                    [
                        "MERGE_SEEDS",
                        "python",
                        "3.13.1"
                    ]
                ]
            }
        ],
        "timestamp": "2026-07-28T12:20:23.961702792",
        "meta": {
            "nf-test": "0.9.5",
            "nextflow": "26.04.4"
        }
    },
    "proteinfamilies - fas.gz - clusters": {
        "content": [
            [
                [
                    {
                        "id": "test_similarities",
                        "merged_id": "gz_test_1_2"
                    },
                    "gz_test_1_2.fas:md5,6719e1c32f6f5eadf8c1af2dd283d53f"
                ]
            ],
            [
                [
                    {
                        "id": "test_similarities",
                        "merged_id": "gz_test_1_2"
                    },
                    "gz_test_1_2_clusters.tsv:md5,4744228793304e035ac6896097bbafae"
                ]
            ]
        ],
        "timestamp": "2026-07-28T12:18:52.718295293",
        "meta": {
            "nf-test": "0.9.5",
            "nextflow": "26.04.4"
        }
    },
    "proteinfamilies - aln - all-gap records dropped": {
        "content": [
            3,
            false,
            false,
            [
                [
                    {
                        "id": "test_similarities",
                        "merged_id": "all_gap_1_2"
                    },
                    "all_gap_1_2.fas:md5,7428156e5c01347fe7c1a1f71245c3f8"
                ]
            ]
        ],
        "timestamp": "2026-07-22T08:50:01.98973476",
        "meta": {
            "nf-test": "0.9.5",
            "nextflow": "26.04.4"
        }
    }
}