{
    "-profile test": {
        "content": [
            89,
            {
                "CALCULATE_CLUSTER_DISTRIBUTION": {
                    "sed": 4.7
                },
                "CHUNK_CLUSTERS": {
                    "python": "3.13.1",
                    "biopython": 1.85
                },
                "CLIPKIT": {
                    "clipkit": "2.4.1"
                },
                "EXTRACT_FAMILY_MEMBERS": {
                    "python": "3.13.1"
                },
                "EXTRACT_FAMILY_REPS": {
                    "python": "3.13.1"
                },
                "FAMSA_ALIGN": {
                    "famsa": "2.4.1-45c9b2b (2025-05-09)"
                },
                "FILTER_NON_REDUNDANT_FASTA": {
                    "python": "3.13.1"
                },
                "FILTER_NON_REDUNDANT_FULL_MSA": {
                    "python": "3.13.1"
                },
                "FILTER_NON_REDUNDANT_HMM": {
                    "python": "3.13.1"
                },
                "FILTER_NON_REDUNDANT_SEED_MSA": {
                    "python": "3.13.1"
                },
                "FILTER_RECRUITED": {
                    "python": "3.13.1",
                    "biopython": 1.85
                },
                "FIND_CONCATENATE_HMMS": {
                    "find": "4.6.0",
                    "pigz": 2.8,
                    "coreutils": 9.4
                },
                "FIND_CONCATENATE_SKIP_IDS": {
                    "find": "4.6.0",
                    "pigz": 2.8,
                    "coreutils": 9.4
                },
                "HMMER_HMMALIGN": {
                    "hmmer": 3.4
                },
                "HMMER_HMMBUILD": {
                    "hmmer": 3.4
                },
                "HMMER_HMMSEARCH": {
                    "hmmer": 3.4
                },
                "IDENTIFY_REDUNDANT_FAMS": {
                    "python": "3.13.1",
                    "pandas": "2.3.0"
                },
                "MMSEQS_CREATEDB": {
                    "mmseqs": "18.8cc5c"
                },
                "MMSEQS_CREATETSV": {
                    "mmseqs": "18.8cc5c"
                },
                "MMSEQS_LINCLUST": {
                    "mmseqs": "18.8cc5c"
                },
                "REMOVE_REDUNDANT_SEQS": {
                    "python": "3.13.1",
                    "biopython": 1.85
                },
                "SEQFU_STATS_AFTER": {
                    "seqfu": "1.22.3"
                },
                "SEQFU_STATS_BEFORE": {
                    "seqfu": "1.22.3"
                },
                "SEQKIT_REPLACE": {
                    "seqkit": "2.9.0"
                },
                "SEQKIT_RMDUP": {
                    "seqkit": "v2.9.0"
                },
                "SEQKIT_SEQ": {
                    "seqkit": "v2.9.0"
                },
                "Workflow": {
                    "nf-core/proteinfamilies": "v2.2.0dev"
                }
            },
            [
                "family_reps",
                "family_reps/mgnifams_test",
                "family_reps/mgnifams_test/mgnifams_test.tsv",
                "family_reps/mgnifams_test/mgnifams_test_meta_mqc.csv",
                "family_reps/mgnifams_test/mgnifams_test_reps.faa",
                "fasta",
                "fasta/non_redundant_sequences_filtered",
                "fasta/non_redundant_sequences_filtered/mgnifams_test",
                "full_msa",
                "full_msa/filtered",
                "full_msa/filtered/famsa_align",
                "full_msa/filtered/famsa_align/mgnifams_test",
                "full_msa/raw",
                "full_msa/raw/hmmer_hmmalign",
                "full_msa/raw/hmmer_hmmalign/mgnifams_test",
                "hmm",
                "hmm/filtered",
                "hmm/filtered/mgnifams_test",
                "hmm/raw",
                "hmm/raw/mgnifams_test",
                "mmseqs",
                "mmseqs/initial_clustering",
                "mmseqs/initial_clustering/mgnifams_test_clustering_distribution_mqc.csv",
                "mmseqs/initial_clustering/mmseqs_createtsv",
                "mmseqs/initial_clustering/mmseqs_createtsv/mgnifams_test.tsv",
                "mmseqs/redundancy_clustering",
                "mmseqs/redundancy_clustering/mmseqs_createtsv",
                "mmseqs/redundancy_clustering/mmseqs_createtsv/mgnifams_test",
                "multiqc",
                "multiqc/multiqc_data",
                "multiqc/multiqc_data/llms-full.txt",
                "multiqc/multiqc_data/multiqc.log",
                "multiqc/multiqc_data/multiqc.parquet",
                "multiqc/multiqc_data/multiqc_citations.txt",
                "multiqc/multiqc_data/multiqc_data.json",
                "multiqc/multiqc_data/multiqc_family_metadata.txt",
                "multiqc/multiqc_data/multiqc_mgnifams_test_after.txt",
                "multiqc/multiqc_data/multiqc_mgnifams_test_before.txt",
                "multiqc/multiqc_data/multiqc_mgnifams_test_cluster_distribution.txt",
                "multiqc/multiqc_data/multiqc_software_versions.txt",
                "multiqc/multiqc_data/multiqc_sources.txt",
                "multiqc/multiqc_plots",
                "multiqc/multiqc_plots/pdf",
                "multiqc/multiqc_plots/pdf/family_metadata.pdf",
                "multiqc/multiqc_plots/pdf/mgnifams_test_after.pdf",
                "multiqc/multiqc_plots/pdf/mgnifams_test_before.pdf",
                "multiqc/multiqc_plots/pdf/mgnifams_test_cluster_distribution.pdf",
                "multiqc/multiqc_plots/png",
                "multiqc/multiqc_plots/png/family_metadata.png",
                "multiqc/multiqc_plots/png/mgnifams_test_after.png",
                "multiqc/multiqc_plots/png/mgnifams_test_before.png",
                "multiqc/multiqc_plots/png/mgnifams_test_cluster_distribution.png",
                "multiqc/multiqc_plots/svg",
                "multiqc/multiqc_plots/svg/family_metadata.svg",
                "multiqc/multiqc_plots/svg/mgnifams_test_after.svg",
                "multiqc/multiqc_plots/svg/mgnifams_test_before.svg",
                "multiqc/multiqc_plots/svg/mgnifams_test_cluster_distribution.svg",
                "multiqc/multiqc_report.html",
                "pipeline_info",
                "pipeline_info/nf_core_proteinfamilies_software_mqc_versions.yml",
                "proteinfold",
                "proteinfold/mgnifams_test",
                "proteinfold/mgnifams_test/mgnifams_test_reps.faa",
                "proteinfold/samplesheet.csv",
                "qc",
                "qc/mgnifams_test",
                "qc/mgnifams_test/mgnifams_test.fasta",
                "qc/mgnifams_test/mgnifams_test.log",
                "qc/mgnifams_test/mgnifams_test_after.tsv",
                "qc/mgnifams_test/mgnifams_test_after_mqc.txt",
                "qc/mgnifams_test/mgnifams_test_before.tsv",
                "qc/mgnifams_test/mgnifams_test_before_mqc.txt",
                "remove_redundancy",
                "remove_redundancy/mgnifams_test",
                "remove_redundancy/mgnifams_test/redundant_fam_ids.txt",
                "remove_redundancy/mgnifams_test/similar_fam_ids.txt",
                "seed_msa",
                "seed_msa/filtered",
                "seed_msa/filtered/mgnifams_test",
                "seed_msa/raw",
                "seed_msa/raw/clipkit",
                "seed_msa/raw/clipkit/mgnifams_test",
                "seed_msa/raw/famsa_align",
                "seed_msa/raw/famsa_align/mgnifams_test"
            ],
            [
                "multiqc_citations.txt:md5,4c806e63a283ec1b7e78cdae3a923d4f",
                "multiqc_mgnifams_test_after.txt:md5,908666b17d5a31b706ad82b71683ad33",
                "multiqc_mgnifams_test_before.txt:md5,7f975cad14f7dbd4769083e22cc05a83",
                "multiqc_mgnifams_test_cluster_distribution.txt:md5,9f310a12f74e4e64764f5831e5f8b02c",
                "mgnifams_test.log:md5,a41135cfe024baaf42f135583fe73f0d",
                "mgnifams_test_before.tsv:md5,eb88faa675b2d0c6a9ebbff1aecb33a3",
                "mgnifams_test_before_mqc.txt:md5,45de3e3c31c354347494309581b9ad2a",
                "similar_fam_ids.txt:md5,d41d8cd98f00b204e9800998ecf8427e"
            ],
            "/hmm/filtered/mgnifams_test: 5",
            "/seed_msa/filtered/mgnifams_test: 5",
            "/full_msa/filtered/famsa_align/mgnifams_test: 5",
            "/fasta/non_redundant_sequences_filtered/mgnifams_test: 5"
        ],
        "meta": {
            "nf-test": "0.9.3",
            "nextflow": "25.10.0"
        },
        "timestamp": "2025-11-25T10:52:31.373140337"
    }
}