{
    "-profile test_mgnifam": {
        "content": [
            76,
            {
                "CALCULATE_CLUSTER_DISTRIBUTION": {
                    "sed": 4.7
                },
                "CHUNK_CLUSTERS": {
                    "biopython": 1.85,
                    "python": "3.13.1"
                },
                "EXTRACT_FAMILY_MEMBERS": {
                    "python": "3.13.1"
                },
                "EXTRACT_FAMILY_REPS": {
                    "python": "3.13.1"
                },
                "FAMSA_ALIGN": {
                    "famsa": "2.4.1-45c9b2b"
                },
                "FILTER_NON_REDUNDANT_FASTA": {
                    "python": "3.13.1"
                },
                "FILTER_NON_REDUNDANT_FULL_MSA": {
                    "python": "3.13.1"
                },
                "FILTER_NON_REDUNDANT_HMM": {
                    "python": "3.13.1"
                },
                "FILTER_NON_REDUNDANT_SEED_MSA": {
                    "python": "3.13.1"
                },
                "FIND_CONCATENATE_HMMS": {
                    "coreutils": 9.4,
                    "find": "4.6.0",
                    "pigz": 2.8
                },
                "FIND_CONCATENATE_HMM_LIBRARY": {
                    "coreutils": 9.4,
                    "find": "4.6.0",
                    "pigz": 2.8
                },
                "FIND_CONCATENATE_SKIP_IDS": {
                    "coreutils": 9.4,
                    "find": "4.6.0",
                    "pigz": 2.8
                },
                "HHSUITE_REFORMAT_FULL": {
                    "hhsuite": "3.3.0"
                },
                "HHSUITE_REFORMAT_SEED": {
                    "hhsuite": "3.3.0"
                },
                "HMMER_ESLSFETCHINDEX": {
                    "coreutils": 9.5,
                    "easel": 0.49,
                    "hmmer": 3.4
                },
                "HMMER_HMMSEARCH": {
                    "hmmer": 3.4
                },
                "IDENTIFY_REDUNDANT_FAMS": {
                    "pandas": "2.3.0",
                    "python": "3.13.1"
                },
                "MERGE_SEEDS": {
                    "python": "3.13.1"
                },
                "MGNIFAM_GENERATEFAMILIES": {
                    "mgnifam": "4.0.0"
                },
                "MMSEQS_CREATEDB": {
                    "mmseqs": "18.8cc5c"
                },
                "MMSEQS_CREATETSV": {
                    "mmseqs": "18.8cc5c"
                },
                "MMSEQS_LINCLUST": {
                    "mmseqs": "18.8cc5c"
                },
                "POOL_SIMILAR_COMPONENTS": {
                    "networkx": 3.5,
                    "pandas": "2.3.3",
                    "python": "3.13.1"
                },
                "REMOVE_REDUNDANT_SEQS": {
                    "biopython": 1.85,
                    "python": "3.13.1"
                },
                "SEQFU_STATS_AFTER": {
                    "seqfu": "1.22.3"
                },
                "SEQFU_STATS_BEFORE": {
                    "seqfu": "1.22.3"
                },
                "SEQKIT_REPLACE": {
                    "seqkit": "2.13.0"
                },
                "SEQKIT_RMDUP": {
                    "seqkit": "2.13.0"
                },
                "SEQKIT_SEQ": {
                    "seqkit": "2.13.0"
                },
                "SEQKIT_SEQ_ITERATIVE_MSA_TO_FASTA": {
                    "seqkit": "2.13.0"
                },
                "TAR_FULL_MSAS": {
                    "tar": 1.34
                },
                "TAR_HMMS": {
                    "tar": 1.34
                },
                "TAR_SEED_MSAS": {
                    "tar": 1.34
                },
                "Workflow": {
                    "nf-core/proteinfamilies": "v3.0.0dev"
                }
            },
            [
                "archives",
                "archives/mgnifams_test",
                "archives/mgnifams_test/mgnifams_test_full_msas.tar.gz",
                "archives/mgnifams_test/mgnifams_test_hmms.tar.gz",
                "archives/mgnifams_test/mgnifams_test_seed_msas.tar.gz",
                "family_reps",
                "family_reps/mgnifams_test",
                "family_reps/mgnifams_test/mgnifams_test.tsv",
                "family_reps/mgnifams_test/mgnifams_test_meta_mqc.csv",
                "family_reps/mgnifams_test/mgnifams_test_reps.faa",
                "fasta",
                "fasta/non_redundant_sequences_filtered",
                "fasta/non_redundant_sequences_filtered/mgnifams_test",
                "fasta/non_redundant_sequences_filtered/mgnifams_test/mgnifams_test_1_1.faa",
                "fasta/non_redundant_sequences_filtered/mgnifams_test/mgnifams_test_1_2.faa",
                "fasta/non_redundant_sequences_filtered/mgnifams_test/mgnifams_test_2_1.faa",
                "fasta/non_redundant_sequences_filtered/mgnifams_test/mgnifams_test_3_1.faa",
                "full_msa",
                "full_msa/filtered",
                "full_msa/filtered/famsa_align",
                "full_msa/filtered/famsa_align/mgnifams_test",
                "full_msa/filtered/famsa_align/mgnifams_test/mgnifams_test_1_1.aln",
                "full_msa/filtered/famsa_align/mgnifams_test/mgnifams_test_1_2.aln",
                "full_msa/filtered/famsa_align/mgnifams_test/mgnifams_test_2_1.aln",
                "full_msa/filtered/famsa_align/mgnifams_test/mgnifams_test_3_1.aln",
                "full_msa/raw",
                "full_msa/raw/mgnifam",
                "full_msa/raw/mgnifam/mgnifams_test",
                "full_msa/raw/mgnifam/mgnifams_test/mgnifams_test_1_1.sto.gz",
                "full_msa/raw/mgnifam/mgnifams_test/mgnifams_test_1_2.sto.gz",
                "full_msa/raw/mgnifam/mgnifams_test/mgnifams_test_2_1.sto.gz",
                "full_msa/raw/mgnifam/mgnifams_test/mgnifams_test_2_2.sto.gz",
                "full_msa/raw/mgnifam/mgnifams_test/mgnifams_test_3_1.sto.gz",
                "full_msa/raw/mgnifam/mgnifams_test/mgnifams_test_3_2.sto.gz",
                "full_msa/raw/mgnifam/mgnifams_test/mgnifams_test_4_1.sto.gz",
                "generate_families_iteratively",
                "generate_families_iteratively/mgnifams_test",
                "generate_families_iteratively/mgnifams_test/mgnifams_test_1",
                "generate_families_iteratively/mgnifams_test/mgnifams_test_1/mgnifams_test_1.log",
                "generate_families_iteratively/mgnifams_test/mgnifams_test_1/mgnifams_test_1_converged.txt",
                "generate_families_iteratively/mgnifams_test/mgnifams_test_1/mgnifams_test_1_discarded.csv",
                "generate_families_iteratively/mgnifams_test/mgnifams_test_1/mgnifams_test_1_families.tsv",
                "generate_families_iteratively/mgnifams_test/mgnifams_test_1/mgnifams_test_1_metadata.csv",
                "generate_families_iteratively/mgnifams_test/mgnifams_test_1/mgnifams_test_1_mgnifam_stats.json",
                "generate_families_iteratively/mgnifams_test/mgnifams_test_1/mgnifams_test_1_reps.fasta.gz",
                "generate_families_iteratively/mgnifams_test/mgnifams_test_1/mgnifams_test_1_successful.txt",
                "generate_families_iteratively/mgnifams_test/mgnifams_test_1/rf",
                "generate_families_iteratively/mgnifams_test/mgnifams_test_1/rf/mgnifams_test_1_1.txt",
                "generate_families_iteratively/mgnifams_test/mgnifams_test_1/rf/mgnifams_test_1_2.txt",
                "generate_families_iteratively/mgnifams_test/mgnifams_test_2",
                "generate_families_iteratively/mgnifams_test/mgnifams_test_2/mgnifams_test_2.log",
                "generate_families_iteratively/mgnifams_test/mgnifams_test_2/mgnifams_test_2_converged.txt",
                "generate_families_iteratively/mgnifams_test/mgnifams_test_2/mgnifams_test_2_discarded.csv",
                "generate_families_iteratively/mgnifams_test/mgnifams_test_2/mgnifams_test_2_families.tsv",
                "generate_families_iteratively/mgnifams_test/mgnifams_test_2/mgnifams_test_2_metadata.csv",
                "generate_families_iteratively/mgnifams_test/mgnifams_test_2/mgnifams_test_2_mgnifam_stats.json",
                "generate_families_iteratively/mgnifams_test/mgnifams_test_2/mgnifams_test_2_reps.fasta.gz",
                "generate_families_iteratively/mgnifams_test/mgnifams_test_2/mgnifams_test_2_successful.txt",
                "generate_families_iteratively/mgnifams_test/mgnifams_test_2/rf",
                "generate_families_iteratively/mgnifams_test/mgnifams_test_2/rf/mgnifams_test_2_1.txt",
                "generate_families_iteratively/mgnifams_test/mgnifams_test_2/rf/mgnifams_test_2_2.txt",
                "generate_families_iteratively/mgnifams_test/mgnifams_test_3",
                "generate_families_iteratively/mgnifams_test/mgnifams_test_3/mgnifams_test_3.log",
                "generate_families_iteratively/mgnifams_test/mgnifams_test_3/mgnifams_test_3_converged.txt",
                "generate_families_iteratively/mgnifams_test/mgnifams_test_3/mgnifams_test_3_discarded.csv",
                "generate_families_iteratively/mgnifams_test/mgnifams_test_3/mgnifams_test_3_families.tsv",
                "generate_families_iteratively/mgnifams_test/mgnifams_test_3/mgnifams_test_3_metadata.csv",
                "generate_families_iteratively/mgnifams_test/mgnifams_test_3/mgnifams_test_3_mgnifam_stats.json",
                "generate_families_iteratively/mgnifams_test/mgnifams_test_3/mgnifams_test_3_reps.fasta.gz",
                "generate_families_iteratively/mgnifams_test/mgnifams_test_3/mgnifams_test_3_successful.txt",
                "generate_families_iteratively/mgnifams_test/mgnifams_test_3/rf",
                "generate_families_iteratively/mgnifams_test/mgnifams_test_3/rf/mgnifams_test_3_1.txt",
                "generate_families_iteratively/mgnifams_test/mgnifams_test_3/rf/mgnifams_test_3_2.txt",
                "generate_families_iteratively/mgnifams_test/mgnifams_test_4",
                "generate_families_iteratively/mgnifams_test/mgnifams_test_4/mgnifams_test_4.log",
                "generate_families_iteratively/mgnifams_test/mgnifams_test_4/mgnifams_test_4_converged.txt",
                "generate_families_iteratively/mgnifams_test/mgnifams_test_4/mgnifams_test_4_discarded.csv",
                "generate_families_iteratively/mgnifams_test/mgnifams_test_4/mgnifams_test_4_families.tsv",
                "generate_families_iteratively/mgnifams_test/mgnifams_test_4/mgnifams_test_4_metadata.csv",
                "generate_families_iteratively/mgnifams_test/mgnifams_test_4/mgnifams_test_4_mgnifam_stats.json",
                "generate_families_iteratively/mgnifams_test/mgnifams_test_4/mgnifams_test_4_reps.fasta.gz",
                "generate_families_iteratively/mgnifams_test/mgnifams_test_4/mgnifams_test_4_successful.txt",
                "generate_families_iteratively/mgnifams_test/mgnifams_test_4/rf",
                "generate_families_iteratively/mgnifams_test/mgnifams_test_4/rf/mgnifams_test_4_1.txt",
                "hmm",
                "hmm/filtered",
                "hmm/filtered/mgnifams_test",
                "hmm/filtered/mgnifams_test/mgnifams_test_1_1.hmm.gz",
                "hmm/filtered/mgnifams_test/mgnifams_test_1_2.hmm.gz",
                "hmm/filtered/mgnifams_test/mgnifams_test_2_1.hmm.gz",
                "hmm/filtered/mgnifams_test/mgnifams_test_3_1.hmm.gz",
                "hmm/library",
                "hmm/library/mgnifams_test.lib.gz",
                "hmm/raw",
                "hmm/raw/mgnifam",
                "hmm/raw/mgnifam/mgnifams_test",
                "hmm/raw/mgnifam/mgnifams_test/mgnifams_test_1_1.hmm.gz",
                "hmm/raw/mgnifam/mgnifams_test/mgnifams_test_1_2.hmm.gz",
                "hmm/raw/mgnifam/mgnifams_test/mgnifams_test_2_1.hmm.gz",
                "hmm/raw/mgnifam/mgnifams_test/mgnifams_test_2_2.hmm.gz",
                "hmm/raw/mgnifam/mgnifams_test/mgnifams_test_3_1.hmm.gz",
                "hmm/raw/mgnifam/mgnifams_test/mgnifams_test_3_2.hmm.gz",
                "hmm/raw/mgnifam/mgnifams_test/mgnifams_test_4_1.hmm.gz",
                "mmseqs",
                "mmseqs/initial_clustering",
                "mmseqs/initial_clustering/mgnifams_test_clustering_distribution_mqc.csv",
                "mmseqs/initial_clustering/mmseqs_createtsv",
                "mmseqs/initial_clustering/mmseqs_createtsv/mgnifams_test.tsv",
                "mmseqs/redundancy_clustering",
                "mmseqs/redundancy_clustering/mmseqs_createtsv",
                "mmseqs/redundancy_clustering/mmseqs_createtsv/mgnifams_test",
                "mmseqs/redundancy_clustering/mmseqs_createtsv/mgnifams_test/mgnifams_test_1_1.tsv",
                "mmseqs/redundancy_clustering/mmseqs_createtsv/mgnifams_test/mgnifams_test_1_2.tsv",
                "mmseqs/redundancy_clustering/mmseqs_createtsv/mgnifams_test/mgnifams_test_2_1.tsv",
                "mmseqs/redundancy_clustering/mmseqs_createtsv/mgnifams_test/mgnifams_test_3_1.tsv",
                "multiqc",
                "multiqc/multiqc_data",
                "multiqc/multiqc_data/llms-full.txt",
                "multiqc/multiqc_data/multiqc.log",
                "multiqc/multiqc_data/multiqc.parquet",
                "multiqc/multiqc_data/multiqc_citations.txt",
                "multiqc/multiqc_data/multiqc_data.json",
                "multiqc/multiqc_data/multiqc_family_metadata.txt",
                "multiqc/multiqc_data/multiqc_mgnifams_test_after.txt",
                "multiqc/multiqc_data/multiqc_mgnifams_test_before.txt",
                "multiqc/multiqc_data/multiqc_mgnifams_test_cluster_distribution.txt",
                "multiqc/multiqc_data/multiqc_software_versions.txt",
                "multiqc/multiqc_data/multiqc_sources.txt",
                "multiqc/multiqc_plots",
                "multiqc/multiqc_plots/pdf",
                "multiqc/multiqc_plots/pdf/family_metadata.pdf",
                "multiqc/multiqc_plots/pdf/mgnifams_test_after.pdf",
                "multiqc/multiqc_plots/pdf/mgnifams_test_before.pdf",
                "multiqc/multiqc_plots/pdf/mgnifams_test_cluster_distribution.pdf",
                "multiqc/multiqc_plots/png",
                "multiqc/multiqc_plots/png/family_metadata.png",
                "multiqc/multiqc_plots/png/mgnifams_test_after.png",
                "multiqc/multiqc_plots/png/mgnifams_test_before.png",
                "multiqc/multiqc_plots/png/mgnifams_test_cluster_distribution.png",
                "multiqc/multiqc_plots/svg",
                "multiqc/multiqc_plots/svg/family_metadata.svg",
                "multiqc/multiqc_plots/svg/mgnifams_test_after.svg",
                "multiqc/multiqc_plots/svg/mgnifams_test_before.svg",
                "multiqc/multiqc_plots/svg/mgnifams_test_cluster_distribution.svg",
                "multiqc/multiqc_report.html",
                "pipeline_info",
                "pipeline_info/nf_core_proteinfamilies_software_mqc_versions.yml",
                "proteinannotator",
                "proteinannotator/mgnifams_test",
                "proteinannotator/mgnifams_test/mgnifams_test_reps.faa",
                "proteinannotator/samplesheet.csv",
                "proteinfold",
                "proteinfold/mgnifams_test",
                "proteinfold/mgnifams_test/mgnifams_test_reps.faa",
                "proteinfold/samplesheet.csv",
                "qc",
                "qc/mgnifams_test",
                "qc/mgnifams_test/mgnifams_test.fasta",
                "qc/mgnifams_test/mgnifams_test.log",
                "qc/mgnifams_test/mgnifams_test_after.tsv",
                "qc/mgnifams_test/mgnifams_test_after_mqc.txt",
                "qc/mgnifams_test/mgnifams_test_before.tsv",
                "qc/mgnifams_test/mgnifams_test_before_mqc.txt",
                "remove_redundancy",
                "remove_redundancy/merge_families",
                "remove_redundancy/merge_families/full_msa",
                "remove_redundancy/merge_families/full_msa/raw",
                "remove_redundancy/merge_families/full_msa/raw/mgnifam",
                "remove_redundancy/merge_families/generate_families_iteratively",
                "remove_redundancy/merge_families/generate_families_iteratively/mgnifams_test",
                "remove_redundancy/merge_families/generate_families_iteratively/mgnifams_test/mgnifams_test_2_2_4_1",
                "remove_redundancy/merge_families/generate_families_iteratively/mgnifams_test/mgnifams_test_2_2_4_1/mgnifams_test_2_2_4_1.log",
                "remove_redundancy/merge_families/generate_families_iteratively/mgnifams_test/mgnifams_test_2_2_4_1/mgnifams_test_2_2_4_1_converged.txt",
                "remove_redundancy/merge_families/generate_families_iteratively/mgnifams_test/mgnifams_test_2_2_4_1/mgnifams_test_2_2_4_1_discarded.csv",
                "remove_redundancy/merge_families/generate_families_iteratively/mgnifams_test/mgnifams_test_2_2_4_1/mgnifams_test_2_2_4_1_families.tsv",
                "remove_redundancy/merge_families/generate_families_iteratively/mgnifams_test/mgnifams_test_2_2_4_1/mgnifams_test_2_2_4_1_metadata.csv",
                "remove_redundancy/merge_families/generate_families_iteratively/mgnifams_test/mgnifams_test_2_2_4_1/mgnifams_test_2_2_4_1_mgnifam_stats.json",
                "remove_redundancy/merge_families/generate_families_iteratively/mgnifams_test/mgnifams_test_2_2_4_1/mgnifams_test_2_2_4_1_reps.fasta.gz",
                "remove_redundancy/merge_families/generate_families_iteratively/mgnifams_test/mgnifams_test_2_2_4_1/mgnifams_test_2_2_4_1_successful.txt",
                "remove_redundancy/merge_families/hmm",
                "remove_redundancy/merge_families/hmm/raw",
                "remove_redundancy/merge_families/hmm/raw/mgnifam",
                "remove_redundancy/merge_families/mgnifams_test",
                "remove_redundancy/merge_families/mgnifams_test/pooled_components.txt",
                "remove_redundancy/merged_families",
                "remove_redundancy/merged_families/mgnifams_test_merged_families.tsv",
                "remove_redundancy/mgnifams_test",
                "remove_redundancy/mgnifams_test/redundant_fam_ids.txt",
                "remove_redundancy/mgnifams_test/similar_fam_ids.txt",
                "remove_redundancy/mgnifams_test/similarities.csv",
                "seed_msa",
                "seed_msa/filtered",
                "seed_msa/filtered/mgnifams_test",
                "seed_msa/filtered/mgnifams_test/mgnifams_test_1_1.fas.gz",
                "seed_msa/filtered/mgnifams_test/mgnifams_test_1_2.fas.gz",
                "seed_msa/filtered/mgnifams_test/mgnifams_test_2_1.fas.gz",
                "seed_msa/filtered/mgnifams_test/mgnifams_test_3_1.fas.gz",
                "seed_msa/raw",
                "seed_msa/raw/mgnifam",
                "seed_msa/raw/mgnifam/mgnifams_test",
                "seed_msa/raw/mgnifam/mgnifams_test/mgnifams_test_1_1.fas.gz",
                "seed_msa/raw/mgnifam/mgnifams_test/mgnifams_test_1_2.fas.gz",
                "seed_msa/raw/mgnifam/mgnifams_test/mgnifams_test_2_1.fas.gz",
                "seed_msa/raw/mgnifam/mgnifams_test/mgnifams_test_2_2.fas.gz",
                "seed_msa/raw/mgnifam/mgnifams_test/mgnifams_test_3_1.fas.gz",
                "seed_msa/raw/mgnifam/mgnifams_test/mgnifams_test_3_2.fas.gz",
                "seed_msa/raw/mgnifam/mgnifams_test/mgnifams_test_4_1.fas.gz"
            ],
            [
                "mgnifams_test.tsv:md5,16b884d88f5c3d7aa48463c00b30314a",
                "mgnifams_test_meta_mqc.csv:md5,5e841d3e900ea3778073c2cc91588040",
                "mgnifams_test_reps.faa:md5,a5ce4ea1bc14c6a0086acc844d7d95d5",
                "mgnifams_test_1_1.faa:md5,344deaca6d07e1010a1d96ff432733a7",
                "mgnifams_test_1_2.faa:md5,8084af050a3fe3fe1c160facccbcedbd",
                "mgnifams_test_2_1.faa:md5,13f736e39bfc6600903f4ba142e7cfb1",
                "mgnifams_test_3_1.faa:md5,6a195f994c6eb4a315cc58d3f323a238",
                "mgnifams_test_1_1.aln:md5,9ddeee85137825428a278d49ae556ccf",
                "mgnifams_test_1_2.aln:md5,6bc51b243ff839d2deb3b9a65516e821",
                "mgnifams_test_2_1.aln:md5,86ebb1dc7153276a9868f0ecebcce46c",
                "mgnifams_test_3_1.aln:md5,12ccee5ff72bfc1967302052bdf7a8ad",
                "mgnifams_test_1_1.sto.gz:md5,080b2274c45707fb065a17dd213583d5",
                "mgnifams_test_1_2.sto.gz:md5,9283c00af8a2bb4d955ac6d8dfcde7ab",
                "mgnifams_test_2_1.sto.gz:md5,e7c1cb1465fb12b7a92329dc15b8b63c",
                "mgnifams_test_2_2.sto.gz:md5,40aad981460c96557f40bcfa07259730",
                "mgnifams_test_3_1.sto.gz:md5,d7299b511dfd35a986ecfd58f3ea5097",
                "mgnifams_test_3_2.sto.gz:md5,9c1f1454961fad4b877b09769ef1133e",
                "mgnifams_test_4_1.sto.gz:md5,27fc245f67b4dbf30fb2c1aa553b8676",
                "mgnifams_test_1_converged.txt:md5,6ddb4095eb719e2a9f0a3f95677d24e0",
                "mgnifams_test_1_discarded.csv:md5,f0c7145bc4a8f8c013e1baaf3c0ab593",
                "mgnifams_test_1_families.tsv:md5,c237ac9b69a81886f1d484cf41ea6107",
                "mgnifams_test_1_metadata.csv:md5,aca64adee09c4462b85944451c9cf716",
                "mgnifams_test_1_mgnifam_stats.json:md5,2c570b31bea0cdec5960a132908820de",
                "mgnifams_test_1_reps.fasta.gz:md5,26e0b11e7c92a4618052abf1d84fe677",
                "mgnifams_test_1_successful.txt:md5,146b8ec88755deff3bea84550136e380",
                "mgnifams_test_1_1.txt:md5,f8223004b95aefcd56a5649de586d98b",
                "mgnifams_test_1_2.txt:md5,512898fcb23f0a593ad5d8e83a7519fc",
                "mgnifams_test_2_converged.txt:md5,26ab0db90d72e28ad0ba1e22ee510510",
                "mgnifams_test_2_discarded.csv:md5,f0c7145bc4a8f8c013e1baaf3c0ab593",
                "mgnifams_test_2_families.tsv:md5,76367c4c178b2429a0e0488d1026043a",
                "mgnifams_test_2_metadata.csv:md5,0dba48655a77b5eb8fa7c16b1e15d3e3",
                "mgnifams_test_2_mgnifam_stats.json:md5,db7e5b6c265b2c3b0f660a0986fd677e",
                "mgnifams_test_2_reps.fasta.gz:md5,605d3242f594221978a07b1496086fbd",
                "mgnifams_test_2_successful.txt:md5,5adfd70631bad8bbe96746a9ccc2f63c",
                "mgnifams_test_2_1.txt:md5,f604270428cddfd5bf542b642b5f316d",
                "mgnifams_test_2_2.txt:md5,dfc9383549531da270d78ba6d98df14d",
                "mgnifams_test_3_converged.txt:md5,b026324c6904b2a9cb4b88d6d61c81d1",
                "mgnifams_test_3_discarded.csv:md5,f0c7145bc4a8f8c013e1baaf3c0ab593",
                "mgnifams_test_3_families.tsv:md5,bd61983683c68398ef84f2f8579e1cc2",
                "mgnifams_test_3_metadata.csv:md5,65aa21f4632bb93753ed70b6dd29dda0",
                "mgnifams_test_3_mgnifam_stats.json:md5,ebf4c893caa8221902edc6cb2058d84b",
                "mgnifams_test_3_reps.fasta.gz:md5,243fdb27f6fdb0362444418e3e61b2e9",
                "mgnifams_test_3_successful.txt:md5,7995f4c2b5d77e902884db7dde68c4b6",
                "mgnifams_test_3_1.txt:md5,2a94ea5e2f8744c87c81f2643320f7f1",
                "mgnifams_test_3_2.txt:md5,5c50c2b316dd413b3c3921f1bab84b8c",
                "mgnifams_test_4_converged.txt:md5,d41d8cd98f00b204e9800998ecf8427e",
                "mgnifams_test_4_discarded.csv:md5,f0c7145bc4a8f8c013e1baaf3c0ab593",
                "mgnifams_test_4_families.tsv:md5,2d77c14baa3998c5d0d318f51d893a30",
                "mgnifams_test_4_metadata.csv:md5,c28d862213a660550ec34bbe0c3b75bd",
                "mgnifams_test_4_mgnifam_stats.json:md5,0a433faa3a41d99478458ae3df5d853e",
                "mgnifams_test_4_reps.fasta.gz:md5,2e3bfa1cad567cf2ce6d45f50ed5dc20",
                "mgnifams_test_4_successful.txt:md5,54d4bb20a2577ecfd2017b53e6fb9c95",
                "mgnifams_test_4_1.txt:md5,ef30b7a28ba8afd1ee350a6712140657",
                "multiqc_citations.txt:md5,4c806e63a283ec1b7e78cdae3a923d4f",
                "multiqc_mgnifams_test_after.txt:md5,908666b17d5a31b706ad82b71683ad33",
                "multiqc_mgnifams_test_before.txt:md5,7f975cad14f7dbd4769083e22cc05a83",
                "multiqc_mgnifams_test_cluster_distribution.txt:md5,9f310a12f74e4e64764f5831e5f8b02c",
                "mgnifams_test_reps.faa:md5,a5ce4ea1bc14c6a0086acc844d7d95d5",
                "mgnifams_test_reps.faa:md5,a5ce4ea1bc14c6a0086acc844d7d95d5",
                "mgnifams_test.log:md5,a41135cfe024baaf42f135583fe73f0d",
                "mgnifams_test_before.tsv:md5,eb88faa675b2d0c6a9ebbff1aecb33a3",
                "mgnifams_test_before_mqc.txt:md5,45de3e3c31c354347494309581b9ad2a",
                "mgnifams_test_2_2_4_1_converged.txt:md5,d41d8cd98f00b204e9800998ecf8427e",
                "mgnifams_test_2_2_4_1_discarded.csv:md5,263b4267bba56d2bc06e6bdf1c29504f",
                "mgnifams_test_2_2_4_1_families.tsv:md5,d41d8cd98f00b204e9800998ecf8427e",
                "mgnifams_test_2_2_4_1_metadata.csv:md5,a647ab784ebeaf3f088b67ae6661e0c1",
                "mgnifams_test_2_2_4_1_mgnifam_stats.json:md5,4219158bee3edec9cf23d68e9337b03d",
                "mgnifams_test_2_2_4_1_reps.fasta.gz:md5,d41d8cd98f00b204e9800998ecf8427e",
                "mgnifams_test_2_2_4_1_successful.txt:md5,d41d8cd98f00b204e9800998ecf8427e",
                "pooled_components.txt:md5,b12ee8db1dc04246360eaad3848b675c",
                "mgnifams_test_merged_families.tsv:md5,3a802c12671535196717555160788709",
                "redundant_fam_ids.txt:md5,444cadb003e2ce4d974563ba7af49606",
                "similar_fam_ids.txt:md5,a3cc7ed9bdb6bc8718523e029295e0cb",
                "similarities.csv:md5,ec9af5bc0997d84591a271f621ae12a7",
                "mgnifams_test_1_1.fas.gz:md5,ca09bfd45b73913d64014f3d0c6f73b2",
                "mgnifams_test_1_2.fas.gz:md5,f3a3125b271c472a050da64324486aba",
                "mgnifams_test_2_1.fas.gz:md5,d76a600dda93896c2b2b1395ae1ef9e7",
                "mgnifams_test_3_1.fas.gz:md5,b0cdd5e31cf77b5fa61f54331605e307",
                "mgnifams_test_1_1.fas.gz:md5,ca09bfd45b73913d64014f3d0c6f73b2",
                "mgnifams_test_1_2.fas.gz:md5,f3a3125b271c472a050da64324486aba",
                "mgnifams_test_2_1.fas.gz:md5,d76a600dda93896c2b2b1395ae1ef9e7",
                "mgnifams_test_2_2.fas.gz:md5,464d9dea109821a13cce5bf23bb4ab34",
                "mgnifams_test_3_1.fas.gz:md5,b0cdd5e31cf77b5fa61f54331605e307",
                "mgnifams_test_3_2.fas.gz:md5,45181c3d0182e3e35c9d6440f2427a45",
                "mgnifams_test_4_1.fas.gz:md5,337772ef311687afe5642e6c7e5d2631"
            ],
            [
                "mgnifams_test_full_msas.tar.gz: mgnifams_test_1_1.aln, mgnifams_test_1_2.aln, mgnifams_test_2_1.aln, mgnifams_test_3_1.aln",
                "mgnifams_test_hmms.tar.gz: mgnifams_test_1_1.hmm.gz, mgnifams_test_1_2.hmm.gz, mgnifams_test_2_1.hmm.gz, mgnifams_test_3_1.hmm.gz",
                "mgnifams_test_seed_msas.tar.gz: mgnifams_test_1_1.fas.gz, mgnifams_test_1_2.fas.gz, mgnifams_test_2_1.fas.gz, mgnifams_test_3_1.fas.gz"
            ]
        ],
        "timestamp": "2026-10-05T17:38:45.633243144",
        "meta": {
            "nf-test": "0.9.5",
            "nextflow": "26.04.6"
        }
    }
}