{
    "-profile test_mgnifam": {
        "content": [
            76,
            {
                "CALCULATE_CLUSTER_DISTRIBUTION": {
                    "sed": 4.7
                },
                "CHUNK_CLUSTERS": {
                    "biopython": 1.85,
                    "python": "3.13.1"
                },
                "EXTRACT_FAMILY_MEMBERS": {
                    "python": "3.13.1"
                },
                "EXTRACT_FAMILY_REPS": {
                    "python": "3.13.1"
                },
                "FAMSA_ALIGN": {
                    "famsa": "2.4.1-45c9b2b"
                },
                "FILTER_NON_REDUNDANT_FASTA": {
                    "python": "3.13.1"
                },
                "FILTER_NON_REDUNDANT_FULL_MSA": {
                    "python": "3.13.1"
                },
                "FILTER_NON_REDUNDANT_HMM": {
                    "python": "3.13.1"
                },
                "FILTER_NON_REDUNDANT_SEED_MSA": {
                    "python": "3.13.1"
                },
                "FIND_CONCATENATE_HMMS": {
                    "coreutils": 9.4,
                    "find": "4.6.0",
                    "pigz": 2.8
                },
                "FIND_CONCATENATE_HMM_LIBRARY": {
                    "coreutils": 9.4,
                    "find": "4.6.0",
                    "pigz": 2.8
                },
                "FIND_CONCATENATE_SKIP_IDS": {
                    "coreutils": 9.4,
                    "find": "4.6.0",
                    "pigz": 2.8
                },
                "HHSUITE_REFORMAT_FULL": {
                    "hhsuite": "3.3.0"
                },
                "HHSUITE_REFORMAT_SEED": {
                    "hhsuite": "3.3.0"
                },
                "HMMER_ESLSFETCHINDEX": {
                    "coreutils": 9.5,
                    "easel": 0.49,
                    "hmmer": 3.4
                },
                "HMMER_HMMSEARCH": {
                    "hmmer": 3.4
                },
                "IDENTIFY_REDUNDANT_FAMS": {
                    "pandas": "2.3.0",
                    "python": "3.13.1"
                },
                "MERGE_SEEDS": {
                    "python": "3.13.1"
                },
                "MGNIFAM_GENERATEFAMILIES": {
                    "mgnifam": "4.0.0"
                },
                "MMSEQS_CREATEDB": {
                    "mmseqs": "18.8cc5c"
                },
                "MMSEQS_CREATETSV": {
                    "mmseqs": "18.8cc5c"
                },
                "MMSEQS_LINCLUST": {
                    "mmseqs": "18.8cc5c"
                },
                "POOL_SIMILAR_COMPONENTS": {
                    "networkx": 3.5,
                    "pandas": "2.3.3",
                    "python": "3.13.1"
                },
                "REMOVE_REDUNDANT_SEQS": {
                    "biopython": 1.85,
                    "python": "3.13.1"
                },
                "SEQFU_STATS_AFTER": {
                    "seqfu": "1.22.3"
                },
                "SEQFU_STATS_BEFORE": {
                    "seqfu": "1.22.3"
                },
                "SEQKIT_REPLACE": {
                    "seqkit": "2.13.0"
                },
                "SEQKIT_RMDUP": {
                    "seqkit": "2.13.0"
                },
                "SEQKIT_SEQ": {
                    "seqkit": "2.13.0"
                },
                "SEQKIT_SEQ_ITERATIVE_MSA_TO_FASTA": {
                    "seqkit": "2.13.0"
                },
                "TAR_FASTA": {
                    "tar": 1.34
                },
                "TAR_FULL_MSAS": {
                    "tar": 1.34
                },
                "TAR_SEED_MSAS": {
                    "tar": 1.34
                },
                "Workflow": {
                    "nf-core/proteinfamilies": "v3.0.0dev"
                }
            },
            [
                "clustering",
                "clustering/mgnifams_test",
                "clustering/mgnifams_test/mgnifams_test.tsv",
                "clustering/mgnifams_test/mgnifams_test_clustering_distribution_mqc.csv",
                "families",
                "families/mgnifams_test",
                "families/mgnifams_test/mgnifams_test.lib.gz",
                "families/mgnifams_test/mgnifams_test_faa.tar.gz",
                "families/mgnifams_test/mgnifams_test_full_msas.tar.gz",
                "families/mgnifams_test/mgnifams_test_members.tsv",
                "families/mgnifams_test/mgnifams_test_merged_families.tsv",
                "families/mgnifams_test/mgnifams_test_meta_mqc.csv",
                "families/mgnifams_test/mgnifams_test_reps.faa",
                "families/mgnifams_test/mgnifams_test_seed_msas.tar.gz",
                "families/mgnifams_test/redundancy",
                "families/mgnifams_test/redundancy/pooled_components.txt",
                "families/mgnifams_test/redundancy/redundant_fam_ids.txt",
                "families/mgnifams_test/redundancy/similar_fam_ids.txt",
                "families/mgnifams_test/redundancy/similarities.csv",
                "families/samplesheet.csv",
                "intermediates",
                "intermediates/fasta",
                "intermediates/fasta/mgnifam_family_members",
                "intermediates/fasta/mgnifam_family_members/mgnifams_test",
                "intermediates/fasta/mgnifam_family_members/mgnifams_test/mgnifams_test_1_1.fasta.gz",
                "intermediates/fasta/mgnifam_family_members/mgnifams_test/mgnifams_test_1_2.fasta.gz",
                "intermediates/fasta/mgnifam_family_members/mgnifams_test/mgnifams_test_2_1.fasta.gz",
                "intermediates/fasta/mgnifam_family_members/mgnifams_test/mgnifams_test_2_2.fasta.gz",
                "intermediates/fasta/mgnifam_family_members/mgnifams_test/mgnifams_test_3_1.fasta.gz",
                "intermediates/fasta/mgnifam_family_members/mgnifams_test/mgnifams_test_3_2.fasta.gz",
                "intermediates/fasta/mgnifam_family_members/mgnifams_test/mgnifams_test_4_1.fasta.gz",
                "intermediates/fasta/mmseqs_initial_clustering_filtered",
                "intermediates/fasta/mmseqs_initial_clustering_filtered/mgnifams_test",
                "intermediates/fasta/mmseqs_initial_clustering_filtered/mgnifams_test/chunked_tsv",
                "intermediates/fasta/mmseqs_initial_clustering_filtered/mgnifams_test/chunked_tsv/mgnifams_test_1.tsv",
                "intermediates/fasta/mmseqs_initial_clustering_filtered/mgnifams_test/chunked_tsv/mgnifams_test_2.tsv",
                "intermediates/fasta/mmseqs_initial_clustering_filtered/mgnifams_test/chunked_tsv/mgnifams_test_3.tsv",
                "intermediates/fasta/mmseqs_initial_clustering_filtered/mgnifams_test/chunked_tsv/mgnifams_test_4.tsv",
                "intermediates/fasta/non_redundant_family_filtered",
                "intermediates/fasta/non_redundant_family_filtered/mgnifams_test",
                "intermediates/fasta/non_redundant_family_filtered/mgnifams_test/mgnifams_test_1_1.fasta.gz",
                "intermediates/fasta/non_redundant_family_filtered/mgnifams_test/mgnifams_test_1_2.fasta.gz",
                "intermediates/fasta/non_redundant_family_filtered/mgnifams_test/mgnifams_test_2_1.fasta.gz",
                "intermediates/fasta/non_redundant_family_filtered/mgnifams_test/mgnifams_test_3_1.fasta.gz",
                "intermediates/fasta/non_redundant_sequences_filtered",
                "intermediates/fasta/non_redundant_sequences_filtered/mgnifams_test",
                "intermediates/fasta/non_redundant_sequences_filtered/mgnifams_test/mgnifams_test_1_1.faa",
                "intermediates/fasta/non_redundant_sequences_filtered/mgnifams_test/mgnifams_test_1_2.faa",
                "intermediates/fasta/non_redundant_sequences_filtered/mgnifams_test/mgnifams_test_2_1.faa",
                "intermediates/fasta/non_redundant_sequences_filtered/mgnifams_test/mgnifams_test_3_1.faa",
                "intermediates/full_msa",
                "intermediates/full_msa/filtered",
                "intermediates/full_msa/filtered/famsa_align",
                "intermediates/full_msa/filtered/famsa_align/mgnifams_test",
                "intermediates/full_msa/filtered/famsa_align/mgnifams_test/mgnifams_test_1_1.aln",
                "intermediates/full_msa/filtered/famsa_align/mgnifams_test/mgnifams_test_1_2.aln",
                "intermediates/full_msa/filtered/famsa_align/mgnifams_test/mgnifams_test_2_1.aln",
                "intermediates/full_msa/filtered/famsa_align/mgnifams_test/mgnifams_test_3_1.aln",
                "intermediates/full_msa/raw",
                "intermediates/full_msa/raw/mgnifam",
                "intermediates/full_msa/raw/mgnifam/mgnifams_test",
                "intermediates/full_msa/raw/mgnifam/mgnifams_test/mgnifams_test_1_1.sto.gz",
                "intermediates/full_msa/raw/mgnifam/mgnifams_test/mgnifams_test_1_2.sto.gz",
                "intermediates/full_msa/raw/mgnifam/mgnifams_test/mgnifams_test_2_1.sto.gz",
                "intermediates/full_msa/raw/mgnifam/mgnifams_test/mgnifams_test_2_2.sto.gz",
                "intermediates/full_msa/raw/mgnifam/mgnifams_test/mgnifams_test_3_1.sto.gz",
                "intermediates/full_msa/raw/mgnifam/mgnifams_test/mgnifams_test_3_2.sto.gz",
                "intermediates/full_msa/raw/mgnifam/mgnifams_test/mgnifams_test_4_1.sto.gz",
                "intermediates/generate_families_iteratively",
                "intermediates/generate_families_iteratively/mgnifams_test",
                "intermediates/generate_families_iteratively/mgnifams_test/mgnifams_test_1",
                "intermediates/generate_families_iteratively/mgnifams_test/mgnifams_test_1/mgnifams_test_1.log",
                "intermediates/generate_families_iteratively/mgnifams_test/mgnifams_test_1/mgnifams_test_1_converged.txt",
                "intermediates/generate_families_iteratively/mgnifams_test/mgnifams_test_1/mgnifams_test_1_discarded.csv",
                "intermediates/generate_families_iteratively/mgnifams_test/mgnifams_test_1/mgnifams_test_1_families.tsv",
                "intermediates/generate_families_iteratively/mgnifams_test/mgnifams_test_1/mgnifams_test_1_metadata.csv",
                "intermediates/generate_families_iteratively/mgnifams_test/mgnifams_test_1/mgnifams_test_1_mgnifam_stats.json",
                "intermediates/generate_families_iteratively/mgnifams_test/mgnifams_test_1/mgnifams_test_1_reps.fasta.gz",
                "intermediates/generate_families_iteratively/mgnifams_test/mgnifams_test_1/mgnifams_test_1_successful.txt",
                "intermediates/generate_families_iteratively/mgnifams_test/mgnifams_test_1/rf",
                "intermediates/generate_families_iteratively/mgnifams_test/mgnifams_test_1/rf/mgnifams_test_1_1.txt",
                "intermediates/generate_families_iteratively/mgnifams_test/mgnifams_test_1/rf/mgnifams_test_1_2.txt",
                "intermediates/generate_families_iteratively/mgnifams_test/mgnifams_test_2",
                "intermediates/generate_families_iteratively/mgnifams_test/mgnifams_test_2/mgnifams_test_2.log",
                "intermediates/generate_families_iteratively/mgnifams_test/mgnifams_test_2/mgnifams_test_2_converged.txt",
                "intermediates/generate_families_iteratively/mgnifams_test/mgnifams_test_2/mgnifams_test_2_discarded.csv",
                "intermediates/generate_families_iteratively/mgnifams_test/mgnifams_test_2/mgnifams_test_2_families.tsv",
                "intermediates/generate_families_iteratively/mgnifams_test/mgnifams_test_2/mgnifams_test_2_metadata.csv",
                "intermediates/generate_families_iteratively/mgnifams_test/mgnifams_test_2/mgnifams_test_2_mgnifam_stats.json",
                "intermediates/generate_families_iteratively/mgnifams_test/mgnifams_test_2/mgnifams_test_2_reps.fasta.gz",
                "intermediates/generate_families_iteratively/mgnifams_test/mgnifams_test_2/mgnifams_test_2_successful.txt",
                "intermediates/generate_families_iteratively/mgnifams_test/mgnifams_test_2/rf",
                "intermediates/generate_families_iteratively/mgnifams_test/mgnifams_test_2/rf/mgnifams_test_2_1.txt",
                "intermediates/generate_families_iteratively/mgnifams_test/mgnifams_test_2/rf/mgnifams_test_2_2.txt",
                "intermediates/generate_families_iteratively/mgnifams_test/mgnifams_test_3",
                "intermediates/generate_families_iteratively/mgnifams_test/mgnifams_test_3/mgnifams_test_3.log",
                "intermediates/generate_families_iteratively/mgnifams_test/mgnifams_test_3/mgnifams_test_3_converged.txt",
                "intermediates/generate_families_iteratively/mgnifams_test/mgnifams_test_3/mgnifams_test_3_discarded.csv",
                "intermediates/generate_families_iteratively/mgnifams_test/mgnifams_test_3/mgnifams_test_3_families.tsv",
                "intermediates/generate_families_iteratively/mgnifams_test/mgnifams_test_3/mgnifams_test_3_metadata.csv",
                "intermediates/generate_families_iteratively/mgnifams_test/mgnifams_test_3/mgnifams_test_3_mgnifam_stats.json",
                "intermediates/generate_families_iteratively/mgnifams_test/mgnifams_test_3/mgnifams_test_3_reps.fasta.gz",
                "intermediates/generate_families_iteratively/mgnifams_test/mgnifams_test_3/mgnifams_test_3_successful.txt",
                "intermediates/generate_families_iteratively/mgnifams_test/mgnifams_test_3/rf",
                "intermediates/generate_families_iteratively/mgnifams_test/mgnifams_test_3/rf/mgnifams_test_3_1.txt",
                "intermediates/generate_families_iteratively/mgnifams_test/mgnifams_test_3/rf/mgnifams_test_3_2.txt",
                "intermediates/generate_families_iteratively/mgnifams_test/mgnifams_test_4",
                "intermediates/generate_families_iteratively/mgnifams_test/mgnifams_test_4/mgnifams_test_4.log",
                "intermediates/generate_families_iteratively/mgnifams_test/mgnifams_test_4/mgnifams_test_4_converged.txt",
                "intermediates/generate_families_iteratively/mgnifams_test/mgnifams_test_4/mgnifams_test_4_discarded.csv",
                "intermediates/generate_families_iteratively/mgnifams_test/mgnifams_test_4/mgnifams_test_4_families.tsv",
                "intermediates/generate_families_iteratively/mgnifams_test/mgnifams_test_4/mgnifams_test_4_metadata.csv",
                "intermediates/generate_families_iteratively/mgnifams_test/mgnifams_test_4/mgnifams_test_4_mgnifam_stats.json",
                "intermediates/generate_families_iteratively/mgnifams_test/mgnifams_test_4/mgnifams_test_4_reps.fasta.gz",
                "intermediates/generate_families_iteratively/mgnifams_test/mgnifams_test_4/mgnifams_test_4_successful.txt",
                "intermediates/generate_families_iteratively/mgnifams_test/mgnifams_test_4/rf",
                "intermediates/generate_families_iteratively/mgnifams_test/mgnifams_test_4/rf/mgnifams_test_4_1.txt",
                "intermediates/hmm",
                "intermediates/hmm/filtered",
                "intermediates/hmm/filtered/mgnifams_test",
                "intermediates/hmm/filtered/mgnifams_test/mgnifams_test_1_1.hmm.gz",
                "intermediates/hmm/filtered/mgnifams_test/mgnifams_test_1_2.hmm.gz",
                "intermediates/hmm/filtered/mgnifams_test/mgnifams_test_2_1.hmm.gz",
                "intermediates/hmm/filtered/mgnifams_test/mgnifams_test_3_1.hmm.gz",
                "intermediates/hmm/raw",
                "intermediates/hmm/raw/mgnifam",
                "intermediates/hmm/raw/mgnifam/mgnifams_test",
                "intermediates/hmm/raw/mgnifam/mgnifams_test/mgnifams_test_1_1.hmm.gz",
                "intermediates/hmm/raw/mgnifam/mgnifams_test/mgnifams_test_1_2.hmm.gz",
                "intermediates/hmm/raw/mgnifam/mgnifams_test/mgnifams_test_2_1.hmm.gz",
                "intermediates/hmm/raw/mgnifam/mgnifams_test/mgnifams_test_2_2.hmm.gz",
                "intermediates/hmm/raw/mgnifam/mgnifams_test/mgnifams_test_3_1.hmm.gz",
                "intermediates/hmm/raw/mgnifam/mgnifams_test/mgnifams_test_3_2.hmm.gz",
                "intermediates/hmm/raw/mgnifam/mgnifams_test/mgnifams_test_4_1.hmm.gz",
                "intermediates/mmseqs",
                "intermediates/mmseqs/initial_clustering",
                "intermediates/mmseqs/initial_clustering/mmseqs_createdb",
                "intermediates/mmseqs/initial_clustering/mmseqs_createdb/mgnifams_test",
                "intermediates/mmseqs/initial_clustering/mmseqs_createdb/mgnifams_test/mgnifams_test",
                "intermediates/mmseqs/initial_clustering/mmseqs_createdb/mgnifams_test/mgnifams_test.dbtype",
                "intermediates/mmseqs/initial_clustering/mmseqs_createdb/mgnifams_test/mgnifams_test.index",
                "intermediates/mmseqs/initial_clustering/mmseqs_createdb/mgnifams_test/mgnifams_test.lookup",
                "intermediates/mmseqs/initial_clustering/mmseqs_createdb/mgnifams_test/mgnifams_test.source",
                "intermediates/mmseqs/initial_clustering/mmseqs_createdb/mgnifams_test/mgnifams_test_h",
                "intermediates/mmseqs/initial_clustering/mmseqs_createdb/mgnifams_test/mgnifams_test_h.dbtype",
                "intermediates/mmseqs/initial_clustering/mmseqs_createdb/mgnifams_test/mgnifams_test_h.index",
                "intermediates/mmseqs/initial_clustering/mmseqs_linclust",
                "intermediates/mmseqs/initial_clustering/mmseqs_linclust/mgnifams_test",
                "intermediates/mmseqs/initial_clustering/mmseqs_linclust/mgnifams_test/mgnifams_test.0",
                "intermediates/mmseqs/initial_clustering/mmseqs_linclust/mgnifams_test/mgnifams_test.1",
                "intermediates/mmseqs/initial_clustering/mmseqs_linclust/mgnifams_test/mgnifams_test.2",
                "intermediates/mmseqs/initial_clustering/mmseqs_linclust/mgnifams_test/mgnifams_test.3",
                "intermediates/mmseqs/initial_clustering/mmseqs_linclust/mgnifams_test/mgnifams_test.dbtype",
                "intermediates/mmseqs/initial_clustering/mmseqs_linclust/mgnifams_test/mgnifams_test.index",
                "intermediates/mmseqs/redundancy_clustering",
                "intermediates/mmseqs/redundancy_clustering/mmseqs_createtsv",
                "intermediates/mmseqs/redundancy_clustering/mmseqs_createtsv/mgnifams_test",
                "intermediates/mmseqs/redundancy_clustering/mmseqs_createtsv/mgnifams_test/mgnifams_test_1_1.tsv",
                "intermediates/mmseqs/redundancy_clustering/mmseqs_createtsv/mgnifams_test/mgnifams_test_1_2.tsv",
                "intermediates/mmseqs/redundancy_clustering/mmseqs_createtsv/mgnifams_test/mgnifams_test_2_1.tsv",
                "intermediates/mmseqs/redundancy_clustering/mmseqs_createtsv/mgnifams_test/mgnifams_test_3_1.tsv",
                "intermediates/remove_redundancy",
                "intermediates/remove_redundancy/merge_families",
                "intermediates/remove_redundancy/merge_families/full_msa",
                "intermediates/remove_redundancy/merge_families/full_msa/raw",
                "intermediates/remove_redundancy/merge_families/full_msa/raw/mgnifam",
                "intermediates/remove_redundancy/merge_families/generate_families_iteratively",
                "intermediates/remove_redundancy/merge_families/generate_families_iteratively/mgnifams_test",
                "intermediates/remove_redundancy/merge_families/generate_families_iteratively/mgnifams_test/mgnifams_test_2_2_4_1",
                "intermediates/remove_redundancy/merge_families/generate_families_iteratively/mgnifams_test/mgnifams_test_2_2_4_1/mgnifams_test_2_2_4_1.log",
                "intermediates/remove_redundancy/merge_families/generate_families_iteratively/mgnifams_test/mgnifams_test_2_2_4_1/mgnifams_test_2_2_4_1_converged.txt",
                "intermediates/remove_redundancy/merge_families/generate_families_iteratively/mgnifams_test/mgnifams_test_2_2_4_1/mgnifams_test_2_2_4_1_discarded.csv",
                "intermediates/remove_redundancy/merge_families/generate_families_iteratively/mgnifams_test/mgnifams_test_2_2_4_1/mgnifams_test_2_2_4_1_families.tsv",
                "intermediates/remove_redundancy/merge_families/generate_families_iteratively/mgnifams_test/mgnifams_test_2_2_4_1/mgnifams_test_2_2_4_1_metadata.csv",
                "intermediates/remove_redundancy/merge_families/generate_families_iteratively/mgnifams_test/mgnifams_test_2_2_4_1/mgnifams_test_2_2_4_1_mgnifam_stats.json",
                "intermediates/remove_redundancy/merge_families/generate_families_iteratively/mgnifams_test/mgnifams_test_2_2_4_1/mgnifams_test_2_2_4_1_reps.fasta.gz",
                "intermediates/remove_redundancy/merge_families/generate_families_iteratively/mgnifams_test/mgnifams_test_2_2_4_1/mgnifams_test_2_2_4_1_successful.txt",
                "intermediates/remove_redundancy/merge_families/hmm",
                "intermediates/remove_redundancy/merge_families/hmm/raw",
                "intermediates/remove_redundancy/merge_families/hmm/raw/mgnifam",
                "intermediates/seed_msa",
                "intermediates/seed_msa/filtered",
                "intermediates/seed_msa/filtered/mgnifams_test",
                "intermediates/seed_msa/filtered/mgnifams_test/mgnifams_test_1_1.fas.gz",
                "intermediates/seed_msa/filtered/mgnifams_test/mgnifams_test_1_2.fas.gz",
                "intermediates/seed_msa/filtered/mgnifams_test/mgnifams_test_2_1.fas.gz",
                "intermediates/seed_msa/filtered/mgnifams_test/mgnifams_test_3_1.fas.gz",
                "intermediates/seed_msa/raw",
                "intermediates/seed_msa/raw/mgnifam",
                "intermediates/seed_msa/raw/mgnifam/mgnifams_test",
                "intermediates/seed_msa/raw/mgnifam/mgnifams_test/mgnifams_test_1_1.fas.gz",
                "intermediates/seed_msa/raw/mgnifam/mgnifams_test/mgnifams_test_1_2.fas.gz",
                "intermediates/seed_msa/raw/mgnifam/mgnifams_test/mgnifams_test_2_1.fas.gz",
                "intermediates/seed_msa/raw/mgnifam/mgnifams_test/mgnifams_test_2_2.fas.gz",
                "intermediates/seed_msa/raw/mgnifam/mgnifams_test/mgnifams_test_3_1.fas.gz",
                "intermediates/seed_msa/raw/mgnifam/mgnifams_test/mgnifams_test_3_2.fas.gz",
                "intermediates/seed_msa/raw/mgnifam/mgnifams_test/mgnifams_test_4_1.fas.gz",
                "multiqc",
                "multiqc/multiqc_data",
                "multiqc/multiqc_data/llms-full.txt",
                "multiqc/multiqc_data/multiqc.log",
                "multiqc/multiqc_data/multiqc.parquet",
                "multiqc/multiqc_data/multiqc_citations.txt",
                "multiqc/multiqc_data/multiqc_data.json",
                "multiqc/multiqc_data/multiqc_family_metadata.txt",
                "multiqc/multiqc_data/multiqc_mgnifams_test_after.txt",
                "multiqc/multiqc_data/multiqc_mgnifams_test_before.txt",
                "multiqc/multiqc_data/multiqc_mgnifams_test_cluster_distribution.txt",
                "multiqc/multiqc_data/multiqc_software_versions.txt",
                "multiqc/multiqc_data/multiqc_sources.txt",
                "multiqc/multiqc_plots",
                "multiqc/multiqc_plots/pdf",
                "multiqc/multiqc_plots/pdf/family_metadata.pdf",
                "multiqc/multiqc_plots/pdf/mgnifams_test_after.pdf",
                "multiqc/multiqc_plots/pdf/mgnifams_test_before.pdf",
                "multiqc/multiqc_plots/pdf/mgnifams_test_cluster_distribution.pdf",
                "multiqc/multiqc_plots/png",
                "multiqc/multiqc_plots/png/family_metadata.png",
                "multiqc/multiqc_plots/png/mgnifams_test_after.png",
                "multiqc/multiqc_plots/png/mgnifams_test_before.png",
                "multiqc/multiqc_plots/png/mgnifams_test_cluster_distribution.png",
                "multiqc/multiqc_plots/svg",
                "multiqc/multiqc_plots/svg/family_metadata.svg",
                "multiqc/multiqc_plots/svg/mgnifams_test_after.svg",
                "multiqc/multiqc_plots/svg/mgnifams_test_before.svg",
                "multiqc/multiqc_plots/svg/mgnifams_test_cluster_distribution.svg",
                "multiqc/multiqc_report.html",
                "pipeline_info",
                "pipeline_info/nf_core_proteinfamilies_software_mqc_versions.yml",
                "qc",
                "qc/mgnifams_test",
                "qc/mgnifams_test/mgnifams_test.faa",
                "qc/mgnifams_test/mgnifams_test.log",
                "qc/mgnifams_test/mgnifams_test_after.tsv",
                "qc/mgnifams_test/mgnifams_test_after_mqc.txt",
                "qc/mgnifams_test/mgnifams_test_before.tsv",
                "qc/mgnifams_test/mgnifams_test_before_mqc.txt"
            ],
            [
                "mgnifams_test_members.tsv:md5,16b884d88f5c3d7aa48463c00b30314a",
                "mgnifams_test_merged_families.tsv:md5,3a802c12671535196717555160788709",
                "mgnifams_test_meta_mqc.csv:md5,5e841d3e900ea3778073c2cc91588040",
                "mgnifams_test_reps.faa:md5,a5ce4ea1bc14c6a0086acc844d7d95d5",
                "pooled_components.txt:md5,b12ee8db1dc04246360eaad3848b675c",
                "redundant_fam_ids.txt:md5,444cadb003e2ce4d974563ba7af49606",
                "similar_fam_ids.txt:md5,a3cc7ed9bdb6bc8718523e029295e0cb",
                "similarities.csv:md5,ec9af5bc0997d84591a271f621ae12a7",
                "multiqc_citations.txt:md5,4c806e63a283ec1b7e78cdae3a923d4f",
                "multiqc_mgnifams_test_after.txt:md5,908666b17d5a31b706ad82b71683ad33",
                "multiqc_mgnifams_test_before.txt:md5,7f975cad14f7dbd4769083e22cc05a83",
                "multiqc_mgnifams_test_cluster_distribution.txt:md5,9f310a12f74e4e64764f5831e5f8b02c",
                "mgnifams_test.log:md5,a41135cfe024baaf42f135583fe73f0d",
                "mgnifams_test_before.tsv:md5,eb88faa675b2d0c6a9ebbff1aecb33a3",
                "mgnifams_test_before_mqc.txt:md5,45de3e3c31c354347494309581b9ad2a"
            ],
            [
                "mgnifams_test_faa.tar.gz: mgnifams_test_1_1.faa, mgnifams_test_1_2.faa, mgnifams_test_2_1.faa, mgnifams_test_3_1.faa",
                "mgnifams_test_full_msas.tar.gz: mgnifams_test_1_1.aln, mgnifams_test_1_2.aln, mgnifams_test_2_1.aln, mgnifams_test_3_1.aln",
                "mgnifams_test_seed_msas.tar.gz: mgnifams_test_1_1.fas.gz, mgnifams_test_1_2.fas.gz, mgnifams_test_2_1.fas.gz, mgnifams_test_3_1.fas.gz"
            ]
        ],
        "timestamp": "2026-10-09T09:57:48.538267566",
        "meta": {
            "nf-test": "0.9.5",
            "nextflow": "26.04.6"
        }
    }
}