{
    "-profile test_update": {
        "content": [
            466,
            {
                "CALCULATE_CLUSTER_DISTRIBUTION": {
                    "sed": 4.7
                },
                "CAT_HMM": {
                    "coreutils": 9.4,
                    "find": "4.6.0",
                    "pigz": 2.8
                },
                "CHUNK_CLUSTERS": {
                    "biopython": 1.85,
                    "python": "3.13.1"
                },
                "CLIPKIT": {
                    "clipkit": "2.11.4"
                },
                "EXTRACT_FAMILY_MEMBERS": {
                    "python": "3.13.1"
                },
                "EXTRACT_FAMILY_REPS": {
                    "python": "3.13.1"
                },
                "EXTRACT_UNASSIGNED_SEQS": {
                    "python": "3.13.1"
                },
                "FAMSA_ALIGN": {
                    "famsa": "2.4.1-45c9b2b"
                },
                "FILTER_NON_REDUNDANT_FASTA": {
                    "python": "3.13.1"
                },
                "FILTER_NON_REDUNDANT_FULL_MSA": {
                    "python": "3.13.1"
                },
                "FILTER_NON_REDUNDANT_HMM": {
                    "python": "3.13.1"
                },
                "FILTER_NON_REDUNDANT_SEED_MSA": {
                    "python": "3.13.1"
                },
                "FILTER_RECRUITED": {
                    "biopython": 1.85,
                    "python": "3.13.1"
                },
                "FIND_CONCATENATE_HMMS": {
                    "coreutils": 9.4,
                    "find": "4.6.0",
                    "pigz": 2.8
                },
                "FIND_CONCATENATE_HMM_LIBRARY": {
                    "coreutils": 9.4,
                    "find": "4.6.0",
                    "pigz": 2.8
                },
                "FIND_CONCATENATE_SKIP_IDS": {
                    "coreutils": 9.4,
                    "find": "4.6.0",
                    "pigz": 2.8
                },
                "HHSUITE_REFORMAT": {
                    "hhsuite": "3.3.0"
                },
                "HMMER_HMMALIGN": {
                    "hmmer": 3.4
                },
                "HMMER_HMMBUILD": {
                    "hmmer": 3.4
                },
                "HMMER_HMMSEARCH": {
                    "hmmer": 3.4
                },
                "IDENTIFY_REDUNDANT_FAMS": {
                    "pandas": "2.3.0",
                    "python": "3.13.1"
                },
                "MMSEQS_CREATEDB": {
                    "mmseqs": "18.8cc5c"
                },
                "MMSEQS_CREATETSV": {
                    "mmseqs": "18.8cc5c"
                },
                "MMSEQS_LINCLUST": {
                    "mmseqs": "18.8cc5c"
                },
                "POOL_EXISTING_MEMBERS": {
                    "python": "3.13.1"
                },
                "RECALCULATE_COORDINATES": {
                    "python": "3.13.1"
                },
                "REMOVE_REDUNDANT_SEQS": {
                    "biopython": 1.85,
                    "python": "3.13.1"
                },
                "SEQFU_STATS_AFTER": {
                    "seqfu": "1.22.3"
                },
                "SEQFU_STATS_BEFORE": {
                    "seqfu": "1.22.3"
                },
                "SEQKIT_REPLACE": {
                    "seqkit": "2.13.0"
                },
                "SEQKIT_RMDUP": {
                    "seqkit": "2.13.0"
                },
                "SEQKIT_SEQ": {
                    "seqkit": "2.13.0"
                },
                "SPLIT_FAMILY_HITS": {
                    "biopython": 1.85,
                    "python": "3.13.1"
                },
                "SPLIT_HMMS": {
                    "python": "3.13.1"
                },
                "TAR_FULL_MSAS": {
                    "tar": 1.34
                },
                "TAR_HMMS": {
                    "tar": 1.34
                },
                "TAR_SEED_MSAS": {
                    "tar": 1.34
                },
                "UNTAR_FULL_MSA": {
                    "untar": 1.34
                },
                "UNTAR_SEED_MSA": {
                    "untar": 1.34
                },
                "Workflow": {
                    "nf-core/proteinfamilies": "v3.0.0dev"
                }
            },
            [
                "archives",
                "archives/create_only",
                "archives/create_only/create_only_full_msas.tar.gz",
                "archives/create_only/create_only_hmms.tar.gz",
                "archives/create_only/create_only_seed_msas.tar.gz",
                "archives/update_hmm_only",
                "archives/update_hmm_only/update_hmm_only_full_msas.tar.gz",
                "archives/update_hmm_only/update_hmm_only_hmms.tar.gz",
                "archives/update_hmm_only/update_hmm_only_seed_msas.tar.gz",
                "archives/update_hmm_seed_full",
                "archives/update_hmm_seed_full/update_hmm_seed_full_full_msas.tar.gz",
                "archives/update_hmm_seed_full/update_hmm_seed_full_hmms.tar.gz",
                "archives/update_hmm_seed_full/update_hmm_seed_full_seed_msas.tar.gz",
                "archives/update_hmm_seed_gz",
                "archives/update_hmm_seed_gz/update_hmm_seed_gz_full_msas.tar.gz",
                "archives/update_hmm_seed_gz/update_hmm_seed_gz_hmms.tar.gz",
                "archives/update_hmm_seed_gz/update_hmm_seed_gz_seed_msas.tar.gz",
                "family_reps",
                "family_reps/create_only",
                "family_reps/create_only/create_only.tsv",
                "family_reps/create_only/create_only_meta_mqc.csv",
                "family_reps/create_only/create_only_reps.faa",
                "family_reps/update_hmm_only",
                "family_reps/update_hmm_only/update_hmm_only.tsv",
                "family_reps/update_hmm_only/update_hmm_only_meta_mqc.csv",
                "family_reps/update_hmm_only/update_hmm_only_reps.faa",
                "family_reps/update_hmm_seed_full",
                "family_reps/update_hmm_seed_full/update_hmm_seed_full.tsv",
                "family_reps/update_hmm_seed_full/update_hmm_seed_full_meta_mqc.csv",
                "family_reps/update_hmm_seed_full/update_hmm_seed_full_reps.faa",
                "family_reps/update_hmm_seed_gz",
                "family_reps/update_hmm_seed_gz/update_hmm_seed_gz.tsv",
                "family_reps/update_hmm_seed_gz/update_hmm_seed_gz_meta_mqc.csv",
                "family_reps/update_hmm_seed_gz/update_hmm_seed_gz_reps.faa",
                "fasta",
                "fasta/non_redundant_sequences_filtered",
                "fasta/non_redundant_sequences_filtered/create_only",
                "fasta/non_redundant_sequences_filtered/create_only/create_only_1.faa",
                "fasta/non_redundant_sequences_filtered/create_only/create_only_2.faa",
                "fasta/non_redundant_sequences_filtered/create_only/create_only_3.faa",
                "fasta/non_redundant_sequences_filtered/create_only/create_only_5.faa",
                "fasta/non_redundant_sequences_filtered/create_only/create_only_7.faa",
                "fasta/non_redundant_sequences_filtered/update_hmm_only",
                "fasta/non_redundant_sequences_filtered/update_hmm_only/update_hmm_only_1.faa",
                "fasta/non_redundant_sequences_filtered/update_hmm_only/update_hmm_only_2.faa",
                "fasta/non_redundant_sequences_filtered/update_hmm_seed_full",
                "fasta/non_redundant_sequences_filtered/update_hmm_seed_full/update_hmm_seed_full_1.faa",
                "fasta/non_redundant_sequences_filtered/update_hmm_seed_full/update_hmm_seed_full_2.faa",
                "fasta/non_redundant_sequences_filtered/update_hmm_seed_gz",
                "fasta/non_redundant_sequences_filtered/update_hmm_seed_gz/update_hmm_seed_gz_1.faa",
                "fasta/non_redundant_sequences_filtered/update_hmm_seed_gz/update_hmm_seed_gz_2.faa",
                "fasta/non_redundant_sequences_filtered/update_hmm_seed_gz/update_hmm_seed_gz_4.faa",
                "fasta/non_redundant_sequences_filtered/update_hmm_seed_gz/update_hmm_seed_gz_6.faa",
                "full_msa",
                "full_msa/filtered",
                "full_msa/filtered/famsa_align",
                "full_msa/filtered/famsa_align/create_only",
                "full_msa/filtered/famsa_align/create_only/create_only_1.aln",
                "full_msa/filtered/famsa_align/create_only/create_only_2.aln",
                "full_msa/filtered/famsa_align/create_only/create_only_3.aln",
                "full_msa/filtered/famsa_align/create_only/create_only_5.aln",
                "full_msa/filtered/famsa_align/create_only/create_only_7.aln",
                "full_msa/filtered/famsa_align/update_hmm_only",
                "full_msa/filtered/famsa_align/update_hmm_only/update_hmm_only_1.aln",
                "full_msa/filtered/famsa_align/update_hmm_only/update_hmm_only_2.aln",
                "full_msa/filtered/famsa_align/update_hmm_seed_full",
                "full_msa/filtered/famsa_align/update_hmm_seed_full/update_hmm_seed_full_1.aln",
                "full_msa/filtered/famsa_align/update_hmm_seed_full/update_hmm_seed_full_2.aln",
                "full_msa/filtered/famsa_align/update_hmm_seed_gz",
                "full_msa/filtered/famsa_align/update_hmm_seed_gz/update_hmm_seed_gz_1.aln",
                "full_msa/filtered/famsa_align/update_hmm_seed_gz/update_hmm_seed_gz_2.aln",
                "full_msa/filtered/famsa_align/update_hmm_seed_gz/update_hmm_seed_gz_4.aln",
                "full_msa/filtered/famsa_align/update_hmm_seed_gz/update_hmm_seed_gz_6.aln",
                "full_msa/raw",
                "full_msa/raw/hmmer_hmmalign",
                "full_msa/raw/hmmer_hmmalign/create_only",
                "full_msa/raw/hmmer_hmmalign/create_only/create_only_1.sto.gz",
                "full_msa/raw/hmmer_hmmalign/create_only/create_only_2.sto.gz",
                "full_msa/raw/hmmer_hmmalign/create_only/create_only_3.sto.gz",
                "full_msa/raw/hmmer_hmmalign/create_only/create_only_4.sto.gz",
                "full_msa/raw/hmmer_hmmalign/create_only/create_only_5.sto.gz",
                "full_msa/raw/hmmer_hmmalign/create_only/create_only_6.sto.gz",
                "full_msa/raw/hmmer_hmmalign/create_only/create_only_7.sto.gz",
                "full_msa/raw/hmmer_hmmalign/update_hmm_only",
                "full_msa/raw/hmmer_hmmalign/update_hmm_only/update_hmm_only_1.sto.gz",
                "full_msa/raw/hmmer_hmmalign/update_hmm_only/update_hmm_only_2.sto.gz",
                "full_msa/raw/hmmer_hmmalign/update_hmm_seed_full",
                "full_msa/raw/hmmer_hmmalign/update_hmm_seed_full/update_hmm_seed_full_1.sto.gz",
                "full_msa/raw/hmmer_hmmalign/update_hmm_seed_full/update_hmm_seed_full_2.sto.gz",
                "full_msa/raw/hmmer_hmmalign/update_hmm_seed_gz",
                "full_msa/raw/hmmer_hmmalign/update_hmm_seed_gz/update_hmm_seed_gz_1.sto.gz",
                "full_msa/raw/hmmer_hmmalign/update_hmm_seed_gz/update_hmm_seed_gz_2.sto.gz",
                "full_msa/raw/hmmer_hmmalign/update_hmm_seed_gz/update_hmm_seed_gz_3.sto.gz",
                "full_msa/raw/hmmer_hmmalign/update_hmm_seed_gz/update_hmm_seed_gz_4.sto.gz",
                "full_msa/raw/hmmer_hmmalign/update_hmm_seed_gz/update_hmm_seed_gz_5.sto.gz",
                "full_msa/raw/hmmer_hmmalign/update_hmm_seed_gz/update_hmm_seed_gz_6.sto.gz",
                "hmm",
                "hmm/filtered",
                "hmm/filtered/create_only",
                "hmm/filtered/create_only/create_only_1.hmm.gz",
                "hmm/filtered/create_only/create_only_2.hmm.gz",
                "hmm/filtered/create_only/create_only_3.hmm.gz",
                "hmm/filtered/create_only/create_only_5.hmm.gz",
                "hmm/filtered/create_only/create_only_7.hmm.gz",
                "hmm/filtered/update_hmm_only",
                "hmm/filtered/update_hmm_only/update_hmm_only_1.hmm.gz",
                "hmm/filtered/update_hmm_only/update_hmm_only_2.hmm.gz",
                "hmm/filtered/update_hmm_seed_full",
                "hmm/filtered/update_hmm_seed_full/update_hmm_seed_full_1.hmm.gz",
                "hmm/filtered/update_hmm_seed_full/update_hmm_seed_full_2.hmm.gz",
                "hmm/filtered/update_hmm_seed_gz",
                "hmm/filtered/update_hmm_seed_gz/update_hmm_seed_gz_1.hmm.gz",
                "hmm/filtered/update_hmm_seed_gz/update_hmm_seed_gz_2.hmm.gz",
                "hmm/filtered/update_hmm_seed_gz/update_hmm_seed_gz_4.hmm.gz",
                "hmm/filtered/update_hmm_seed_gz/update_hmm_seed_gz_6.hmm.gz",
                "hmm/library",
                "hmm/library/create_only.lib.gz",
                "hmm/library/update_hmm_only.lib.gz",
                "hmm/library/update_hmm_seed_full.lib.gz",
                "hmm/library/update_hmm_seed_gz.lib.gz",
                "hmm/raw",
                "hmm/raw/hmmer_hmmbuild",
                "hmm/raw/hmmer_hmmbuild/create_only",
                "hmm/raw/hmmer_hmmbuild/create_only/create_only_1.hmm.gz",
                "hmm/raw/hmmer_hmmbuild/create_only/create_only_2.hmm.gz",
                "hmm/raw/hmmer_hmmbuild/create_only/create_only_3.hmm.gz",
                "hmm/raw/hmmer_hmmbuild/create_only/create_only_4.hmm.gz",
                "hmm/raw/hmmer_hmmbuild/create_only/create_only_5.hmm.gz",
                "hmm/raw/hmmer_hmmbuild/create_only/create_only_6.hmm.gz",
                "hmm/raw/hmmer_hmmbuild/create_only/create_only_7.hmm.gz",
                "hmm/raw/hmmer_hmmbuild/update_hmm_only",
                "hmm/raw/hmmer_hmmbuild/update_hmm_only/update_hmm_only_1.hmm.gz",
                "hmm/raw/hmmer_hmmbuild/update_hmm_only/update_hmm_only_2.hmm.gz",
                "hmm/raw/hmmer_hmmbuild/update_hmm_seed_full",
                "hmm/raw/hmmer_hmmbuild/update_hmm_seed_full/update_hmm_seed_full_1.hmm.gz",
                "hmm/raw/hmmer_hmmbuild/update_hmm_seed_full/update_hmm_seed_full_2.hmm.gz",
                "hmm/raw/hmmer_hmmbuild/update_hmm_seed_gz",
                "hmm/raw/hmmer_hmmbuild/update_hmm_seed_gz/update_hmm_seed_gz_1.hmm.gz",
                "hmm/raw/hmmer_hmmbuild/update_hmm_seed_gz/update_hmm_seed_gz_2.hmm.gz",
                "hmm/raw/hmmer_hmmbuild/update_hmm_seed_gz/update_hmm_seed_gz_3.hmm.gz",
                "hmm/raw/hmmer_hmmbuild/update_hmm_seed_gz/update_hmm_seed_gz_4.hmm.gz",
                "hmm/raw/hmmer_hmmbuild/update_hmm_seed_gz/update_hmm_seed_gz_5.hmm.gz",
                "hmm/raw/hmmer_hmmbuild/update_hmm_seed_gz/update_hmm_seed_gz_6.hmm.gz",
                "mmseqs",
                "mmseqs/initial_clustering",
                "mmseqs/initial_clustering/create_only_clustering_distribution_mqc.csv",
                "mmseqs/initial_clustering/mmseqs_createtsv",
                "mmseqs/initial_clustering/mmseqs_createtsv/create_only.tsv",
                "mmseqs/initial_clustering/mmseqs_createtsv/update_hmm_only.tsv",
                "mmseqs/initial_clustering/mmseqs_createtsv/update_hmm_seed_full.tsv",
                "mmseqs/initial_clustering/mmseqs_createtsv/update_hmm_seed_gz.tsv",
                "mmseqs/initial_clustering/update_hmm_only_clustering_distribution_mqc.csv",
                "mmseqs/initial_clustering/update_hmm_seed_full_clustering_distribution_mqc.csv",
                "mmseqs/initial_clustering/update_hmm_seed_gz_clustering_distribution_mqc.csv",
                "mmseqs/redundancy_clustering",
                "mmseqs/redundancy_clustering/mmseqs_createtsv",
                "mmseqs/redundancy_clustering/mmseqs_createtsv/create_only",
                "mmseqs/redundancy_clustering/mmseqs_createtsv/create_only/create_only_1.tsv",
                "mmseqs/redundancy_clustering/mmseqs_createtsv/create_only/create_only_2.tsv",
                "mmseqs/redundancy_clustering/mmseqs_createtsv/create_only/create_only_3.tsv",
                "mmseqs/redundancy_clustering/mmseqs_createtsv/create_only/create_only_5.tsv",
                "mmseqs/redundancy_clustering/mmseqs_createtsv/create_only/create_only_7.tsv",
                "mmseqs/redundancy_clustering/mmseqs_createtsv/update_hmm_only",
                "mmseqs/redundancy_clustering/mmseqs_createtsv/update_hmm_only/update_hmm_only_1.tsv",
                "mmseqs/redundancy_clustering/mmseqs_createtsv/update_hmm_only/update_hmm_only_2.tsv",
                "mmseqs/redundancy_clustering/mmseqs_createtsv/update_hmm_seed_full",
                "mmseqs/redundancy_clustering/mmseqs_createtsv/update_hmm_seed_full/update_hmm_seed_full_1.tsv",
                "mmseqs/redundancy_clustering/mmseqs_createtsv/update_hmm_seed_full/update_hmm_seed_full_2.tsv",
                "mmseqs/redundancy_clustering/mmseqs_createtsv/update_hmm_seed_gz",
                "mmseqs/redundancy_clustering/mmseqs_createtsv/update_hmm_seed_gz/update_hmm_seed_gz_1.tsv",
                "mmseqs/redundancy_clustering/mmseqs_createtsv/update_hmm_seed_gz/update_hmm_seed_gz_2.tsv",
                "mmseqs/redundancy_clustering/mmseqs_createtsv/update_hmm_seed_gz/update_hmm_seed_gz_4.tsv",
                "mmseqs/redundancy_clustering/mmseqs_createtsv/update_hmm_seed_gz/update_hmm_seed_gz_6.tsv",
                "mmseqs/update_families",
                "mmseqs/update_families/mmseqs_createtsv",
                "mmseqs/update_families/mmseqs_createtsv/update_hmm_only",
                "mmseqs/update_families/mmseqs_createtsv/update_hmm_only/existing_fam_1.tsv",
                "mmseqs/update_families/mmseqs_createtsv/update_hmm_only/existing_fam_2.tsv",
                "mmseqs/update_families/mmseqs_createtsv/update_hmm_only/existing_fam_3.tsv",
                "mmseqs/update_families/mmseqs_createtsv/update_hmm_only/existing_fam_4.tsv",
                "mmseqs/update_families/mmseqs_createtsv/update_hmm_seed_full",
                "mmseqs/update_families/mmseqs_createtsv/update_hmm_seed_full/existing_fam_1.tsv",
                "mmseqs/update_families/mmseqs_createtsv/update_hmm_seed_full/existing_fam_2.tsv",
                "mmseqs/update_families/mmseqs_createtsv/update_hmm_seed_full/existing_fam_3.tsv",
                "mmseqs/update_families/mmseqs_createtsv/update_hmm_seed_full/existing_fam_4.tsv",
                "mmseqs/update_families/mmseqs_createtsv/update_hmm_seed_full/existing_fam_zero_hits.tsv",
                "mmseqs/update_families/mmseqs_createtsv/update_hmm_seed_gz",
                "mmseqs/update_families/mmseqs_createtsv/update_hmm_seed_gz/existing_fam_1.tsv",
                "mmseqs/update_families/mmseqs_createtsv/update_hmm_seed_gz/existing_fam_2.tsv",
                "mmseqs/update_families/mmseqs_createtsv/update_hmm_seed_gz/existing_fam_3.tsv",
                "mmseqs/update_families/mmseqs_createtsv/update_hmm_seed_gz/existing_fam_4.tsv",
                "multiqc",
                "multiqc/multiqc_data",
                "multiqc/multiqc_data/llms-full.txt",
                "multiqc/multiqc_data/multiqc.log",
                "multiqc/multiqc_data/multiqc.parquet",
                "multiqc/multiqc_data/multiqc_citations.txt",
                "multiqc/multiqc_data/multiqc_create_only_after.txt",
                "multiqc/multiqc_data/multiqc_create_only_before.txt",
                "multiqc/multiqc_data/multiqc_create_only_cluster_distribution.txt",
                "multiqc/multiqc_data/multiqc_data.json",
                "multiqc/multiqc_data/multiqc_family_metadata.txt",
                "multiqc/multiqc_data/multiqc_software_versions.txt",
                "multiqc/multiqc_data/multiqc_sources.txt",
                "multiqc/multiqc_data/multiqc_update_hmm_only_after.txt",
                "multiqc/multiqc_data/multiqc_update_hmm_only_before.txt",
                "multiqc/multiqc_data/multiqc_update_hmm_only_cluster_distribution.txt",
                "multiqc/multiqc_data/multiqc_update_hmm_seed_full_after.txt",
                "multiqc/multiqc_data/multiqc_update_hmm_seed_full_before.txt",
                "multiqc/multiqc_data/multiqc_update_hmm_seed_full_cluster_distribution.txt",
                "multiqc/multiqc_data/multiqc_update_hmm_seed_gz_after.txt",
                "multiqc/multiqc_data/multiqc_update_hmm_seed_gz_before.txt",
                "multiqc/multiqc_data/multiqc_update_hmm_seed_gz_cluster_distribution.txt",
                "multiqc/multiqc_plots",
                "multiqc/multiqc_plots/pdf",
                "multiqc/multiqc_plots/pdf/create_only_after.pdf",
                "multiqc/multiqc_plots/pdf/create_only_before.pdf",
                "multiqc/multiqc_plots/pdf/create_only_cluster_distribution.pdf",
                "multiqc/multiqc_plots/pdf/family_metadata.pdf",
                "multiqc/multiqc_plots/pdf/update_hmm_only_after.pdf",
                "multiqc/multiqc_plots/pdf/update_hmm_only_before.pdf",
                "multiqc/multiqc_plots/pdf/update_hmm_only_cluster_distribution.pdf",
                "multiqc/multiqc_plots/pdf/update_hmm_seed_full_after.pdf",
                "multiqc/multiqc_plots/pdf/update_hmm_seed_full_before.pdf",
                "multiqc/multiqc_plots/pdf/update_hmm_seed_full_cluster_distribution.pdf",
                "multiqc/multiqc_plots/pdf/update_hmm_seed_gz_after.pdf",
                "multiqc/multiqc_plots/pdf/update_hmm_seed_gz_before.pdf",
                "multiqc/multiqc_plots/pdf/update_hmm_seed_gz_cluster_distribution.pdf",
                "multiqc/multiqc_plots/png",
                "multiqc/multiqc_plots/png/create_only_after.png",
                "multiqc/multiqc_plots/png/create_only_before.png",
                "multiqc/multiqc_plots/png/create_only_cluster_distribution.png",
                "multiqc/multiqc_plots/png/family_metadata.png",
                "multiqc/multiqc_plots/png/update_hmm_only_after.png",
                "multiqc/multiqc_plots/png/update_hmm_only_before.png",
                "multiqc/multiqc_plots/png/update_hmm_only_cluster_distribution.png",
                "multiqc/multiqc_plots/png/update_hmm_seed_full_after.png",
                "multiqc/multiqc_plots/png/update_hmm_seed_full_before.png",
                "multiqc/multiqc_plots/png/update_hmm_seed_full_cluster_distribution.png",
                "multiqc/multiqc_plots/png/update_hmm_seed_gz_after.png",
                "multiqc/multiqc_plots/png/update_hmm_seed_gz_before.png",
                "multiqc/multiqc_plots/png/update_hmm_seed_gz_cluster_distribution.png",
                "multiqc/multiqc_plots/svg",
                "multiqc/multiqc_plots/svg/create_only_after.svg",
                "multiqc/multiqc_plots/svg/create_only_before.svg",
                "multiqc/multiqc_plots/svg/create_only_cluster_distribution.svg",
                "multiqc/multiqc_plots/svg/family_metadata.svg",
                "multiqc/multiqc_plots/svg/update_hmm_only_after.svg",
                "multiqc/multiqc_plots/svg/update_hmm_only_before.svg",
                "multiqc/multiqc_plots/svg/update_hmm_only_cluster_distribution.svg",
                "multiqc/multiqc_plots/svg/update_hmm_seed_full_after.svg",
                "multiqc/multiqc_plots/svg/update_hmm_seed_full_before.svg",
                "multiqc/multiqc_plots/svg/update_hmm_seed_full_cluster_distribution.svg",
                "multiqc/multiqc_plots/svg/update_hmm_seed_gz_after.svg",
                "multiqc/multiqc_plots/svg/update_hmm_seed_gz_before.svg",
                "multiqc/multiqc_plots/svg/update_hmm_seed_gz_cluster_distribution.svg",
                "multiqc/multiqc_report.html",
                "pipeline_info",
                "pipeline_info/nf_core_proteinfamilies_software_mqc_versions.yml",
                "qc",
                "qc/create_only",
                "qc/create_only/create_only.fasta",
                "qc/create_only/create_only.log",
                "qc/create_only/create_only_after.tsv",
                "qc/create_only/create_only_after_mqc.txt",
                "qc/create_only/create_only_before.tsv",
                "qc/create_only/create_only_before_mqc.txt",
                "qc/update_hmm_only",
                "qc/update_hmm_only/update_hmm_only.fasta",
                "qc/update_hmm_only/update_hmm_only.log",
                "qc/update_hmm_only/update_hmm_only_after.tsv",
                "qc/update_hmm_only/update_hmm_only_after_mqc.txt",
                "qc/update_hmm_only/update_hmm_only_before.tsv",
                "qc/update_hmm_only/update_hmm_only_before_mqc.txt",
                "qc/update_hmm_seed_full",
                "qc/update_hmm_seed_full/update_hmm_seed_full.fasta",
                "qc/update_hmm_seed_full/update_hmm_seed_full.log",
                "qc/update_hmm_seed_full/update_hmm_seed_full_after.tsv",
                "qc/update_hmm_seed_full/update_hmm_seed_full_after_mqc.txt",
                "qc/update_hmm_seed_full/update_hmm_seed_full_before.tsv",
                "qc/update_hmm_seed_full/update_hmm_seed_full_before_mqc.txt",
                "qc/update_hmm_seed_gz",
                "qc/update_hmm_seed_gz/update_hmm_seed_gz.fasta",
                "qc/update_hmm_seed_gz/update_hmm_seed_gz.log",
                "qc/update_hmm_seed_gz/update_hmm_seed_gz_after.tsv",
                "qc/update_hmm_seed_gz/update_hmm_seed_gz_after_mqc.txt",
                "qc/update_hmm_seed_gz/update_hmm_seed_gz_before.tsv",
                "qc/update_hmm_seed_gz/update_hmm_seed_gz_before_mqc.txt",
                "remove_redundancy",
                "remove_redundancy/create_only",
                "remove_redundancy/create_only/redundant_fam_ids.txt",
                "remove_redundancy/create_only/similar_fam_ids.txt",
                "remove_redundancy/update_hmm_only",
                "remove_redundancy/update_hmm_only/redundant_fam_ids.txt",
                "remove_redundancy/update_hmm_only/similar_fam_ids.txt",
                "remove_redundancy/update_hmm_seed_full",
                "remove_redundancy/update_hmm_seed_full/redundant_fam_ids.txt",
                "remove_redundancy/update_hmm_seed_full/similar_fam_ids.txt",
                "remove_redundancy/update_hmm_seed_gz",
                "remove_redundancy/update_hmm_seed_gz/redundant_fam_ids.txt",
                "remove_redundancy/update_hmm_seed_gz/similar_fam_ids.txt",
                "seed_msa",
                "seed_msa/filtered",
                "seed_msa/filtered/create_only",
                "seed_msa/filtered/create_only/create_only_1.aln",
                "seed_msa/filtered/create_only/create_only_2.aln",
                "seed_msa/filtered/create_only/create_only_3.aln",
                "seed_msa/filtered/create_only/create_only_5.aln",
                "seed_msa/filtered/create_only/create_only_7.aln",
                "seed_msa/filtered/update_hmm_only",
                "seed_msa/filtered/update_hmm_only/update_hmm_only_1.aln",
                "seed_msa/filtered/update_hmm_only/update_hmm_only_2.aln",
                "seed_msa/filtered/update_hmm_seed_full",
                "seed_msa/filtered/update_hmm_seed_full/update_hmm_seed_full_1.aln",
                "seed_msa/filtered/update_hmm_seed_full/update_hmm_seed_full_2.aln",
                "seed_msa/filtered/update_hmm_seed_gz",
                "seed_msa/filtered/update_hmm_seed_gz/update_hmm_seed_gz_1.aln",
                "seed_msa/filtered/update_hmm_seed_gz/update_hmm_seed_gz_2.aln",
                "seed_msa/filtered/update_hmm_seed_gz/update_hmm_seed_gz_4.aln",
                "seed_msa/filtered/update_hmm_seed_gz/update_hmm_seed_gz_6.aln",
                "seed_msa/raw",
                "seed_msa/raw/famsa_align",
                "seed_msa/raw/famsa_align/create_only",
                "seed_msa/raw/famsa_align/create_only/create_only_1.aln",
                "seed_msa/raw/famsa_align/create_only/create_only_2.aln",
                "seed_msa/raw/famsa_align/create_only/create_only_3.aln",
                "seed_msa/raw/famsa_align/create_only/create_only_4.aln",
                "seed_msa/raw/famsa_align/create_only/create_only_5.aln",
                "seed_msa/raw/famsa_align/create_only/create_only_6.aln",
                "seed_msa/raw/famsa_align/create_only/create_only_7.aln",
                "seed_msa/raw/famsa_align/update_hmm_only",
                "seed_msa/raw/famsa_align/update_hmm_only/update_hmm_only_1.aln",
                "seed_msa/raw/famsa_align/update_hmm_only/update_hmm_only_2.aln",
                "seed_msa/raw/famsa_align/update_hmm_seed_full",
                "seed_msa/raw/famsa_align/update_hmm_seed_full/update_hmm_seed_full_1.aln",
                "seed_msa/raw/famsa_align/update_hmm_seed_full/update_hmm_seed_full_2.aln",
                "seed_msa/raw/famsa_align/update_hmm_seed_gz",
                "seed_msa/raw/famsa_align/update_hmm_seed_gz/update_hmm_seed_gz_1.aln",
                "seed_msa/raw/famsa_align/update_hmm_seed_gz/update_hmm_seed_gz_2.aln",
                "seed_msa/raw/famsa_align/update_hmm_seed_gz/update_hmm_seed_gz_3.aln",
                "seed_msa/raw/famsa_align/update_hmm_seed_gz/update_hmm_seed_gz_4.aln",
                "seed_msa/raw/famsa_align/update_hmm_seed_gz/update_hmm_seed_gz_5.aln",
                "seed_msa/raw/famsa_align/update_hmm_seed_gz/update_hmm_seed_gz_6.aln",
                "seed_msa/raw/trimmed",
                "seed_msa/raw/trimmed/create_only",
                "seed_msa/raw/trimmed/create_only/create_only_1.aln",
                "seed_msa/raw/trimmed/create_only/create_only_2.aln",
                "seed_msa/raw/trimmed/create_only/create_only_3.aln",
                "seed_msa/raw/trimmed/create_only/create_only_4.aln",
                "seed_msa/raw/trimmed/create_only/create_only_5.aln",
                "seed_msa/raw/trimmed/create_only/create_only_6.aln",
                "seed_msa/raw/trimmed/create_only/create_only_7.aln",
                "seed_msa/raw/trimmed/update_hmm_only",
                "seed_msa/raw/trimmed/update_hmm_only/update_hmm_only_1.aln",
                "seed_msa/raw/trimmed/update_hmm_only/update_hmm_only_2.aln",
                "seed_msa/raw/trimmed/update_hmm_seed_full",
                "seed_msa/raw/trimmed/update_hmm_seed_full/update_hmm_seed_full_1.aln",
                "seed_msa/raw/trimmed/update_hmm_seed_full/update_hmm_seed_full_2.aln",
                "seed_msa/raw/trimmed/update_hmm_seed_gz",
                "seed_msa/raw/trimmed/update_hmm_seed_gz/update_hmm_seed_gz_1.aln",
                "seed_msa/raw/trimmed/update_hmm_seed_gz/update_hmm_seed_gz_2.aln",
                "seed_msa/raw/trimmed/update_hmm_seed_gz/update_hmm_seed_gz_3.aln",
                "seed_msa/raw/trimmed/update_hmm_seed_gz/update_hmm_seed_gz_4.aln",
                "seed_msa/raw/trimmed/update_hmm_seed_gz/update_hmm_seed_gz_5.aln",
                "seed_msa/raw/trimmed/update_hmm_seed_gz/update_hmm_seed_gz_6.aln",
                "update_families",
                "update_families/family_reps",
                "update_families/family_reps/update_hmm_only",
                "update_families/family_reps/update_hmm_only/update_hmm_only.tsv",
                "update_families/family_reps/update_hmm_only/update_hmm_only_meta_mqc.csv",
                "update_families/family_reps/update_hmm_only/update_hmm_only_reps.faa",
                "update_families/family_reps/update_hmm_seed_full",
                "update_families/family_reps/update_hmm_seed_full/update_hmm_seed_full.tsv",
                "update_families/family_reps/update_hmm_seed_full/update_hmm_seed_full_meta_mqc.csv",
                "update_families/family_reps/update_hmm_seed_full/update_hmm_seed_full_reps.faa",
                "update_families/family_reps/update_hmm_seed_gz",
                "update_families/family_reps/update_hmm_seed_gz/update_hmm_seed_gz.tsv",
                "update_families/family_reps/update_hmm_seed_gz/update_hmm_seed_gz_meta_mqc.csv",
                "update_families/family_reps/update_hmm_seed_gz/update_hmm_seed_gz_reps.faa",
                "update_families/full_msa",
                "update_families/full_msa/raw",
                "update_families/full_msa/raw/hhsuite_reformat",
                "update_families/full_msa/raw/hhsuite_reformat/update_hmm_only",
                "update_families/full_msa/raw/hhsuite_reformat/update_hmm_only/existing_fam_1.fas.gz",
                "update_families/full_msa/raw/hhsuite_reformat/update_hmm_only/existing_fam_2.fas.gz",
                "update_families/full_msa/raw/hhsuite_reformat/update_hmm_only/existing_fam_3.fas.gz",
                "update_families/full_msa/raw/hhsuite_reformat/update_hmm_only/existing_fam_4.fas.gz",
                "update_families/full_msa/raw/hhsuite_reformat/update_hmm_seed_full",
                "update_families/full_msa/raw/hhsuite_reformat/update_hmm_seed_full/existing_fam_1.fas.gz",
                "update_families/full_msa/raw/hhsuite_reformat/update_hmm_seed_full/existing_fam_2.fas.gz",
                "update_families/full_msa/raw/hhsuite_reformat/update_hmm_seed_full/existing_fam_3.fas.gz",
                "update_families/full_msa/raw/hhsuite_reformat/update_hmm_seed_full/existing_fam_4.fas.gz",
                "update_families/full_msa/raw/hhsuite_reformat/update_hmm_seed_full/existing_fam_zero_hits.fas.gz",
                "update_families/full_msa/raw/hhsuite_reformat/update_hmm_seed_gz",
                "update_families/full_msa/raw/hhsuite_reformat/update_hmm_seed_gz/existing_fam_1.fas.gz",
                "update_families/full_msa/raw/hhsuite_reformat/update_hmm_seed_gz/existing_fam_2.fas.gz",
                "update_families/full_msa/raw/hhsuite_reformat/update_hmm_seed_gz/existing_fam_3.fas.gz",
                "update_families/full_msa/raw/hhsuite_reformat/update_hmm_seed_gz/existing_fam_4.fas.gz",
                "update_families/full_msa/raw/hmmer_hmmalign",
                "update_families/full_msa/raw/hmmer_hmmalign/update_hmm_only",
                "update_families/full_msa/raw/hmmer_hmmalign/update_hmm_only/existing_fam_1.sto.gz",
                "update_families/full_msa/raw/hmmer_hmmalign/update_hmm_only/existing_fam_2.sto.gz",
                "update_families/full_msa/raw/hmmer_hmmalign/update_hmm_only/existing_fam_3.sto.gz",
                "update_families/full_msa/raw/hmmer_hmmalign/update_hmm_only/existing_fam_4.sto.gz",
                "update_families/full_msa/raw/hmmer_hmmalign/update_hmm_seed_full",
                "update_families/full_msa/raw/hmmer_hmmalign/update_hmm_seed_full/existing_fam_1.sto.gz",
                "update_families/full_msa/raw/hmmer_hmmalign/update_hmm_seed_full/existing_fam_2.sto.gz",
                "update_families/full_msa/raw/hmmer_hmmalign/update_hmm_seed_full/existing_fam_3.sto.gz",
                "update_families/full_msa/raw/hmmer_hmmalign/update_hmm_seed_full/existing_fam_4.sto.gz",
                "update_families/full_msa/raw/hmmer_hmmalign/update_hmm_seed_full/existing_fam_zero_hits.sto.gz",
                "update_families/full_msa/raw/hmmer_hmmalign/update_hmm_seed_gz",
                "update_families/full_msa/raw/hmmer_hmmalign/update_hmm_seed_gz/existing_fam_1.sto.gz",
                "update_families/full_msa/raw/hmmer_hmmalign/update_hmm_seed_gz/existing_fam_2.sto.gz",
                "update_families/full_msa/raw/hmmer_hmmalign/update_hmm_seed_gz/existing_fam_3.sto.gz",
                "update_families/full_msa/raw/hmmer_hmmalign/update_hmm_seed_gz/existing_fam_4.sto.gz",
                "update_families/hmm",
                "update_families/hmm/raw",
                "update_families/hmm/raw/hmmer_hmmbuild",
                "update_families/hmm/raw/hmmer_hmmbuild/update_hmm_only",
                "update_families/hmm/raw/hmmer_hmmbuild/update_hmm_only/existing_fam_1.hmm.gz",
                "update_families/hmm/raw/hmmer_hmmbuild/update_hmm_only/existing_fam_2.hmm.gz",
                "update_families/hmm/raw/hmmer_hmmbuild/update_hmm_only/existing_fam_3.hmm.gz",
                "update_families/hmm/raw/hmmer_hmmbuild/update_hmm_only/existing_fam_4.hmm.gz",
                "update_families/hmm/raw/hmmer_hmmbuild/update_hmm_seed_full",
                "update_families/hmm/raw/hmmer_hmmbuild/update_hmm_seed_full/existing_fam_1.hmm.gz",
                "update_families/hmm/raw/hmmer_hmmbuild/update_hmm_seed_full/existing_fam_2.hmm.gz",
                "update_families/hmm/raw/hmmer_hmmbuild/update_hmm_seed_full/existing_fam_3.hmm.gz",
                "update_families/hmm/raw/hmmer_hmmbuild/update_hmm_seed_full/existing_fam_4.hmm.gz",
                "update_families/hmm/raw/hmmer_hmmbuild/update_hmm_seed_full/existing_fam_zero_hits.hmm.gz",
                "update_families/hmm/raw/hmmer_hmmbuild/update_hmm_seed_gz",
                "update_families/hmm/raw/hmmer_hmmbuild/update_hmm_seed_gz/existing_fam_1.hmm.gz",
                "update_families/hmm/raw/hmmer_hmmbuild/update_hmm_seed_gz/existing_fam_2.hmm.gz",
                "update_families/hmm/raw/hmmer_hmmbuild/update_hmm_seed_gz/existing_fam_3.hmm.gz",
                "update_families/hmm/raw/hmmer_hmmbuild/update_hmm_seed_gz/existing_fam_4.hmm.gz",
                "update_families/passed_through_families",
                "update_families/passed_through_families/update_hmm_only_passed_through_existing_families.tsv",
                "update_families/passed_through_families/update_hmm_seed_full_passed_through_existing_families.tsv",
                "update_families/passed_through_families/update_hmm_seed_gz_passed_through_existing_families.tsv",
                "update_families/seed_msa",
                "update_families/seed_msa/raw",
                "update_families/seed_msa/raw/famsa_align",
                "update_families/seed_msa/raw/famsa_align/update_hmm_only",
                "update_families/seed_msa/raw/famsa_align/update_hmm_only/existing_fam_1.aln",
                "update_families/seed_msa/raw/famsa_align/update_hmm_only/existing_fam_2.aln",
                "update_families/seed_msa/raw/famsa_align/update_hmm_only/existing_fam_3.aln",
                "update_families/seed_msa/raw/famsa_align/update_hmm_only/existing_fam_4.aln",
                "update_families/seed_msa/raw/famsa_align/update_hmm_seed_full",
                "update_families/seed_msa/raw/famsa_align/update_hmm_seed_full/existing_fam_1.aln",
                "update_families/seed_msa/raw/famsa_align/update_hmm_seed_full/existing_fam_2.aln",
                "update_families/seed_msa/raw/famsa_align/update_hmm_seed_full/existing_fam_3.aln",
                "update_families/seed_msa/raw/famsa_align/update_hmm_seed_full/existing_fam_4.aln",
                "update_families/seed_msa/raw/famsa_align/update_hmm_seed_full/existing_fam_zero_hits.aln",
                "update_families/seed_msa/raw/famsa_align/update_hmm_seed_gz",
                "update_families/seed_msa/raw/famsa_align/update_hmm_seed_gz/existing_fam_1.aln",
                "update_families/seed_msa/raw/famsa_align/update_hmm_seed_gz/existing_fam_2.aln",
                "update_families/seed_msa/raw/famsa_align/update_hmm_seed_gz/existing_fam_3.aln",
                "update_families/seed_msa/raw/famsa_align/update_hmm_seed_gz/existing_fam_4.aln",
                "update_families/seed_msa/raw/trimmed",
                "update_families/seed_msa/raw/trimmed/update_hmm_only",
                "update_families/seed_msa/raw/trimmed/update_hmm_only/existing_fam_1.aln",
                "update_families/seed_msa/raw/trimmed/update_hmm_only/existing_fam_2.aln",
                "update_families/seed_msa/raw/trimmed/update_hmm_only/existing_fam_3.aln",
                "update_families/seed_msa/raw/trimmed/update_hmm_only/existing_fam_4.aln",
                "update_families/seed_msa/raw/trimmed/update_hmm_seed_full",
                "update_families/seed_msa/raw/trimmed/update_hmm_seed_full/existing_fam_1.aln",
                "update_families/seed_msa/raw/trimmed/update_hmm_seed_full/existing_fam_2.aln",
                "update_families/seed_msa/raw/trimmed/update_hmm_seed_full/existing_fam_3.aln",
                "update_families/seed_msa/raw/trimmed/update_hmm_seed_full/existing_fam_4.aln",
                "update_families/seed_msa/raw/trimmed/update_hmm_seed_full/existing_fam_zero_hits.aln",
                "update_families/seed_msa/raw/trimmed/update_hmm_seed_gz",
                "update_families/seed_msa/raw/trimmed/update_hmm_seed_gz/existing_fam_1.aln",
                "update_families/seed_msa/raw/trimmed/update_hmm_seed_gz/existing_fam_2.aln",
                "update_families/seed_msa/raw/trimmed/update_hmm_seed_gz/existing_fam_3.aln",
                "update_families/seed_msa/raw/trimmed/update_hmm_seed_gz/existing_fam_4.aln"
            ],
            [
                "create_only.tsv:md5,f47a58606da673b7cea2efe991b0f8aa",
                "create_only_meta_mqc.csv:md5,c038d7674f1415b54ccb2d8ad072f724",
                "create_only_reps.faa:md5,b84c601b8533b9c457804ab3804c01fe",
                "update_hmm_only.tsv:md5,28ecaa32ab072b5675ab56be2f2ed803",
                "update_hmm_only_meta_mqc.csv:md5,0975e7443df6f832a144edf1d5a76182",
                "update_hmm_only_reps.faa:md5,d2b9441d4a88523fb0e9116e0eadefac",
                "update_hmm_seed_full.tsv:md5,0c4579802ec4f91ec6549743a533203b",
                "update_hmm_seed_full_meta_mqc.csv:md5,55122815b94ae041c6406beb69b37891",
                "update_hmm_seed_full_reps.faa:md5,d2b9441d4a88523fb0e9116e0eadefac",
                "update_hmm_seed_gz.tsv:md5,7c19d66a926400fc793c402cb354802f",
                "update_hmm_seed_gz_meta_mqc.csv:md5,565e41984f86f3ef0302cf48babe9197",
                "update_hmm_seed_gz_reps.faa:md5,cbbfa81963d4b8df949524df37dc36d6",
                "create_only_1.faa:md5,185132debb362d959236b53dc72e0a28",
                "create_only_2.faa:md5,508aa98e5ad0870c7d22ab22f692bbfc",
                "create_only_3.faa:md5,a4153d46c4664f0baf3b2235b0514844",
                "create_only_5.faa:md5,02b1792ceb99d7178c2ae9f6523042a3",
                "create_only_7.faa:md5,22182a8394d6d390b613ff61942a876b",
                "update_hmm_only_1.faa:md5,5390cf51ddd52cb8419a0a25bc96dc48",
                "update_hmm_only_2.faa:md5,4ea00d922cb6dac112536ad736aae529",
                "update_hmm_seed_full_1.faa:md5,5390cf51ddd52cb8419a0a25bc96dc48",
                "update_hmm_seed_full_2.faa:md5,4ea00d922cb6dac112536ad736aae529",
                "update_hmm_seed_gz_1.faa:md5,a4153d46c4664f0baf3b2235b0514844",
                "update_hmm_seed_gz_2.faa:md5,6f615ddcfcb885fb452c92ed0adde488",
                "update_hmm_seed_gz_4.faa:md5,02b1792ceb99d7178c2ae9f6523042a3",
                "update_hmm_seed_gz_6.faa:md5,e2d2bcd064ffa852119f531692eff48b",
                "create_only_1.aln:md5,a833ce486859fba9cbf20101e98bddc8",
                "create_only_2.aln:md5,531926ea1d7fcec34ffce39fb229e69f",
                "create_only_3.aln:md5,a28d7a1d9df23cccc82a02cc9f2dffe5",
                "create_only_5.aln:md5,da0a4e185cd980544969c7174ce9bf65",
                "create_only_7.aln:md5,32a700973a129710534b9697e628b87c",
                "update_hmm_only_1.aln:md5,5390cf51ddd52cb8419a0a25bc96dc48",
                "update_hmm_only_2.aln:md5,c9beca359afe7e77b8a166af0f94a35f",
                "update_hmm_seed_full_1.aln:md5,5390cf51ddd52cb8419a0a25bc96dc48",
                "update_hmm_seed_full_2.aln:md5,c9beca359afe7e77b8a166af0f94a35f",
                "update_hmm_seed_gz_1.aln:md5,a28d7a1d9df23cccc82a02cc9f2dffe5",
                "update_hmm_seed_gz_2.aln:md5,f8b67b0c89c66ed30e4419e6db82ada3",
                "update_hmm_seed_gz_4.aln:md5,da0a4e185cd980544969c7174ce9bf65",
                "update_hmm_seed_gz_6.aln:md5,dd9c8a8f857c2e3452b932843aac3816",
                "create_only_1.sto.gz:md5,bc5444c9a4061c1f98a7d158b4818a58",
                "create_only_2.sto.gz:md5,ec1b7720ffdff90ea1d05f7fb0606683",
                "create_only_3.sto.gz:md5,93d4f5b7b89ead091ef68dedd70ca2f5",
                "create_only_4.sto.gz:md5,086418bf1a179830f2861b60d4f81ca2",
                "create_only_5.sto.gz:md5,dcbb5c71c347a5ff37270d8d1442e950",
                "create_only_6.sto.gz:md5,034bb006a4dc8a45e5d11111575355bf",
                "create_only_7.sto.gz:md5,e962e2d7e32fba8685d9670709a6835c",
                "update_hmm_only_1.sto.gz:md5,a6d97476dc6eb417207cf40742773fa1",
                "update_hmm_only_2.sto.gz:md5,ebb1aea3d9b959cf4bad71b2a41c22d3",
                "update_hmm_seed_full_1.sto.gz:md5,a6d97476dc6eb417207cf40742773fa1",
                "update_hmm_seed_full_2.sto.gz:md5,ebb1aea3d9b959cf4bad71b2a41c22d3",
                "update_hmm_seed_gz_1.sto.gz:md5,93d4f5b7b89ead091ef68dedd70ca2f5",
                "update_hmm_seed_gz_2.sto.gz:md5,6f37e5ace9187b794fada5e036c82139",
                "update_hmm_seed_gz_3.sto.gz:md5,086418bf1a179830f2861b60d4f81ca2",
                "update_hmm_seed_gz_4.sto.gz:md5,dcbb5c71c347a5ff37270d8d1442e950",
                "update_hmm_seed_gz_5.sto.gz:md5,034bb006a4dc8a45e5d11111575355bf",
                "update_hmm_seed_gz_6.sto.gz:md5,a48f51814151385833f1d9642f809e8a",
                "existing_fam_1.tsv:md5,82fa39a5227332c082cc87e62c15e9cc",
                "existing_fam_2.tsv:md5,4e069597e41a469ac5c61804cfb2f335",
                "existing_fam_3.tsv:md5,c7c8c536be580e4d56ae295086de48da",
                "existing_fam_4.tsv:md5,465dd2b7136c544aab3761c14cff58ca",
                "existing_fam_1.tsv:md5,225702db728efeb039f1ddcfc70f2f6b",
                "existing_fam_2.tsv:md5,4e069597e41a469ac5c61804cfb2f335",
                "existing_fam_3.tsv:md5,c7c8c536be580e4d56ae295086de48da",
                "existing_fam_4.tsv:md5,465dd2b7136c544aab3761c14cff58ca",
                "existing_fam_zero_hits.tsv:md5,591519f6d54937a8d959ad9cf6b69101",
                "existing_fam_1.tsv:md5,94d8d62135cd139449a9487c7e052989",
                "existing_fam_2.tsv:md5,38983da91fea6c078c24b59cdfa46fdb",
                "existing_fam_3.tsv:md5,8ba5dc0fc55e1bd93742a027ed333311",
                "existing_fam_4.tsv:md5,248b772813a7308034ab640c8f5af7e6",
                "multiqc_citations.txt:md5,4c806e63a283ec1b7e78cdae3a923d4f",
                "multiqc_create_only_after.txt:md5,3a4a72598a73a4830626c9b4887f1d66",
                "multiqc_create_only_before.txt:md5,7f975cad14f7dbd4769083e22cc05a83",
                "multiqc_create_only_cluster_distribution.txt:md5,9f310a12f74e4e64764f5831e5f8b02c",
                "multiqc_update_hmm_only_after.txt:md5,f4a92d1d748cef8e17690db571b51d3a",
                "multiqc_update_hmm_only_before.txt:md5,6f77349a1cd573d228f862d68e538d58",
                "multiqc_update_hmm_only_cluster_distribution.txt:md5,3efb62c50b29e8a4d78ea84b827257cc",
                "multiqc_update_hmm_seed_full_after.txt:md5,7233e2c1a0eae9f0f8d91666fe7ec11b",
                "multiqc_update_hmm_seed_full_before.txt:md5,6f77349a1cd573d228f862d68e538d58",
                "multiqc_update_hmm_seed_full_cluster_distribution.txt:md5,3efb62c50b29e8a4d78ea84b827257cc",
                "multiqc_update_hmm_seed_gz_after.txt:md5,807f9810482fc145ca5a3ff6144a0418",
                "multiqc_update_hmm_seed_gz_before.txt:md5,54c1e08d4cb5351dde84fd08eff9f887",
                "multiqc_update_hmm_seed_gz_cluster_distribution.txt:md5,a4153fa14ff3c3659c6e04fa8edec6cf",
                "create_only.log:md5,a41135cfe024baaf42f135583fe73f0d",
                "create_only_before.tsv:md5,eb88faa675b2d0c6a9ebbff1aecb33a3",
                "create_only_before_mqc.txt:md5,45de3e3c31c354347494309581b9ad2a",
                "update_hmm_only.log:md5,a41135cfe024baaf42f135583fe73f0d",
                "update_hmm_only_before.tsv:md5,7d2fdf1eb70ec19fa28d5a0084659899",
                "update_hmm_only_before_mqc.txt:md5,7d6351c17db6eade43aed5bcee84465c",
                "update_hmm_seed_full.log:md5,a41135cfe024baaf42f135583fe73f0d",
                "update_hmm_seed_full_before.tsv:md5,7d2fdf1eb70ec19fa28d5a0084659899",
                "update_hmm_seed_full_before_mqc.txt:md5,7d6351c17db6eade43aed5bcee84465c",
                "update_hmm_seed_gz.log:md5,a41135cfe024baaf42f135583fe73f0d",
                "update_hmm_seed_gz_before.tsv:md5,b18cdf93c41c21a2f5ec695e3df5c6bf",
                "update_hmm_seed_gz_before_mqc.txt:md5,57afa0cca0ea5b4b8f910104d2ccfaa3",
                "redundant_fam_ids.txt:md5,7bacd4745695ccc60332b17d61e72532",
                "similar_fam_ids.txt:md5,d41d8cd98f00b204e9800998ecf8427e",
                "redundant_fam_ids.txt:md5,d41d8cd98f00b204e9800998ecf8427e",
                "similar_fam_ids.txt:md5,d41d8cd98f00b204e9800998ecf8427e",
                "redundant_fam_ids.txt:md5,d41d8cd98f00b204e9800998ecf8427e",
                "similar_fam_ids.txt:md5,d41d8cd98f00b204e9800998ecf8427e",
                "redundant_fam_ids.txt:md5,8fec934ad282894bc92c1466ca22f005",
                "similar_fam_ids.txt:md5,d41d8cd98f00b204e9800998ecf8427e",
                "create_only_1.aln:md5,42ccad426dd97cf180fff3462f4ffbd7",
                "create_only_2.aln:md5,fa91c7c3eb6c52807d68705cd9677119",
                "create_only_3.aln:md5,6416beddf5cfb328402737e163b85851",
                "create_only_5.aln:md5,72037330d3d7b3962cc64bb14cffb8af",
                "create_only_7.aln:md5,e25c22eba4f49e12153f00f39088d87b",
                "update_hmm_only_1.aln:md5,bab0f002dbe1d97a3ad2ede1c297c854",
                "update_hmm_only_2.aln:md5,035fb8720c8eb208de8640349e0f5edb",
                "update_hmm_seed_full_1.aln:md5,bab0f002dbe1d97a3ad2ede1c297c854",
                "update_hmm_seed_full_2.aln:md5,035fb8720c8eb208de8640349e0f5edb",
                "update_hmm_seed_gz_1.aln:md5,6416beddf5cfb328402737e163b85851",
                "update_hmm_seed_gz_2.aln:md5,f7339fd03282b0c36601c57d74774803",
                "update_hmm_seed_gz_4.aln:md5,72037330d3d7b3962cc64bb14cffb8af",
                "update_hmm_seed_gz_6.aln:md5,713c7adc8dfef71d0fa35d7c2c5d3b82",
                "create_only_1.aln:md5,4e8c23d370e3637db7d1897c012014b9",
                "create_only_2.aln:md5,5d5939048bf81acab03d22345ad96d02",
                "create_only_3.aln:md5,83cd617eba871e7734bd3f8dfac6767c",
                "create_only_4.aln:md5,4c3673472b46006ec4aea0c341dea7a4",
                "create_only_5.aln:md5,f6e71b8537b6fde353301665d5a8ed51",
                "create_only_6.aln:md5,b010fce4736ab1a4f9060bba1a19eeb7",
                "create_only_7.aln:md5,dede6abd4794241858de7121372d5408",
                "update_hmm_only_1.aln:md5,db5d0629d43dde03b93c28d8d2813963",
                "update_hmm_only_2.aln:md5,d4b146aa099a5c7027e4b4ec91fcb29f",
                "update_hmm_seed_full_1.aln:md5,db5d0629d43dde03b93c28d8d2813963",
                "update_hmm_seed_full_2.aln:md5,d4b146aa099a5c7027e4b4ec91fcb29f",
                "update_hmm_seed_gz_1.aln:md5,83cd617eba871e7734bd3f8dfac6767c",
                "update_hmm_seed_gz_2.aln:md5,b3a9cdf9547438eb45834b2e2b3abcff",
                "update_hmm_seed_gz_3.aln:md5,4c3673472b46006ec4aea0c341dea7a4",
                "update_hmm_seed_gz_4.aln:md5,f6e71b8537b6fde353301665d5a8ed51",
                "update_hmm_seed_gz_5.aln:md5,b010fce4736ab1a4f9060bba1a19eeb7",
                "update_hmm_seed_gz_6.aln:md5,806e42aed3aad750509814c25092fb51",
                "create_only_1.aln:md5,42ccad426dd97cf180fff3462f4ffbd7",
                "create_only_2.aln:md5,fa91c7c3eb6c52807d68705cd9677119",
                "create_only_3.aln:md5,6416beddf5cfb328402737e163b85851",
                "create_only_4.aln:md5,2c93a08c2896bdeb586cf3c0e32b3c8b",
                "create_only_5.aln:md5,72037330d3d7b3962cc64bb14cffb8af",
                "create_only_6.aln:md5,1e9d90f104f0e52c32d3276a961fd00a",
                "create_only_7.aln:md5,e25c22eba4f49e12153f00f39088d87b",
                "update_hmm_only_1.aln:md5,bab0f002dbe1d97a3ad2ede1c297c854",
                "update_hmm_only_2.aln:md5,035fb8720c8eb208de8640349e0f5edb",
                "update_hmm_seed_full_1.aln:md5,bab0f002dbe1d97a3ad2ede1c297c854",
                "update_hmm_seed_full_2.aln:md5,035fb8720c8eb208de8640349e0f5edb",
                "update_hmm_seed_gz_1.aln:md5,6416beddf5cfb328402737e163b85851",
                "update_hmm_seed_gz_2.aln:md5,f7339fd03282b0c36601c57d74774803",
                "update_hmm_seed_gz_3.aln:md5,2c93a08c2896bdeb586cf3c0e32b3c8b",
                "update_hmm_seed_gz_4.aln:md5,72037330d3d7b3962cc64bb14cffb8af",
                "update_hmm_seed_gz_5.aln:md5,1e9d90f104f0e52c32d3276a961fd00a",
                "update_hmm_seed_gz_6.aln:md5,713c7adc8dfef71d0fa35d7c2c5d3b82",
                "update_hmm_only.tsv:md5,0b89ea2edf93916c82a1160cde5d0c82",
                "update_hmm_only_meta_mqc.csv:md5,a42c183a34507462d4fef93c9c0273c3",
                "update_hmm_only_reps.faa:md5,f420aa411165ff81fec5e12388ce45a8",
                "update_hmm_seed_full.tsv:md5,a6603a26d91fd46c818718e334e6c19f",
                "update_hmm_seed_full_meta_mqc.csv:md5,d5b7d64eff4830d2ae6177718aa3f2d3",
                "update_hmm_seed_full_reps.faa:md5,66ac97a248838ad16c65ae5e08b01669",
                "update_hmm_seed_gz.tsv:md5,c2c8a661d68234fe26bc7a36eec8fabd",
                "update_hmm_seed_gz_meta_mqc.csv:md5,c6e4cc6df1141bcb1aa3691dc18b45b9",
                "update_hmm_seed_gz_reps.faa:md5,ccea363959aced61f137c2f245c7f396",
                "existing_fam_1.fas.gz:md5,2df010b78ea7a44384d23c269cef597a",
                "existing_fam_2.fas.gz:md5,2fa3dba690ffc16fe4b38ab572467d91",
                "existing_fam_3.fas.gz:md5,e045affc59e50f770ea86f036d5755bf",
                "existing_fam_4.fas.gz:md5,180e1a1a7f827cd2db19df8b246eb4ef",
                "existing_fam_1.fas.gz:md5,fec4fed721b7744a220e8ec60b19fa7f",
                "existing_fam_2.fas.gz:md5,2fa3dba690ffc16fe4b38ab572467d91",
                "existing_fam_3.fas.gz:md5,e045affc59e50f770ea86f036d5755bf",
                "existing_fam_4.fas.gz:md5,180e1a1a7f827cd2db19df8b246eb4ef",
                "existing_fam_zero_hits.fas.gz:md5,817ff0b02946d720deb5b7b48bb076ac",
                "existing_fam_1.fas.gz:md5,641785ffbbb7c05c1ff6a887468d4264",
                "existing_fam_2.fas.gz:md5,1bc6b31e1a3074d8d89d495fe1df8ab5",
                "existing_fam_3.fas.gz:md5,b20f48b40c907373be755dce61b1f702",
                "existing_fam_4.fas.gz:md5,e12a5c84b24712d3ae3f43d70b99dcc1",
                "existing_fam_1.sto.gz:md5,aa689909217d5b789524eb530867a755",
                "existing_fam_2.sto.gz:md5,6fb394cde2871b8674ffb36ded8376f8",
                "existing_fam_3.sto.gz:md5,d11cb055c6aa325d67b2d285ccb094b5",
                "existing_fam_4.sto.gz:md5,7af20bcc96fa1fe1a90a9255234443dd",
                "existing_fam_1.sto.gz:md5,6deddb3192780a4febd2ee34b8661537",
                "existing_fam_2.sto.gz:md5,6fb394cde2871b8674ffb36ded8376f8",
                "existing_fam_3.sto.gz:md5,d11cb055c6aa325d67b2d285ccb094b5",
                "existing_fam_4.sto.gz:md5,7af20bcc96fa1fe1a90a9255234443dd",
                "existing_fam_zero_hits.sto.gz:md5,17fc249d0790091158a169338dbe36de",
                "existing_fam_1.sto.gz:md5,fd22eadfc586a83adb459fa46b71dddd",
                "existing_fam_2.sto.gz:md5,b68d050fb17f5d206cdcb81ab2ef8356",
                "existing_fam_3.sto.gz:md5,1718c5b8a207e5e7d37f2a83c6f41cf4",
                "existing_fam_4.sto.gz:md5,5f1d888e0c0a7dec237d1a0595a4adfe",
                "update_hmm_only_passed_through_existing_families.tsv:md5,919b67773a2f3ba80861a2aa7e7e2fda",
                "update_hmm_seed_full_passed_through_existing_families.tsv:md5,ea8f6f94940e6a23a3b92ddc9687f70f",
                "update_hmm_seed_gz_passed_through_existing_families.tsv:md5,919b67773a2f3ba80861a2aa7e7e2fda",
                "existing_fam_1.aln:md5,9ec970375a86d386f0df22bf0928b3cd",
                "existing_fam_2.aln:md5,a5e0fde10f8190bda71da84f725409ab",
                "existing_fam_3.aln:md5,5cedcf191baa6639e5057f4c15ddbe5a",
                "existing_fam_4.aln:md5,bd7edd3b43f7d2b01750cf0d522154c7",
                "existing_fam_1.aln:md5,05fa20459814e73d65fee2477f2bd917",
                "existing_fam_2.aln:md5,a5e0fde10f8190bda71da84f725409ab",
                "existing_fam_3.aln:md5,5cedcf191baa6639e5057f4c15ddbe5a",
                "existing_fam_4.aln:md5,bd7edd3b43f7d2b01750cf0d522154c7",
                "existing_fam_zero_hits.aln:md5,d9904e05df0045267b2ffcb83b4b5cdc",
                "existing_fam_1.aln:md5,7837013dab0c065b96ffbf58200a088c",
                "existing_fam_2.aln:md5,9832f9d4ebcee5e0f1ed50d2f1bae1a0",
                "existing_fam_3.aln:md5,31440812699c5b8027b862206319a9b2",
                "existing_fam_4.aln:md5,a44c1d8bf4d6454ef0341f107d1d345d",
                "existing_fam_1.aln:md5,25cd927ae15cc8ae5c0a16078c174412",
                "existing_fam_2.aln:md5,867ded1af915de782693c6c997f0c194",
                "existing_fam_3.aln:md5,34ead8203acd573e7ad5b2aa43242a5d",
                "existing_fam_4.aln:md5,3f999eafea3b49448947cd59f14ac20d",
                "existing_fam_1.aln:md5,3e4d0cfcf52b982ce9e79e8e32b1da92",
                "existing_fam_2.aln:md5,867ded1af915de782693c6c997f0c194",
                "existing_fam_3.aln:md5,34ead8203acd573e7ad5b2aa43242a5d",
                "existing_fam_4.aln:md5,3f999eafea3b49448947cd59f14ac20d",
                "existing_fam_zero_hits.aln:md5,a036421aca347ee5e778f562794980f6",
                "existing_fam_1.aln:md5,afe634738366a09e503511062fb1256e",
                "existing_fam_2.aln:md5,397aa3816bae0502b2de776a85fc6389",
                "existing_fam_3.aln:md5,74799c2cebbf168cf528802fbd12b266",
                "existing_fam_4.aln:md5,47c637cd659b13ec04e6611a2aaa0ce4"
            ],
            [
                "create_only_full_msas.tar.gz: create_only_1.aln=f51fd1f5c8b4314f0faac1d749410d50, create_only_2.aln=303c6051b9cb6bdd3237562182189fe6, create_only_3.aln=ac351c5273cef6550cb2e399ec778b0b, create_only_5.aln=a49bdbb102e5d36a401558b84010c0f4, create_only_7.aln=a3fdfe5bca17bef9a86fd8cbe58b77bf",
                "create_only_hmms.tar.gz: create_only_1.hmm.gz=dc0143545559ba9fca0c2c924e668804, create_only_2.hmm.gz=dada7ceb4abd697dd60c92dd9f232736, create_only_3.hmm.gz=64b493696943e8faa03c1eb28ec0726c, create_only_5.hmm.gz=fbaad3ccff94039da6a885d937554524, create_only_7.hmm.gz=1bccb678b686cb8568d81b8f9bc7b213",
                "create_only_seed_msas.tar.gz: create_only_1.aln=7d087038c1e58c34bb5e28d236a33d28, create_only_2.aln=0e1524aebd12a97f1e428926008f7478, create_only_3.aln=a19a1dd17d357003f701ded33b83cbf6, create_only_5.aln=68adbd055b9ddca190001b020f306ad5, create_only_7.aln=207265361773b3a550927fad9528af7d",
                "update_hmm_only_full_msas.tar.gz: existing_fam_1.fas.gz=8c5b75e8429023bc4dae4e1c3421357f, existing_fam_2.fas.gz=3f3118d76b5fe676fd5687fb19197c14, existing_fam_3.fas.gz=e841a447719397b066a568c96468f903, existing_fam_4.fas.gz=705cb7e9df45afefba4c3f2ff3a710fb, update_hmm_only_1.aln=94c09306cc4456e1e66c79a631e378f8, update_hmm_only_2.aln=a685ce8f5c8fed7cbd1c10a06ffe2751",
                "update_hmm_only_hmms.tar.gz: existing_fam_1.hmm.gz=a61e5aa019754fc77631ed75bfa43a69, existing_fam_2.hmm.gz=b730b32eb60e4810bab9395bae832ad1, existing_fam_3.hmm.gz=24feecd4772661fc2681bd1a51953f16, existing_fam_4.hmm.gz=221c3dd117fa07dd49b3dc43385bf596, existing_fam_zero_hits.hmm.gz=1662fb7101a5920a1137145e768d6608, update_hmm_only_1.hmm.gz=acbd24703550d174047be8847e6197aa, update_hmm_only_2.hmm.gz=608215760c73c83f410bff57e4ff164b",
                "update_hmm_only_seed_msas.tar.gz: existing_fam_1.aln=dfa5c40157a56b8dcb25743b56194f68, existing_fam_2.aln=5e9bc15e7600132fc98c25d385f4fe3e, existing_fam_3.aln=ef03d86964c3b011e4e9de17d95eea37, existing_fam_4.aln=56e7a0c27513e42507e315bbbbdf042d, update_hmm_only_1.aln=a93bd912a642395fd71eaeadea47c9f3, update_hmm_only_2.aln=594618a4575bda2ccb49db615ac017ae",
                "update_hmm_seed_full_full_msas.tar.gz: existing_fam_1.fas.gz=173e51a9b627ac6b4bee6600e4c5b178, existing_fam_2.fas.gz=3f3118d76b5fe676fd5687fb19197c14, existing_fam_3.fas.gz=e841a447719397b066a568c96468f903, existing_fam_4.fas.gz=705cb7e9df45afefba4c3f2ff3a710fb, existing_fam_zero_hits.fas.gz=4ac728a4d7b65e84af6c6f93259bf41d, update_hmm_seed_full_1.aln=94c09306cc4456e1e66c79a631e378f8, update_hmm_seed_full_2.aln=a685ce8f5c8fed7cbd1c10a06ffe2751",
                "update_hmm_seed_full_hmms.tar.gz: existing_fam_1.hmm.gz=bee511cbdaeaff0c4af70489497c01a8, existing_fam_2.hmm.gz=b730b32eb60e4810bab9395bae832ad1, existing_fam_3.hmm.gz=24feecd4772661fc2681bd1a51953f16, existing_fam_4.hmm.gz=221c3dd117fa07dd49b3dc43385bf596, existing_fam_zero_hits.hmm.gz=250e9b207230f7d4eae16e3834c0f6eb, update_hmm_seed_full_1.hmm.gz=0c0d8e296edd47d212311205a5431cbf, update_hmm_seed_full_2.hmm.gz=7f0da0190b46b4b64df9940a2d93a97a",
                "update_hmm_seed_full_seed_msas.tar.gz: existing_fam_1.aln=96c755f4e692e05eabd806269e9a0654, existing_fam_2.aln=5e9bc15e7600132fc98c25d385f4fe3e, existing_fam_3.aln=ef03d86964c3b011e4e9de17d95eea37, existing_fam_4.aln=56e7a0c27513e42507e315bbbbdf042d, existing_fam_zero_hits.aln=5b95acffcd6141546c3cd938a97a739a, update_hmm_seed_full_1.aln=a93bd912a642395fd71eaeadea47c9f3, update_hmm_seed_full_2.aln=594618a4575bda2ccb49db615ac017ae",
                "update_hmm_seed_gz_full_msas.tar.gz: existing_fam_1.fas.gz=9e0d6689aa469356898935af4ddc5701, existing_fam_2.fas.gz=cc77f0a916eab8e85a95b06baafeb309, existing_fam_3.fas.gz=3108e13e89b58b2810f02a03f0d7525e, existing_fam_4.fas.gz=d683421e9d6691f8434eca5e7e8cb026, update_hmm_seed_gz_1.aln=ac351c5273cef6550cb2e399ec778b0b, update_hmm_seed_gz_2.aln=a1e5506e769f8755d5239f7024ec6d20, update_hmm_seed_gz_4.aln=a49bdbb102e5d36a401558b84010c0f4, update_hmm_seed_gz_6.aln=853f89215dd46ef51d03a7ccdec40c9d",
                "update_hmm_seed_gz_hmms.tar.gz: existing_fam_1.hmm.gz=4f5b688502cd7b39c0981fcfed35f011, existing_fam_2.hmm.gz=30935dd026d99e26596f168388e26249, existing_fam_3.hmm.gz=e499c1de06be933e9e8593d441f6f4f1, existing_fam_4.hmm.gz=9867b0c3a2a5d007fd18fdec83b4c75f, existing_fam_zero_hits.hmm.gz=1662fb7101a5920a1137145e768d6608, update_hmm_seed_gz_1.hmm.gz=d82164419ce4cab5377a0f711c8653dd, update_hmm_seed_gz_2.hmm.gz=1a8ec62c9ee5d364e2463ea6ea8012e8, update_hmm_seed_gz_4.hmm.gz=bc04d3d9ecec52b15625584d7db826f7, update_hmm_seed_gz_6.hmm.gz=6235b93e66bd8be39fa948af3dbc4c98",
                "update_hmm_seed_gz_seed_msas.tar.gz: existing_fam_1.aln=19ef12d2251f66492a50ab7bfd428e35, existing_fam_2.aln=526669b6b629bb4da3e08f222620b6b8, existing_fam_3.aln=05e5228b02aa884d514dc0a0ad2199ca, existing_fam_4.aln=4d73311e929e415aad24217545c333f6, existing_fam_zero_hits.aln=dc8a37fd9e29fe0d988cbb9e9cbc6a27, update_hmm_seed_gz_1.aln=a19a1dd17d357003f701ded33b83cbf6, update_hmm_seed_gz_2.aln=188e8baba37fe14a7c3e88182c5bdf80, update_hmm_seed_gz_4.aln=68adbd055b9ddca190001b020f306ad5, update_hmm_seed_gz_6.aln=3c45fc423ada4c3131fe5aca1241131d"
            ]
        ],
        "timestamp": "2026-10-05T15:05:05.291670494",
        "meta": {
            "nf-test": "0.9.5",
            "nextflow": "26.04.6"
        }
    }
}