{
    "-profile test_update": {
        "content": [
            316,
            {
                "CALCULATE_CLUSTER_DISTRIBUTION": {
                    "sed": 4.7
                },
                "CAT_HMM": {
                    "coreutils": 9.4,
                    "find": "4.6.0",
                    "pigz": 2.8
                },
                "CHUNK_CLUSTERS": {
                    "biopython": 1.85,
                    "python": "3.13.1"
                },
                "CLIPKIT": {
                    "clipkit": "2.11.4"
                },
                "EXTRACT_FAMILY_MEMBERS": {
                    "python": "3.13.1"
                },
                "EXTRACT_FAMILY_REPS": {
                    "python": "3.13.1"
                },
                "EXTRACT_UNASSIGNED_SEQS": {
                    "python": "3.13.1"
                },
                "FAMSA_ALIGN": {
                    "famsa": "2.4.1-45c9b2b"
                },
                "FILTER_NON_REDUNDANT_FASTA": {
                    "python": "3.13.1"
                },
                "FILTER_NON_REDUNDANT_FULL_MSA": {
                    "python": "3.13.1"
                },
                "FILTER_NON_REDUNDANT_HMM": {
                    "python": "3.13.1"
                },
                "FILTER_NON_REDUNDANT_SEED_MSA": {
                    "python": "3.13.1"
                },
                "FILTER_RECRUITED": {
                    "biopython": 1.85,
                    "python": "3.13.1"
                },
                "FIND_CONCATENATE_HMMS": {
                    "coreutils": 9.4,
                    "find": "4.6.0",
                    "pigz": 2.8
                },
                "FIND_CONCATENATE_HMM_LIBRARY": {
                    "coreutils": 9.4,
                    "find": "4.6.0",
                    "pigz": 2.8
                },
                "FIND_CONCATENATE_SKIP_IDS": {
                    "coreutils": 9.4,
                    "find": "4.6.0",
                    "pigz": 2.8
                },
                "HMMER_HMMALIGN": {
                    "hmmer": 3.4
                },
                "HMMER_HMMBUILD": {
                    "hmmer": 3.4
                },
                "HMMER_HMMSEARCH": {
                    "hmmer": 3.4
                },
                "IDENTIFY_REDUNDANT_FAMS": {
                    "pandas": "2.3.0",
                    "python": "3.13.1"
                },
                "MMSEQS_CREATEDB": {
                    "mmseqs": "18.8cc5c"
                },
                "MMSEQS_CREATETSV": {
                    "mmseqs": "18.8cc5c"
                },
                "MMSEQS_LINCLUST": {
                    "mmseqs": "18.8cc5c"
                },
                "POOL_EXISTING_MEMBERS": {
                    "python": "3.13.1"
                },
                "RECALCULATE_COORDINATES": {
                    "python": "3.13.1"
                },
                "REMOVE_REDUNDANT_SEQS": {
                    "biopython": 1.85,
                    "python": "3.13.1"
                },
                "SEQFU_STATS_AFTER": {
                    "seqfu": "1.22.3"
                },
                "SEQFU_STATS_BEFORE": {
                    "seqfu": "1.22.3"
                },
                "SEQKIT_REPLACE": {
                    "seqkit": "2.13.0"
                },
                "SEQKIT_RMDUP": {
                    "seqkit": "2.13.0"
                },
                "SEQKIT_SEQ": {
                    "seqkit": "2.13.0"
                },
                "SPLIT_FAMILY_HITS": {
                    "biopython": 1.85,
                    "python": "3.13.1"
                },
                "TAR_FULL_MSAS": {
                    "tar": 1.34
                },
                "TAR_HMMS": {
                    "tar": 1.34
                },
                "TAR_SEED_MSAS": {
                    "tar": 1.34
                },
                "UNTAR_FULL_MSA": {
                    "untar": 1.34
                },
                "UNTAR_HMM": {
                    "untar": 1.34
                },
                "UNTAR_SEED_MSA": {
                    "untar": 1.34
                },
                "Workflow": {
                    "nf-core/proteinfamilies": "v3.0.0dev"
                }
            },
            [
                "archives",
                "archives/update_hmm_only",
                "archives/update_hmm_only/update_hmm_only_full_msas.tar.gz",
                "archives/update_hmm_only/update_hmm_only_hmms.tar.gz",
                "archives/update_hmm_only/update_hmm_only_seed_msas.tar.gz",
                "archives/update_hmm_seed_full",
                "archives/update_hmm_seed_full/update_hmm_seed_full_full_msas.tar.gz",
                "archives/update_hmm_seed_full/update_hmm_seed_full_hmms.tar.gz",
                "archives/update_hmm_seed_full/update_hmm_seed_full_seed_msas.tar.gz",
                "archives/update_hmm_seed_gz",
                "archives/update_hmm_seed_gz/update_hmm_seed_gz_full_msas.tar.gz",
                "archives/update_hmm_seed_gz/update_hmm_seed_gz_hmms.tar.gz",
                "archives/update_hmm_seed_gz/update_hmm_seed_gz_seed_msas.tar.gz",
                "family_reps",
                "family_reps/update_hmm_only",
                "family_reps/update_hmm_only/update_hmm_only.tsv",
                "family_reps/update_hmm_only/update_hmm_only_meta_mqc.csv",
                "family_reps/update_hmm_only/update_hmm_only_reps.faa",
                "family_reps/update_hmm_seed_full",
                "family_reps/update_hmm_seed_full/update_hmm_seed_full.tsv",
                "family_reps/update_hmm_seed_full/update_hmm_seed_full_meta_mqc.csv",
                "family_reps/update_hmm_seed_full/update_hmm_seed_full_reps.faa",
                "family_reps/update_hmm_seed_gz",
                "family_reps/update_hmm_seed_gz/update_hmm_seed_gz.tsv",
                "family_reps/update_hmm_seed_gz/update_hmm_seed_gz_meta_mqc.csv",
                "family_reps/update_hmm_seed_gz/update_hmm_seed_gz_reps.faa",
                "fasta",
                "fasta/non_redundant_sequences_filtered",
                "fasta/non_redundant_sequences_filtered/update_hmm_only",
                "fasta/non_redundant_sequences_filtered/update_hmm_only/update_hmm_only_1.faa",
                "fasta/non_redundant_sequences_filtered/update_hmm_only/update_hmm_only_2.faa",
                "fasta/non_redundant_sequences_filtered/update_hmm_seed_full",
                "fasta/non_redundant_sequences_filtered/update_hmm_seed_full/update_hmm_seed_full_1.faa",
                "fasta/non_redundant_sequences_filtered/update_hmm_seed_full/update_hmm_seed_full_2.faa",
                "fasta/non_redundant_sequences_filtered/update_hmm_seed_gz",
                "fasta/non_redundant_sequences_filtered/update_hmm_seed_gz/update_hmm_seed_gz_1.faa",
                "fasta/non_redundant_sequences_filtered/update_hmm_seed_gz/update_hmm_seed_gz_2.faa",
                "full_msa",
                "full_msa/filtered",
                "full_msa/filtered/famsa_align",
                "full_msa/filtered/famsa_align/update_hmm_only",
                "full_msa/filtered/famsa_align/update_hmm_only/update_hmm_only_1.aln",
                "full_msa/filtered/famsa_align/update_hmm_only/update_hmm_only_2.aln",
                "full_msa/filtered/famsa_align/update_hmm_seed_full",
                "full_msa/filtered/famsa_align/update_hmm_seed_full/update_hmm_seed_full_1.aln",
                "full_msa/filtered/famsa_align/update_hmm_seed_full/update_hmm_seed_full_2.aln",
                "full_msa/filtered/famsa_align/update_hmm_seed_gz",
                "full_msa/filtered/famsa_align/update_hmm_seed_gz/update_hmm_seed_gz_1.aln",
                "full_msa/filtered/famsa_align/update_hmm_seed_gz/update_hmm_seed_gz_2.aln",
                "full_msa/raw",
                "full_msa/raw/hmmer_hmmalign",
                "full_msa/raw/hmmer_hmmalign/update_hmm_only",
                "full_msa/raw/hmmer_hmmalign/update_hmm_only/update_hmm_only_1.sto.gz",
                "full_msa/raw/hmmer_hmmalign/update_hmm_only/update_hmm_only_2.sto.gz",
                "full_msa/raw/hmmer_hmmalign/update_hmm_seed_full",
                "full_msa/raw/hmmer_hmmalign/update_hmm_seed_full/update_hmm_seed_full_1.sto.gz",
                "full_msa/raw/hmmer_hmmalign/update_hmm_seed_full/update_hmm_seed_full_2.sto.gz",
                "full_msa/raw/hmmer_hmmalign/update_hmm_seed_gz",
                "full_msa/raw/hmmer_hmmalign/update_hmm_seed_gz/update_hmm_seed_gz_1.sto.gz",
                "full_msa/raw/hmmer_hmmalign/update_hmm_seed_gz/update_hmm_seed_gz_2.sto.gz",
                "hmm",
                "hmm/filtered",
                "hmm/filtered/update_hmm_only",
                "hmm/filtered/update_hmm_only/update_hmm_only_1.hmm.gz",
                "hmm/filtered/update_hmm_only/update_hmm_only_2.hmm.gz",
                "hmm/filtered/update_hmm_seed_full",
                "hmm/filtered/update_hmm_seed_full/update_hmm_seed_full_1.hmm.gz",
                "hmm/filtered/update_hmm_seed_full/update_hmm_seed_full_2.hmm.gz",
                "hmm/filtered/update_hmm_seed_gz",
                "hmm/filtered/update_hmm_seed_gz/update_hmm_seed_gz_1.hmm.gz",
                "hmm/filtered/update_hmm_seed_gz/update_hmm_seed_gz_2.hmm.gz",
                "hmm/library",
                "hmm/library/update_hmm_only.lib.gz",
                "hmm/library/update_hmm_seed_full.lib.gz",
                "hmm/library/update_hmm_seed_gz.lib.gz",
                "hmm/raw",
                "hmm/raw/hmmer_hmmbuild",
                "hmm/raw/hmmer_hmmbuild/update_hmm_only",
                "hmm/raw/hmmer_hmmbuild/update_hmm_only/update_hmm_only_1.hmm.gz",
                "hmm/raw/hmmer_hmmbuild/update_hmm_only/update_hmm_only_2.hmm.gz",
                "hmm/raw/hmmer_hmmbuild/update_hmm_seed_full",
                "hmm/raw/hmmer_hmmbuild/update_hmm_seed_full/update_hmm_seed_full_1.hmm.gz",
                "hmm/raw/hmmer_hmmbuild/update_hmm_seed_full/update_hmm_seed_full_2.hmm.gz",
                "hmm/raw/hmmer_hmmbuild/update_hmm_seed_gz",
                "hmm/raw/hmmer_hmmbuild/update_hmm_seed_gz/update_hmm_seed_gz_1.hmm.gz",
                "hmm/raw/hmmer_hmmbuild/update_hmm_seed_gz/update_hmm_seed_gz_2.hmm.gz",
                "mmseqs",
                "mmseqs/initial_clustering",
                "mmseqs/initial_clustering/mmseqs_createtsv",
                "mmseqs/initial_clustering/mmseqs_createtsv/update_hmm_only.tsv",
                "mmseqs/initial_clustering/mmseqs_createtsv/update_hmm_seed_full.tsv",
                "mmseqs/initial_clustering/mmseqs_createtsv/update_hmm_seed_gz.tsv",
                "mmseqs/initial_clustering/update_hmm_only_clustering_distribution_mqc.csv",
                "mmseqs/initial_clustering/update_hmm_seed_full_clustering_distribution_mqc.csv",
                "mmseqs/initial_clustering/update_hmm_seed_gz_clustering_distribution_mqc.csv",
                "mmseqs/redundancy_clustering",
                "mmseqs/redundancy_clustering/mmseqs_createtsv",
                "mmseqs/redundancy_clustering/mmseqs_createtsv/update_hmm_only",
                "mmseqs/redundancy_clustering/mmseqs_createtsv/update_hmm_only/update_hmm_only_1.tsv",
                "mmseqs/redundancy_clustering/mmseqs_createtsv/update_hmm_only/update_hmm_only_2.tsv",
                "mmseqs/redundancy_clustering/mmseqs_createtsv/update_hmm_seed_full",
                "mmseqs/redundancy_clustering/mmseqs_createtsv/update_hmm_seed_full/update_hmm_seed_full_1.tsv",
                "mmseqs/redundancy_clustering/mmseqs_createtsv/update_hmm_seed_full/update_hmm_seed_full_2.tsv",
                "mmseqs/redundancy_clustering/mmseqs_createtsv/update_hmm_seed_gz",
                "mmseqs/redundancy_clustering/mmseqs_createtsv/update_hmm_seed_gz/update_hmm_seed_gz_1.tsv",
                "mmseqs/redundancy_clustering/mmseqs_createtsv/update_hmm_seed_gz/update_hmm_seed_gz_2.tsv",
                "mmseqs/update_families",
                "mmseqs/update_families/mmseqs_createtsv",
                "mmseqs/update_families/mmseqs_createtsv/update_hmm_only",
                "mmseqs/update_families/mmseqs_createtsv/update_hmm_only/existing_fam_1.tsv",
                "mmseqs/update_families/mmseqs_createtsv/update_hmm_only/existing_fam_2.tsv",
                "mmseqs/update_families/mmseqs_createtsv/update_hmm_only/existing_fam_3.tsv",
                "mmseqs/update_families/mmseqs_createtsv/update_hmm_only/existing_fam_4.tsv",
                "mmseqs/update_families/mmseqs_createtsv/update_hmm_seed_full",
                "mmseqs/update_families/mmseqs_createtsv/update_hmm_seed_full/existing_fam_1.tsv",
                "mmseqs/update_families/mmseqs_createtsv/update_hmm_seed_full/existing_fam_2.tsv",
                "mmseqs/update_families/mmseqs_createtsv/update_hmm_seed_full/existing_fam_3.tsv",
                "mmseqs/update_families/mmseqs_createtsv/update_hmm_seed_full/existing_fam_4.tsv",
                "mmseqs/update_families/mmseqs_createtsv/update_hmm_seed_full/existing_fam_zero_hits.tsv",
                "mmseqs/update_families/mmseqs_createtsv/update_hmm_seed_gz",
                "mmseqs/update_families/mmseqs_createtsv/update_hmm_seed_gz/existing_fam_1.tsv",
                "mmseqs/update_families/mmseqs_createtsv/update_hmm_seed_gz/existing_fam_2.tsv",
                "mmseqs/update_families/mmseqs_createtsv/update_hmm_seed_gz/existing_fam_3.tsv",
                "mmseqs/update_families/mmseqs_createtsv/update_hmm_seed_gz/existing_fam_4.tsv",
                "multiqc",
                "multiqc/multiqc_data",
                "multiqc/multiqc_data/llms-full.txt",
                "multiqc/multiqc_data/multiqc.log",
                "multiqc/multiqc_data/multiqc.parquet",
                "multiqc/multiqc_data/multiqc_citations.txt",
                "multiqc/multiqc_data/multiqc_data.json",
                "multiqc/multiqc_data/multiqc_family_metadata.txt",
                "multiqc/multiqc_data/multiqc_software_versions.txt",
                "multiqc/multiqc_data/multiqc_sources.txt",
                "multiqc/multiqc_data/multiqc_update_hmm_only_after.txt",
                "multiqc/multiqc_data/multiqc_update_hmm_only_before.txt",
                "multiqc/multiqc_data/multiqc_update_hmm_only_cluster_distribution.txt",
                "multiqc/multiqc_data/multiqc_update_hmm_seed_full_after.txt",
                "multiqc/multiqc_data/multiqc_update_hmm_seed_full_before.txt",
                "multiqc/multiqc_data/multiqc_update_hmm_seed_full_cluster_distribution.txt",
                "multiqc/multiqc_data/multiqc_update_hmm_seed_gz_after.txt",
                "multiqc/multiqc_data/multiqc_update_hmm_seed_gz_before.txt",
                "multiqc/multiqc_data/multiqc_update_hmm_seed_gz_cluster_distribution.txt",
                "multiqc/multiqc_plots",
                "multiqc/multiqc_plots/pdf",
                "multiqc/multiqc_plots/pdf/family_metadata.pdf",
                "multiqc/multiqc_plots/pdf/update_hmm_only_after.pdf",
                "multiqc/multiqc_plots/pdf/update_hmm_only_before.pdf",
                "multiqc/multiqc_plots/pdf/update_hmm_only_cluster_distribution.pdf",
                "multiqc/multiqc_plots/pdf/update_hmm_seed_full_after.pdf",
                "multiqc/multiqc_plots/pdf/update_hmm_seed_full_before.pdf",
                "multiqc/multiqc_plots/pdf/update_hmm_seed_full_cluster_distribution.pdf",
                "multiqc/multiqc_plots/pdf/update_hmm_seed_gz_after.pdf",
                "multiqc/multiqc_plots/pdf/update_hmm_seed_gz_before.pdf",
                "multiqc/multiqc_plots/pdf/update_hmm_seed_gz_cluster_distribution.pdf",
                "multiqc/multiqc_plots/png",
                "multiqc/multiqc_plots/png/family_metadata.png",
                "multiqc/multiqc_plots/png/update_hmm_only_after.png",
                "multiqc/multiqc_plots/png/update_hmm_only_before.png",
                "multiqc/multiqc_plots/png/update_hmm_only_cluster_distribution.png",
                "multiqc/multiqc_plots/png/update_hmm_seed_full_after.png",
                "multiqc/multiqc_plots/png/update_hmm_seed_full_before.png",
                "multiqc/multiqc_plots/png/update_hmm_seed_full_cluster_distribution.png",
                "multiqc/multiqc_plots/png/update_hmm_seed_gz_after.png",
                "multiqc/multiqc_plots/png/update_hmm_seed_gz_before.png",
                "multiqc/multiqc_plots/png/update_hmm_seed_gz_cluster_distribution.png",
                "multiqc/multiqc_plots/svg",
                "multiqc/multiqc_plots/svg/family_metadata.svg",
                "multiqc/multiqc_plots/svg/update_hmm_only_after.svg",
                "multiqc/multiqc_plots/svg/update_hmm_only_before.svg",
                "multiqc/multiqc_plots/svg/update_hmm_only_cluster_distribution.svg",
                "multiqc/multiqc_plots/svg/update_hmm_seed_full_after.svg",
                "multiqc/multiqc_plots/svg/update_hmm_seed_full_before.svg",
                "multiqc/multiqc_plots/svg/update_hmm_seed_full_cluster_distribution.svg",
                "multiqc/multiqc_plots/svg/update_hmm_seed_gz_after.svg",
                "multiqc/multiqc_plots/svg/update_hmm_seed_gz_before.svg",
                "multiqc/multiqc_plots/svg/update_hmm_seed_gz_cluster_distribution.svg",
                "multiqc/multiqc_report.html",
                "pipeline_info",
                "pipeline_info/nf_core_proteinfamilies_software_mqc_versions.yml",
                "qc",
                "qc/update_hmm_only",
                "qc/update_hmm_only/update_hmm_only.fasta",
                "qc/update_hmm_only/update_hmm_only.log",
                "qc/update_hmm_only/update_hmm_only_after.tsv",
                "qc/update_hmm_only/update_hmm_only_after_mqc.txt",
                "qc/update_hmm_only/update_hmm_only_before.tsv",
                "qc/update_hmm_only/update_hmm_only_before_mqc.txt",
                "qc/update_hmm_seed_full",
                "qc/update_hmm_seed_full/update_hmm_seed_full.fasta",
                "qc/update_hmm_seed_full/update_hmm_seed_full.log",
                "qc/update_hmm_seed_full/update_hmm_seed_full_after.tsv",
                "qc/update_hmm_seed_full/update_hmm_seed_full_after_mqc.txt",
                "qc/update_hmm_seed_full/update_hmm_seed_full_before.tsv",
                "qc/update_hmm_seed_full/update_hmm_seed_full_before_mqc.txt",
                "qc/update_hmm_seed_gz",
                "qc/update_hmm_seed_gz/update_hmm_seed_gz.fasta",
                "qc/update_hmm_seed_gz/update_hmm_seed_gz.log",
                "qc/update_hmm_seed_gz/update_hmm_seed_gz_after.tsv",
                "qc/update_hmm_seed_gz/update_hmm_seed_gz_after_mqc.txt",
                "qc/update_hmm_seed_gz/update_hmm_seed_gz_before.tsv",
                "qc/update_hmm_seed_gz/update_hmm_seed_gz_before_mqc.txt",
                "remove_redundancy",
                "remove_redundancy/update_hmm_only",
                "remove_redundancy/update_hmm_only/redundant_fam_ids.txt",
                "remove_redundancy/update_hmm_only/similar_fam_ids.txt",
                "remove_redundancy/update_hmm_seed_full",
                "remove_redundancy/update_hmm_seed_full/redundant_fam_ids.txt",
                "remove_redundancy/update_hmm_seed_full/similar_fam_ids.txt",
                "remove_redundancy/update_hmm_seed_gz",
                "remove_redundancy/update_hmm_seed_gz/redundant_fam_ids.txt",
                "remove_redundancy/update_hmm_seed_gz/similar_fam_ids.txt",
                "seed_msa",
                "seed_msa/filtered",
                "seed_msa/filtered/update_hmm_only",
                "seed_msa/filtered/update_hmm_only/update_hmm_only_1.aln",
                "seed_msa/filtered/update_hmm_only/update_hmm_only_2.aln",
                "seed_msa/filtered/update_hmm_seed_full",
                "seed_msa/filtered/update_hmm_seed_full/update_hmm_seed_full_1.aln",
                "seed_msa/filtered/update_hmm_seed_full/update_hmm_seed_full_2.aln",
                "seed_msa/filtered/update_hmm_seed_gz",
                "seed_msa/filtered/update_hmm_seed_gz/update_hmm_seed_gz_1.aln",
                "seed_msa/filtered/update_hmm_seed_gz/update_hmm_seed_gz_2.aln",
                "seed_msa/raw",
                "seed_msa/raw/famsa_align",
                "seed_msa/raw/famsa_align/update_hmm_only",
                "seed_msa/raw/famsa_align/update_hmm_only/update_hmm_only_1.aln",
                "seed_msa/raw/famsa_align/update_hmm_only/update_hmm_only_2.aln",
                "seed_msa/raw/famsa_align/update_hmm_seed_full",
                "seed_msa/raw/famsa_align/update_hmm_seed_full/update_hmm_seed_full_1.aln",
                "seed_msa/raw/famsa_align/update_hmm_seed_full/update_hmm_seed_full_2.aln",
                "seed_msa/raw/famsa_align/update_hmm_seed_gz",
                "seed_msa/raw/famsa_align/update_hmm_seed_gz/update_hmm_seed_gz_1.aln",
                "seed_msa/raw/famsa_align/update_hmm_seed_gz/update_hmm_seed_gz_2.aln",
                "seed_msa/raw/trimmed",
                "seed_msa/raw/trimmed/update_hmm_only",
                "seed_msa/raw/trimmed/update_hmm_only/update_hmm_only_1.aln",
                "seed_msa/raw/trimmed/update_hmm_only/update_hmm_only_2.aln",
                "seed_msa/raw/trimmed/update_hmm_seed_full",
                "seed_msa/raw/trimmed/update_hmm_seed_full/update_hmm_seed_full_1.aln",
                "seed_msa/raw/trimmed/update_hmm_seed_full/update_hmm_seed_full_2.aln",
                "seed_msa/raw/trimmed/update_hmm_seed_gz",
                "seed_msa/raw/trimmed/update_hmm_seed_gz/update_hmm_seed_gz_1.aln",
                "seed_msa/raw/trimmed/update_hmm_seed_gz/update_hmm_seed_gz_2.aln",
                "update_families",
                "update_families/family_reps",
                "update_families/family_reps/update_hmm_only",
                "update_families/family_reps/update_hmm_only/update_hmm_only.tsv",
                "update_families/family_reps/update_hmm_only/update_hmm_only_meta_mqc.csv",
                "update_families/family_reps/update_hmm_only/update_hmm_only_reps.faa",
                "update_families/family_reps/update_hmm_seed_full",
                "update_families/family_reps/update_hmm_seed_full/update_hmm_seed_full.tsv",
                "update_families/family_reps/update_hmm_seed_full/update_hmm_seed_full_meta_mqc.csv",
                "update_families/family_reps/update_hmm_seed_full/update_hmm_seed_full_reps.faa",
                "update_families/family_reps/update_hmm_seed_gz",
                "update_families/family_reps/update_hmm_seed_gz/update_hmm_seed_gz.tsv",
                "update_families/family_reps/update_hmm_seed_gz/update_hmm_seed_gz_meta_mqc.csv",
                "update_families/family_reps/update_hmm_seed_gz/update_hmm_seed_gz_reps.faa",
                "update_families/full_msa",
                "update_families/full_msa/raw",
                "update_families/full_msa/raw/hmmer_hmmalign",
                "update_families/full_msa/raw/hmmer_hmmalign/update_hmm_only",
                "update_families/full_msa/raw/hmmer_hmmalign/update_hmm_only/existing_fam_1.sto.gz",
                "update_families/full_msa/raw/hmmer_hmmalign/update_hmm_only/existing_fam_2.sto.gz",
                "update_families/full_msa/raw/hmmer_hmmalign/update_hmm_only/existing_fam_3.sto.gz",
                "update_families/full_msa/raw/hmmer_hmmalign/update_hmm_only/existing_fam_4.sto.gz",
                "update_families/full_msa/raw/hmmer_hmmalign/update_hmm_seed_full",
                "update_families/full_msa/raw/hmmer_hmmalign/update_hmm_seed_full/existing_fam_1.sto.gz",
                "update_families/full_msa/raw/hmmer_hmmalign/update_hmm_seed_full/existing_fam_2.sto.gz",
                "update_families/full_msa/raw/hmmer_hmmalign/update_hmm_seed_full/existing_fam_3.sto.gz",
                "update_families/full_msa/raw/hmmer_hmmalign/update_hmm_seed_full/existing_fam_4.sto.gz",
                "update_families/full_msa/raw/hmmer_hmmalign/update_hmm_seed_full/existing_fam_zero_hits.sto.gz",
                "update_families/full_msa/raw/hmmer_hmmalign/update_hmm_seed_gz",
                "update_families/full_msa/raw/hmmer_hmmalign/update_hmm_seed_gz/existing_fam_1.sto.gz",
                "update_families/full_msa/raw/hmmer_hmmalign/update_hmm_seed_gz/existing_fam_2.sto.gz",
                "update_families/full_msa/raw/hmmer_hmmalign/update_hmm_seed_gz/existing_fam_3.sto.gz",
                "update_families/full_msa/raw/hmmer_hmmalign/update_hmm_seed_gz/existing_fam_4.sto.gz",
                "update_families/hmm",
                "update_families/hmm/raw",
                "update_families/hmm/raw/hmmer_hmmbuild",
                "update_families/hmm/raw/hmmer_hmmbuild/update_hmm_only",
                "update_families/hmm/raw/hmmer_hmmbuild/update_hmm_only/existing_fam_1.hmm.gz",
                "update_families/hmm/raw/hmmer_hmmbuild/update_hmm_only/existing_fam_2.hmm.gz",
                "update_families/hmm/raw/hmmer_hmmbuild/update_hmm_only/existing_fam_3.hmm.gz",
                "update_families/hmm/raw/hmmer_hmmbuild/update_hmm_only/existing_fam_4.hmm.gz",
                "update_families/hmm/raw/hmmer_hmmbuild/update_hmm_seed_full",
                "update_families/hmm/raw/hmmer_hmmbuild/update_hmm_seed_full/existing_fam_1.hmm.gz",
                "update_families/hmm/raw/hmmer_hmmbuild/update_hmm_seed_full/existing_fam_2.hmm.gz",
                "update_families/hmm/raw/hmmer_hmmbuild/update_hmm_seed_full/existing_fam_3.hmm.gz",
                "update_families/hmm/raw/hmmer_hmmbuild/update_hmm_seed_full/existing_fam_4.hmm.gz",
                "update_families/hmm/raw/hmmer_hmmbuild/update_hmm_seed_full/existing_fam_zero_hits.hmm.gz",
                "update_families/hmm/raw/hmmer_hmmbuild/update_hmm_seed_gz",
                "update_families/hmm/raw/hmmer_hmmbuild/update_hmm_seed_gz/existing_fam_1.hmm.gz",
                "update_families/hmm/raw/hmmer_hmmbuild/update_hmm_seed_gz/existing_fam_2.hmm.gz",
                "update_families/hmm/raw/hmmer_hmmbuild/update_hmm_seed_gz/existing_fam_3.hmm.gz",
                "update_families/hmm/raw/hmmer_hmmbuild/update_hmm_seed_gz/existing_fam_4.hmm.gz",
                "update_families/kept_families",
                "update_families/kept_families/update_hmm_only_kept_existing_families.tsv",
                "update_families/kept_families/update_hmm_seed_full_kept_existing_families.tsv",
                "update_families/kept_families/update_hmm_seed_gz_kept_existing_families.tsv",
                "update_families/seed_msa",
                "update_families/seed_msa/raw",
                "update_families/seed_msa/raw/famsa_align",
                "update_families/seed_msa/raw/famsa_align/update_hmm_only",
                "update_families/seed_msa/raw/famsa_align/update_hmm_only/existing_fam_1.aln",
                "update_families/seed_msa/raw/famsa_align/update_hmm_only/existing_fam_2.aln",
                "update_families/seed_msa/raw/famsa_align/update_hmm_only/existing_fam_3.aln",
                "update_families/seed_msa/raw/famsa_align/update_hmm_only/existing_fam_4.aln",
                "update_families/seed_msa/raw/famsa_align/update_hmm_seed_full",
                "update_families/seed_msa/raw/famsa_align/update_hmm_seed_full/existing_fam_1.aln",
                "update_families/seed_msa/raw/famsa_align/update_hmm_seed_full/existing_fam_2.aln",
                "update_families/seed_msa/raw/famsa_align/update_hmm_seed_full/existing_fam_3.aln",
                "update_families/seed_msa/raw/famsa_align/update_hmm_seed_full/existing_fam_4.aln",
                "update_families/seed_msa/raw/famsa_align/update_hmm_seed_full/existing_fam_zero_hits.aln",
                "update_families/seed_msa/raw/famsa_align/update_hmm_seed_gz",
                "update_families/seed_msa/raw/famsa_align/update_hmm_seed_gz/existing_fam_1.aln",
                "update_families/seed_msa/raw/famsa_align/update_hmm_seed_gz/existing_fam_2.aln",
                "update_families/seed_msa/raw/famsa_align/update_hmm_seed_gz/existing_fam_3.aln",
                "update_families/seed_msa/raw/famsa_align/update_hmm_seed_gz/existing_fam_4.aln",
                "update_families/seed_msa/raw/trimmed",
                "update_families/seed_msa/raw/trimmed/update_hmm_only",
                "update_families/seed_msa/raw/trimmed/update_hmm_only/existing_fam_1.aln",
                "update_families/seed_msa/raw/trimmed/update_hmm_only/existing_fam_2.aln",
                "update_families/seed_msa/raw/trimmed/update_hmm_only/existing_fam_3.aln",
                "update_families/seed_msa/raw/trimmed/update_hmm_only/existing_fam_4.aln",
                "update_families/seed_msa/raw/trimmed/update_hmm_seed_full",
                "update_families/seed_msa/raw/trimmed/update_hmm_seed_full/existing_fam_1.aln",
                "update_families/seed_msa/raw/trimmed/update_hmm_seed_full/existing_fam_2.aln",
                "update_families/seed_msa/raw/trimmed/update_hmm_seed_full/existing_fam_3.aln",
                "update_families/seed_msa/raw/trimmed/update_hmm_seed_full/existing_fam_4.aln",
                "update_families/seed_msa/raw/trimmed/update_hmm_seed_full/existing_fam_zero_hits.aln",
                "update_families/seed_msa/raw/trimmed/update_hmm_seed_gz",
                "update_families/seed_msa/raw/trimmed/update_hmm_seed_gz/existing_fam_1.aln",
                "update_families/seed_msa/raw/trimmed/update_hmm_seed_gz/existing_fam_2.aln",
                "update_families/seed_msa/raw/trimmed/update_hmm_seed_gz/existing_fam_3.aln",
                "update_families/seed_msa/raw/trimmed/update_hmm_seed_gz/existing_fam_4.aln"
            ],
            [
                "update_hmm_only.tsv:md5,28ecaa32ab072b5675ab56be2f2ed803",
                "update_hmm_only_meta_mqc.csv:md5,0975e7443df6f832a144edf1d5a76182",
                "update_hmm_only_reps.faa:md5,d2b9441d4a88523fb0e9116e0eadefac",
                "update_hmm_seed_full.tsv:md5,0c4579802ec4f91ec6549743a533203b",
                "update_hmm_seed_full_meta_mqc.csv:md5,55122815b94ae041c6406beb69b37891",
                "update_hmm_seed_full_reps.faa:md5,d2b9441d4a88523fb0e9116e0eadefac",
                "update_hmm_seed_gz.tsv:md5,d0404b0206c65d14060ee4bb3a1dce07",
                "update_hmm_seed_gz_meta_mqc.csv:md5,b0ca70a5e14e7f9ca2946eb4b26af717",
                "update_hmm_seed_gz_reps.faa:md5,d2b9441d4a88523fb0e9116e0eadefac",
                "update_hmm_only_1.faa:md5,5390cf51ddd52cb8419a0a25bc96dc48",
                "update_hmm_only_2.faa:md5,4ea00d922cb6dac112536ad736aae529",
                "update_hmm_seed_full_1.faa:md5,5390cf51ddd52cb8419a0a25bc96dc48",
                "update_hmm_seed_full_2.faa:md5,4ea00d922cb6dac112536ad736aae529",
                "update_hmm_seed_gz_1.faa:md5,5390cf51ddd52cb8419a0a25bc96dc48",
                "update_hmm_seed_gz_2.faa:md5,4ea00d922cb6dac112536ad736aae529",
                "update_hmm_only_1.aln:md5,5390cf51ddd52cb8419a0a25bc96dc48",
                "update_hmm_only_2.aln:md5,c9beca359afe7e77b8a166af0f94a35f",
                "update_hmm_seed_full_1.aln:md5,5390cf51ddd52cb8419a0a25bc96dc48",
                "update_hmm_seed_full_2.aln:md5,c9beca359afe7e77b8a166af0f94a35f",
                "update_hmm_seed_gz_1.aln:md5,5390cf51ddd52cb8419a0a25bc96dc48",
                "update_hmm_seed_gz_2.aln:md5,c9beca359afe7e77b8a166af0f94a35f",
                "update_hmm_only_1.sto.gz:md5,a6d97476dc6eb417207cf40742773fa1",
                "update_hmm_only_2.sto.gz:md5,ebb1aea3d9b959cf4bad71b2a41c22d3",
                "update_hmm_seed_full_1.sto.gz:md5,a6d97476dc6eb417207cf40742773fa1",
                "update_hmm_seed_full_2.sto.gz:md5,ebb1aea3d9b959cf4bad71b2a41c22d3",
                "update_hmm_seed_gz_1.sto.gz:md5,a6d97476dc6eb417207cf40742773fa1",
                "update_hmm_seed_gz_2.sto.gz:md5,ebb1aea3d9b959cf4bad71b2a41c22d3",
                "existing_fam_1.tsv:md5,82fa39a5227332c082cc87e62c15e9cc",
                "existing_fam_2.tsv:md5,4e069597e41a469ac5c61804cfb2f335",
                "existing_fam_3.tsv:md5,c7c8c536be580e4d56ae295086de48da",
                "existing_fam_4.tsv:md5,465dd2b7136c544aab3761c14cff58ca",
                "existing_fam_1.tsv:md5,225702db728efeb039f1ddcfc70f2f6b",
                "existing_fam_2.tsv:md5,4e069597e41a469ac5c61804cfb2f335",
                "existing_fam_3.tsv:md5,c7c8c536be580e4d56ae295086de48da",
                "existing_fam_4.tsv:md5,465dd2b7136c544aab3761c14cff58ca",
                "existing_fam_zero_hits.tsv:md5,591519f6d54937a8d959ad9cf6b69101",
                "existing_fam_1.tsv:md5,82fa39a5227332c082cc87e62c15e9cc",
                "existing_fam_2.tsv:md5,4e069597e41a469ac5c61804cfb2f335",
                "existing_fam_3.tsv:md5,c7c8c536be580e4d56ae295086de48da",
                "existing_fam_4.tsv:md5,465dd2b7136c544aab3761c14cff58ca",
                "multiqc_citations.txt:md5,4c806e63a283ec1b7e78cdae3a923d4f",
                "multiqc_update_hmm_only_after.txt:md5,f4a92d1d748cef8e17690db571b51d3a",
                "multiqc_update_hmm_only_before.txt:md5,6f77349a1cd573d228f862d68e538d58",
                "multiqc_update_hmm_only_cluster_distribution.txt:md5,3efb62c50b29e8a4d78ea84b827257cc",
                "multiqc_update_hmm_seed_full_after.txt:md5,7233e2c1a0eae9f0f8d91666fe7ec11b",
                "multiqc_update_hmm_seed_full_before.txt:md5,6f77349a1cd573d228f862d68e538d58",
                "multiqc_update_hmm_seed_full_cluster_distribution.txt:md5,3efb62c50b29e8a4d78ea84b827257cc",
                "multiqc_update_hmm_seed_gz_after.txt:md5,acf45fd5af9c6b5c8a6a2421d0a258e4",
                "multiqc_update_hmm_seed_gz_before.txt:md5,cb2dc38a7d1c991789f685a9ee1516e1",
                "multiqc_update_hmm_seed_gz_cluster_distribution.txt:md5,3efb62c50b29e8a4d78ea84b827257cc",
                "update_hmm_only.log:md5,a41135cfe024baaf42f135583fe73f0d",
                "update_hmm_only_before.tsv:md5,7d2fdf1eb70ec19fa28d5a0084659899",
                "update_hmm_only_before_mqc.txt:md5,7d6351c17db6eade43aed5bcee84465c",
                "update_hmm_seed_full.log:md5,a41135cfe024baaf42f135583fe73f0d",
                "update_hmm_seed_full_before.tsv:md5,7d2fdf1eb70ec19fa28d5a0084659899",
                "update_hmm_seed_full_before_mqc.txt:md5,7d6351c17db6eade43aed5bcee84465c",
                "update_hmm_seed_gz.log:md5,a41135cfe024baaf42f135583fe73f0d",
                "update_hmm_seed_gz_before.tsv:md5,93f38dca55a295b3513cf4baa3079b9c",
                "update_hmm_seed_gz_before_mqc.txt:md5,8564265d7acbd8c8e6558f83209a161d",
                "redundant_fam_ids.txt:md5,d41d8cd98f00b204e9800998ecf8427e",
                "similar_fam_ids.txt:md5,d41d8cd98f00b204e9800998ecf8427e",
                "redundant_fam_ids.txt:md5,d41d8cd98f00b204e9800998ecf8427e",
                "similar_fam_ids.txt:md5,d41d8cd98f00b204e9800998ecf8427e",
                "redundant_fam_ids.txt:md5,d41d8cd98f00b204e9800998ecf8427e",
                "similar_fam_ids.txt:md5,d41d8cd98f00b204e9800998ecf8427e",
                "update_hmm_only_1.aln:md5,bab0f002dbe1d97a3ad2ede1c297c854",
                "update_hmm_only_2.aln:md5,035fb8720c8eb208de8640349e0f5edb",
                "update_hmm_seed_full_1.aln:md5,bab0f002dbe1d97a3ad2ede1c297c854",
                "update_hmm_seed_full_2.aln:md5,035fb8720c8eb208de8640349e0f5edb",
                "update_hmm_seed_gz_1.aln:md5,bab0f002dbe1d97a3ad2ede1c297c854",
                "update_hmm_seed_gz_2.aln:md5,035fb8720c8eb208de8640349e0f5edb",
                "update_hmm_only_1.aln:md5,db5d0629d43dde03b93c28d8d2813963",
                "update_hmm_only_2.aln:md5,d4b146aa099a5c7027e4b4ec91fcb29f",
                "update_hmm_seed_full_1.aln:md5,db5d0629d43dde03b93c28d8d2813963",
                "update_hmm_seed_full_2.aln:md5,d4b146aa099a5c7027e4b4ec91fcb29f",
                "update_hmm_seed_gz_1.aln:md5,db5d0629d43dde03b93c28d8d2813963",
                "update_hmm_seed_gz_2.aln:md5,d4b146aa099a5c7027e4b4ec91fcb29f",
                "update_hmm_only_1.aln:md5,bab0f002dbe1d97a3ad2ede1c297c854",
                "update_hmm_only_2.aln:md5,035fb8720c8eb208de8640349e0f5edb",
                "update_hmm_seed_full_1.aln:md5,bab0f002dbe1d97a3ad2ede1c297c854",
                "update_hmm_seed_full_2.aln:md5,035fb8720c8eb208de8640349e0f5edb",
                "update_hmm_seed_gz_1.aln:md5,bab0f002dbe1d97a3ad2ede1c297c854",
                "update_hmm_seed_gz_2.aln:md5,035fb8720c8eb208de8640349e0f5edb",
                "update_hmm_only.tsv:md5,0b89ea2edf93916c82a1160cde5d0c82",
                "update_hmm_only_meta_mqc.csv:md5,a42c183a34507462d4fef93c9c0273c3",
                "update_hmm_only_reps.faa:md5,f420aa411165ff81fec5e12388ce45a8",
                "update_hmm_seed_full.tsv:md5,a6603a26d91fd46c818718e334e6c19f",
                "update_hmm_seed_full_meta_mqc.csv:md5,d5b7d64eff4830d2ae6177718aa3f2d3",
                "update_hmm_seed_full_reps.faa:md5,66ac97a248838ad16c65ae5e08b01669",
                "update_hmm_seed_gz.tsv:md5,0b89ea2edf93916c82a1160cde5d0c82",
                "update_hmm_seed_gz_meta_mqc.csv:md5,a42c183a34507462d4fef93c9c0273c3",
                "update_hmm_seed_gz_reps.faa:md5,f420aa411165ff81fec5e12388ce45a8",
                "existing_fam_1.sto.gz:md5,aa689909217d5b789524eb530867a755",
                "existing_fam_2.sto.gz:md5,6fb394cde2871b8674ffb36ded8376f8",
                "existing_fam_3.sto.gz:md5,d11cb055c6aa325d67b2d285ccb094b5",
                "existing_fam_4.sto.gz:md5,7af20bcc96fa1fe1a90a9255234443dd",
                "existing_fam_1.sto.gz:md5,6deddb3192780a4febd2ee34b8661537",
                "existing_fam_2.sto.gz:md5,6fb394cde2871b8674ffb36ded8376f8",
                "existing_fam_3.sto.gz:md5,d11cb055c6aa325d67b2d285ccb094b5",
                "existing_fam_4.sto.gz:md5,7af20bcc96fa1fe1a90a9255234443dd",
                "existing_fam_zero_hits.sto.gz:md5,17fc249d0790091158a169338dbe36de",
                "existing_fam_1.sto.gz:md5,aa689909217d5b789524eb530867a755",
                "existing_fam_2.sto.gz:md5,6fb394cde2871b8674ffb36ded8376f8",
                "existing_fam_3.sto.gz:md5,d11cb055c6aa325d67b2d285ccb094b5",
                "existing_fam_4.sto.gz:md5,7af20bcc96fa1fe1a90a9255234443dd",
                "update_hmm_only_kept_existing_families.tsv:md5,919b67773a2f3ba80861a2aa7e7e2fda",
                "update_hmm_seed_full_kept_existing_families.tsv:md5,ea8f6f94940e6a23a3b92ddc9687f70f",
                "update_hmm_seed_gz_kept_existing_families.tsv:md5,919b67773a2f3ba80861a2aa7e7e2fda",
                "existing_fam_1.aln:md5,9ec970375a86d386f0df22bf0928b3cd",
                "existing_fam_2.aln:md5,a5e0fde10f8190bda71da84f725409ab",
                "existing_fam_3.aln:md5,5cedcf191baa6639e5057f4c15ddbe5a",
                "existing_fam_4.aln:md5,bd7edd3b43f7d2b01750cf0d522154c7",
                "existing_fam_1.aln:md5,05fa20459814e73d65fee2477f2bd917",
                "existing_fam_2.aln:md5,a5e0fde10f8190bda71da84f725409ab",
                "existing_fam_3.aln:md5,5cedcf191baa6639e5057f4c15ddbe5a",
                "existing_fam_4.aln:md5,bd7edd3b43f7d2b01750cf0d522154c7",
                "existing_fam_zero_hits.aln:md5,d9904e05df0045267b2ffcb83b4b5cdc",
                "existing_fam_1.aln:md5,9ec970375a86d386f0df22bf0928b3cd",
                "existing_fam_2.aln:md5,a5e0fde10f8190bda71da84f725409ab",
                "existing_fam_3.aln:md5,5cedcf191baa6639e5057f4c15ddbe5a",
                "existing_fam_4.aln:md5,bd7edd3b43f7d2b01750cf0d522154c7",
                "existing_fam_1.aln:md5,25cd927ae15cc8ae5c0a16078c174412",
                "existing_fam_2.aln:md5,867ded1af915de782693c6c997f0c194",
                "existing_fam_3.aln:md5,34ead8203acd573e7ad5b2aa43242a5d",
                "existing_fam_4.aln:md5,3f999eafea3b49448947cd59f14ac20d",
                "existing_fam_1.aln:md5,3e4d0cfcf52b982ce9e79e8e32b1da92",
                "existing_fam_2.aln:md5,867ded1af915de782693c6c997f0c194",
                "existing_fam_3.aln:md5,34ead8203acd573e7ad5b2aa43242a5d",
                "existing_fam_4.aln:md5,3f999eafea3b49448947cd59f14ac20d",
                "existing_fam_zero_hits.aln:md5,a036421aca347ee5e778f562794980f6",
                "existing_fam_1.aln:md5,25cd927ae15cc8ae5c0a16078c174412",
                "existing_fam_2.aln:md5,867ded1af915de782693c6c997f0c194",
                "existing_fam_3.aln:md5,34ead8203acd573e7ad5b2aa43242a5d",
                "existing_fam_4.aln:md5,3f999eafea3b49448947cd59f14ac20d"
            ],
            [
                "update_hmm_only_full_msas.tar.gz: existing_fam_1.sto.gz, existing_fam_2.sto.gz, existing_fam_3.sto.gz, existing_fam_4.sto.gz, update_hmm_only_1.aln, update_hmm_only_2.aln",
                "update_hmm_only_hmms.tar.gz: existing_fam_1.hmm.gz, existing_fam_2.hmm.gz, existing_fam_3.hmm.gz, existing_fam_4.hmm.gz, existing_fam_zero_hits.hmm.gz, update_hmm_only_1.hmm.gz, update_hmm_only_2.hmm.gz",
                "update_hmm_only_seed_msas.tar.gz: existing_fam_1.aln, existing_fam_2.aln, existing_fam_3.aln, existing_fam_4.aln, update_hmm_only_1.aln, update_hmm_only_2.aln",
                "update_hmm_seed_full_full_msas.tar.gz: existing_fam_1.sto.gz, existing_fam_2.sto.gz, existing_fam_3.sto.gz, existing_fam_4.sto.gz, existing_fam_zero_hits.sto.gz, update_hmm_seed_full_1.aln, update_hmm_seed_full_2.aln",
                "update_hmm_seed_full_hmms.tar.gz: existing_fam_1.hmm.gz, existing_fam_2.hmm.gz, existing_fam_3.hmm.gz, existing_fam_4.hmm.gz, existing_fam_zero_hits.hmm.gz, update_hmm_seed_full_1.hmm.gz, update_hmm_seed_full_2.hmm.gz",
                "update_hmm_seed_full_seed_msas.tar.gz: existing_fam_1.aln, existing_fam_2.aln, existing_fam_3.aln, existing_fam_4.aln, existing_fam_zero_hits.aln, update_hmm_seed_full_1.aln, update_hmm_seed_full_2.aln",
                "update_hmm_seed_gz_full_msas.tar.gz: existing_fam_1.sto.gz, existing_fam_2.sto.gz, existing_fam_3.sto.gz, existing_fam_4.sto.gz, update_hmm_seed_gz_1.aln, update_hmm_seed_gz_2.aln",
                "update_hmm_seed_gz_hmms.tar.gz: existing_fam_1.hmm.gz, existing_fam_2.hmm.gz, existing_fam_3.hmm.gz, existing_fam_4.hmm.gz, existing_fam_zero_hits.hmm.gz, update_hmm_seed_gz_1.hmm.gz, update_hmm_seed_gz_2.hmm.gz",
                "update_hmm_seed_gz_seed_msas.tar.gz: existing_fam_1.aln, existing_fam_2.aln, existing_fam_3.aln, existing_fam_4.aln, existing_fam_zero_hits.aln, update_hmm_seed_gz_1.aln, update_hmm_seed_gz_2.aln"
            ]
        ],
        "timestamp": "2026-10-03T10:01:00.298259666",
        "meta": {
            "nf-test": "0.9.5",
            "nextflow": "26.04.6"
        }
    }
}