{
    "fasta": {
        "content": [
            "test_chunk_1.hmm.gz",
            [
                [
                    {
                        "id": "test",
                        "chunk": "chunk_1"
                    },
                    "test_chunk_1.clipkit:md5,dae9d5f940e2f43687e068155ebfe1ae"
                ],
                [
                    {
                        "id": "test",
                        "chunk": "chunk_2"
                    },
                    "test_chunk_2.clipkit:md5,adcd7fc302b4cd66c219d2df51a7e7e8"
                ]
            ],
            [
                [
                    {
                        "id": "test",
                        "chunk": "chunk_1"
                    },
                    "test_chunk_1.sto.gz:md5,93d4f5b7b89ead091ef68dedd70ca2f5"
                ],
                [
                    {
                        "id": "test",
                        "chunk": "chunk_2"
                    },
                    "test_chunk_2.sto.gz:md5,e962e2d7e32fba8685d9670709a6835c"
                ]
            ],
            [
                [
                    {
                        "id": "test",
                        "chunk": "chunk_1"
                    },
                    "test_chunk_1.fasta.gz:md5,5d14fec7a4e06606eda48f8c912323ab"
                ],
                [
                    {
                        "id": "test",
                        "chunk": "chunk_2"
                    },
                    "test_chunk_2.fasta.gz:md5,7ae62909eb81f92c331b2048a8ac34d3"
                ]
            ],
            [
                "versions.yml:md5,247ef08f0b089979a50b118c7fcdc2b0",
                "versions.yml:md5,247ef08f0b089979a50b118c7fcdc2b0",
                "versions.yml:md5,45eba8d30565dc253428be013fbd48cb",
                "versions.yml:md5,45eba8d30565dc253428be013fbd48cb",
                "versions.yml:md5,cf594456f2dd939c2364378f09c5d88a",
                "versions.yml:md5,cf594456f2dd939c2364378f09c5d88a",
                "versions.yml:md5,e57cf4916752bb72d16bd2e7072b9c26",
                "versions.yml:md5,e57cf4916752bb72d16bd2e7072b9c26",
                "versions.yml:md5,ef2d0b048087d63b5fcac1c32e704791",
                "versions.yml:md5,ef2d0b048087d63b5fcac1c32e704791",
                "versions.yml:md5,fc501370ac8ce03b2fcc4377984702f1",
                "versions.yml:md5,fc501370ac8ce03b2fcc4377984702f1"
            ]
        ],
        "meta": {
            "nf-test": "0.9.2",
            "nextflow": "24.10.6"
        },
        "timestamp": "2025-06-13T08:10:49.910402535"
    }
}