{
    "fasta - famsa - stub": {
        "content": [
            {
                "0": [
                    [
                        {
                            "id": "test_famsa_stub"
                        },
                        "test_famsa_stub_null.aln:md5,d41d8cd98f00b204e9800998ecf8427e"
                    ]
                ],
                "alignments": [
                    [
                        {
                            "id": "test_famsa_stub"
                        },
                        "test_famsa_stub_null.aln:md5,d41d8cd98f00b204e9800998ecf8427e"
                    ]
                ]
            }
        ],
        "timestamp": "2026-05-01T09:37:43.339891899",
        "meta": {
            "nf-test": "0.9.5",
            "nextflow": "26.04.0"
        }
    },
    "fasta - famsa": {
        "content": [
            [
                [
                    {
                        "id": "test_famsa"
                    },
                    "test_famsa_null.aln:md5,61de03fefaa5f2501b65ba44f8a3fd2d"
                ]
            ],
            [
                
            ]
        ],
        "timestamp": "2026-05-01T09:37:22.938868648",
        "meta": {
            "nf-test": "0.9.5",
            "nextflow": "26.04.0"
        }
    },
    "fasta - mafft": {
        "content": [
            [
                [
                    {
                        "id": "test_mafft"
                    },
                    "test_mafft_null.fas:md5,61de03fefaa5f2501b65ba44f8a3fd2d"
                ]
            ],
            [
                
            ]
        ],
        "timestamp": "2026-01-20T10:13:11.130070961",
        "meta": {
            "nf-test": "0.9.3",
            "nextflow": "25.10.2"
        }
    },
    "fasta - mafft - stub": {
        "content": [
            {
                "0": [
                    [
                        {
                            "id": "test_mafft_stub"
                        },
                        "test_mafft_stub_null.fas:md5,d41d8cd98f00b204e9800998ecf8427e"
                    ]
                ],
                "alignments": [
                    [
                        {
                            "id": "test_mafft_stub"
                        },
                        "test_mafft_stub_null.fas:md5,d41d8cd98f00b204e9800998ecf8427e"
                    ]
                ]
            }
        ],
        "timestamp": "2026-05-01T09:37:53.169433227",
        "meta": {
            "nf-test": "0.9.5",
            "nextflow": "26.04.0"
        }
    }
}