{
    "proteinfamilies - tsv": {
        "content": [
            [
                [
                    {
                        "id": "test_tsv",
                        "family": "test_tsv_1"
                    },
                    "test_tsv_1.faa:md5,e06dfa1241372e7fe8aa9f8c20c8f8a9"
                ]
            ],
            {
                "versions_biopython": [
                    [
                        "REMOVE_REDUNDANT_SEQS",
                        "biopython",
                        "1.85"
                    ]
                ],
                "versions_python": [
                    [
                        "REMOVE_REDUNDANT_SEQS",
                        "python",
                        "3.13.1"
                    ]
                ]
            }
        ],
        "timestamp": "2026-10-05T18:09:44.278278401",
        "meta": {
            "nf-test": "0.9.5",
            "nextflow": "26.04.6"
        }
    },
    "proteinfamilies - tsv - stub": {
        "content": [
            {
                "0": [
                    [
                        {
                            "id": "test_tsv",
                            "family": "test_tsv_1"
                        },
                        "test_tsv_1.faa:md5,d41d8cd98f00b204e9800998ecf8427e"
                    ]
                ],
                "1": [
                    [
                        "REMOVE_REDUNDANT_SEQS",
                        "python",
                        "3.13.1"
                    ]
                ],
                "2": [
                    [
                        "REMOVE_REDUNDANT_SEQS",
                        "biopython",
                        "1.85"
                    ]
                ],
                "fasta": [
                    [
                        {
                            "id": "test_tsv",
                            "family": "test_tsv_1"
                        },
                        "test_tsv_1.faa:md5,d41d8cd98f00b204e9800998ecf8427e"
                    ]
                ],
                "versions_biopython": [
                    [
                        "REMOVE_REDUNDANT_SEQS",
                        "biopython",
                        "1.85"
                    ]
                ],
                "versions_python": [
                    [
                        "REMOVE_REDUNDANT_SEQS",
                        "python",
                        "3.13.1"
                    ]
                ]
            }
        ],
        "timestamp": "2026-10-05T18:09:52.660917902",
        "meta": {
            "nf-test": "0.9.5",
            "nextflow": "26.04.6"
        }
    }
}