{
    "proteinfamilies - aln - clipkit ends only": {
        "content": [
            [
                [
                    {
                        "id": "mgnifams_test_1"
                    },
                    "mgnifams_test_1_null.aln:md5,9df7ec7df67f9c88a9c61301f10c209a"
                ]
            ],
            [
                [
                    {
                        "id": "mgnifams_test_1"
                    },
                    "mgnifams_test_1_null.faa:md5,9df7ec7df67f9c88a9c61301f10c209a"
                ]
            ],
            {
                "versions_python": [
                    [
                        "RECALCULATE_COORDINATES",
                        "python",
                        "3.13.1"
                    ]
                ]
            }
        ],
        "timestamp": "2026-10-02T15:32:35.177546544",
        "meta": {
            "nf-test": "0.9.5",
            "nextflow": "26.04.6"
        }
    },
    "proteinfamilies - aln - stub": {
        "content": [
            {
                "0": [
                    [
                        {
                            "id": "mgnifams_test_1"
                        },
                        "mgnifams_test_1_null.aln:md5,d41d8cd98f00b204e9800998ecf8427e"
                    ]
                ],
                "1": [
                    [
                        {
                            "id": "mgnifams_test_1"
                        },
                        "mgnifams_test_1_null.faa:md5,d41d8cd98f00b204e9800998ecf8427e"
                    ]
                ],
                "2": [
                    [
                        "RECALCULATE_COORDINATES",
                        "python",
                        "3.13.1"
                    ]
                ],
                "alignment": [
                    [
                        {
                            "id": "mgnifams_test_1"
                        },
                        "mgnifams_test_1_null.aln:md5,d41d8cd98f00b204e9800998ecf8427e"
                    ]
                ],
                "fasta": [
                    [
                        {
                            "id": "mgnifams_test_1"
                        },
                        "mgnifams_test_1_null.faa:md5,d41d8cd98f00b204e9800998ecf8427e"
                    ]
                ],
                "versions_python": [
                    [
                        "RECALCULATE_COORDINATES",
                        "python",
                        "3.13.1"
                    ]
                ]
            }
        ],
        "timestamp": "2026-10-01T15:42:49.515037495",
        "meta": {
            "nf-test": "0.9.5",
            "nextflow": "26.04.6"
        }
    }
}