{
    "fasta - update": {
        "content": [
            {
                "0": [
                    "versions.yml:md5,103bebf9e204e5d933df382fa35d89c5",
                    "versions.yml:md5,103bebf9e204e5d933df382fa35d89c5",
                    "versions.yml:md5,103bebf9e204e5d933df382fa35d89c5",
                    "versions.yml:md5,103bebf9e204e5d933df382fa35d89c5",
                    "versions.yml:md5,103bebf9e204e5d933df382fa35d89c5",
                    "versions.yml:md5,156bbdfb772ca38fec3b2e11f77e5ad2",
                    "versions.yml:md5,156bbdfb772ca38fec3b2e11f77e5ad2",
                    "versions.yml:md5,156bbdfb772ca38fec3b2e11f77e5ad2",
                    "versions.yml:md5,156bbdfb772ca38fec3b2e11f77e5ad2",
                    "versions.yml:md5,156bbdfb772ca38fec3b2e11f77e5ad2",
                    "versions.yml:md5,18b5e55c9407d8f58b9359ba09d7294b",
                    "versions.yml:md5,3d248dde7ab96811a907a759195dbdcd",
                    "versions.yml:md5,3d248dde7ab96811a907a759195dbdcd",
                    "versions.yml:md5,3d248dde7ab96811a907a759195dbdcd",
                    "versions.yml:md5,3d248dde7ab96811a907a759195dbdcd",
                    "versions.yml:md5,3d248dde7ab96811a907a759195dbdcd",
                    "versions.yml:md5,4073d33ab4bbefe077252475b533ffab",
                    "versions.yml:md5,4073d33ab4bbefe077252475b533ffab",
                    "versions.yml:md5,4073d33ab4bbefe077252475b533ffab",
                    "versions.yml:md5,4073d33ab4bbefe077252475b533ffab",
                    "versions.yml:md5,4073d33ab4bbefe077252475b533ffab",
                    "versions.yml:md5,561800fcfb80bf09d0e4727bc8f507a1",
                    "versions.yml:md5,561800fcfb80bf09d0e4727bc8f507a1",
                    "versions.yml:md5,561800fcfb80bf09d0e4727bc8f507a1",
                    "versions.yml:md5,561800fcfb80bf09d0e4727bc8f507a1",
                    "versions.yml:md5,561800fcfb80bf09d0e4727bc8f507a1",
                    "versions.yml:md5,67da67739b38a143f2fb1dccea5db11d",
                    "versions.yml:md5,74950e1e87817193a3d938522a650ff7",
                    "versions.yml:md5,9ad89fc11f30559f03f4759da2590df5",
                    "versions.yml:md5,9ad89fc11f30559f03f4759da2590df5",
                    "versions.yml:md5,9ad89fc11f30559f03f4759da2590df5",
                    "versions.yml:md5,9ad89fc11f30559f03f4759da2590df5",
                    "versions.yml:md5,9ad89fc11f30559f03f4759da2590df5",
                    "versions.yml:md5,ba33f24cc2cd395dfd098156626a2a04",
                    "versions.yml:md5,c90db2f8551f5173d724e522a789c08c",
                    "versions.yml:md5,da71e7a61fd313e9d3def798c7ca9747",
                    "versions.yml:md5,da71e7a61fd313e9d3def798c7ca9747",
                    "versions.yml:md5,da71e7a61fd313e9d3def798c7ca9747",
                    "versions.yml:md5,da71e7a61fd313e9d3def798c7ca9747",
                    "versions.yml:md5,da71e7a61fd313e9d3def798c7ca9747",
                    "versions.yml:md5,eb341061c17be1d2d0740662df0469e6",
                    "versions.yml:md5,eb341061c17be1d2d0740662df0469e6",
                    "versions.yml:md5,eb341061c17be1d2d0740662df0469e6",
                    "versions.yml:md5,eb341061c17be1d2d0740662df0469e6",
                    "versions.yml:md5,eb341061c17be1d2d0740662df0469e6",
                    "versions.yml:md5,f505f415477ff5ec717754940c13402b",
                    "versions.yml:md5,f74d7c0aea5c69ada82b99261ebced5c",
                    "versions.yml:md5,f74d7c0aea5c69ada82b99261ebced5c",
                    "versions.yml:md5,f74d7c0aea5c69ada82b99261ebced5c",
                    "versions.yml:md5,f74d7c0aea5c69ada82b99261ebced5c",
                    "versions.yml:md5,f74d7c0aea5c69ada82b99261ebced5c"
                ],
                "1": [
                    [
                        {
                            "id": "test_update"
                        },
                        "test_update.fasta.gz:md5,9854e409ebbaf4b2e93c0e6e824b4543"
                    ]
                ],
                "2": [
                    [
                        {
                            "id": "test_update"
                        },
                        "test_update_meta_mqc.csv:md5,b943e9ed8b88b50a8ad78d2be3b913b4"
                    ]
                ],
                "no_hit_seqs": [
                    [
                        {
                            "id": "test_update"
                        },
                        "test_update.fasta.gz:md5,9854e409ebbaf4b2e93c0e6e824b4543"
                    ]
                ],
                "updated_family_reps": [
                    [
                        {
                            "id": "test_update"
                        },
                        "test_update_meta_mqc.csv:md5,b943e9ed8b88b50a8ad78d2be3b913b4"
                    ]
                ],
                "versions": [
                    "versions.yml:md5,103bebf9e204e5d933df382fa35d89c5",
                    "versions.yml:md5,103bebf9e204e5d933df382fa35d89c5",
                    "versions.yml:md5,103bebf9e204e5d933df382fa35d89c5",
                    "versions.yml:md5,103bebf9e204e5d933df382fa35d89c5",
                    "versions.yml:md5,103bebf9e204e5d933df382fa35d89c5",
                    "versions.yml:md5,156bbdfb772ca38fec3b2e11f77e5ad2",
                    "versions.yml:md5,156bbdfb772ca38fec3b2e11f77e5ad2",
                    "versions.yml:md5,156bbdfb772ca38fec3b2e11f77e5ad2",
                    "versions.yml:md5,156bbdfb772ca38fec3b2e11f77e5ad2",
                    "versions.yml:md5,156bbdfb772ca38fec3b2e11f77e5ad2",
                    "versions.yml:md5,18b5e55c9407d8f58b9359ba09d7294b",
                    "versions.yml:md5,3d248dde7ab96811a907a759195dbdcd",
                    "versions.yml:md5,3d248dde7ab96811a907a759195dbdcd",
                    "versions.yml:md5,3d248dde7ab96811a907a759195dbdcd",
                    "versions.yml:md5,3d248dde7ab96811a907a759195dbdcd",
                    "versions.yml:md5,3d248dde7ab96811a907a759195dbdcd",
                    "versions.yml:md5,4073d33ab4bbefe077252475b533ffab",
                    "versions.yml:md5,4073d33ab4bbefe077252475b533ffab",
                    "versions.yml:md5,4073d33ab4bbefe077252475b533ffab",
                    "versions.yml:md5,4073d33ab4bbefe077252475b533ffab",
                    "versions.yml:md5,4073d33ab4bbefe077252475b533ffab",
                    "versions.yml:md5,561800fcfb80bf09d0e4727bc8f507a1",
                    "versions.yml:md5,561800fcfb80bf09d0e4727bc8f507a1",
                    "versions.yml:md5,561800fcfb80bf09d0e4727bc8f507a1",
                    "versions.yml:md5,561800fcfb80bf09d0e4727bc8f507a1",
                    "versions.yml:md5,561800fcfb80bf09d0e4727bc8f507a1",
                    "versions.yml:md5,67da67739b38a143f2fb1dccea5db11d",
                    "versions.yml:md5,74950e1e87817193a3d938522a650ff7",
                    "versions.yml:md5,9ad89fc11f30559f03f4759da2590df5",
                    "versions.yml:md5,9ad89fc11f30559f03f4759da2590df5",
                    "versions.yml:md5,9ad89fc11f30559f03f4759da2590df5",
                    "versions.yml:md5,9ad89fc11f30559f03f4759da2590df5",
                    "versions.yml:md5,9ad89fc11f30559f03f4759da2590df5",
                    "versions.yml:md5,ba33f24cc2cd395dfd098156626a2a04",
                    "versions.yml:md5,c90db2f8551f5173d724e522a789c08c",
                    "versions.yml:md5,da71e7a61fd313e9d3def798c7ca9747",
                    "versions.yml:md5,da71e7a61fd313e9d3def798c7ca9747",
                    "versions.yml:md5,da71e7a61fd313e9d3def798c7ca9747",
                    "versions.yml:md5,da71e7a61fd313e9d3def798c7ca9747",
                    "versions.yml:md5,da71e7a61fd313e9d3def798c7ca9747",
                    "versions.yml:md5,eb341061c17be1d2d0740662df0469e6",
                    "versions.yml:md5,eb341061c17be1d2d0740662df0469e6",
                    "versions.yml:md5,eb341061c17be1d2d0740662df0469e6",
                    "versions.yml:md5,eb341061c17be1d2d0740662df0469e6",
                    "versions.yml:md5,eb341061c17be1d2d0740662df0469e6",
                    "versions.yml:md5,f505f415477ff5ec717754940c13402b",
                    "versions.yml:md5,f74d7c0aea5c69ada82b99261ebced5c",
                    "versions.yml:md5,f74d7c0aea5c69ada82b99261ebced5c",
                    "versions.yml:md5,f74d7c0aea5c69ada82b99261ebced5c",
                    "versions.yml:md5,f74d7c0aea5c69ada82b99261ebced5c",
                    "versions.yml:md5,f74d7c0aea5c69ada82b99261ebced5c"
                ]
            }
        ],
        "meta": {
            "nf-test": "0.9.2",
            "nextflow": "24.10.6"
        },
        "timestamp": "2025-06-12T12:42:24.006452019"
    }
}