{
    "fasta - update": {
        "content": [
            [
                [
                    {
                        "id": "test_update"
                    },
                    "test_update.fasta.gz:md5,9854e409ebbaf4b2e93c0e6e824b4543"
                ]
            ],
            "test_update_meta_mqc.csv",
            11,
            [
                {
                    "UPDATE_FAMILIES:EXECUTE_CLUSTERING:MMSEQS_CREATEDB": {
                        "mmseqs": "17.b804f"
                    }
                },
                {
                    "UPDATE_FAMILIES:EXECUTE_CLUSTERING:MMSEQS_LINCLUST": {
                        "mmseqs": "17.b804f"
                    }
                },
                {
                    "UPDATE_FAMILIES:CAT_HMM": {
                        "pigz": "2.3.4"
                    }
                },
                {
                    "UPDATE_FAMILIES:CAT_FASTA": {
                        "pigz": "2.3.4"
                    }
                },
                {
                    "UPDATE_FAMILIES:ALIGN_SEQUENCES:FAMSA_ALIGN": {
                        "famsa": "2.2.2- (2022-10-09)"
                    }
                },
                {
                    "UPDATE_FAMILIES:SEQKIT_SEQ": {
                        "seqkit": "v2.9.0"
                    }
                },
                {
                    "UPDATE_FAMILIES:EXTRACT_FAMILY_REPS": {
                        "python": "3.13.1",
                        "biopython": 1.85
                    }
                },
                {
                    "UPDATE_FAMILIES:UNTAR_HMM": {
                        "untar": 1.34
                    }
                },
                {
                    "UPDATE_FAMILIES:CLIPKIT": {
                        "clipkit": "2.4.1"
                    }
                },
                {
                    "UPDATE_FAMILIES:UNTAR_MSA": {
                        "untar": 1.34
                    }
                },
                {
                    "UPDATE_FAMILIES:REMOVE_REDUNDANT_SEQS": {
                        "python": "3.13.1",
                        "biopython": 1.85
                    }
                },
                {
                    "UPDATE_FAMILIES:HMMER_HMMBUILD": {
                        "hmmer": 3.4
                    }
                },
                {
                    "UPDATE_FAMILIES:EXECUTE_CLUSTERING:MMSEQS_CREATETSV": {
                        "mmseqs": "17.b804f"
                    }
                },
                {
                    "UPDATE_FAMILIES:HMMER_HMMSEARCH": {
                        "hmmer": 3.4
                    }
                },
                {
                    "UPDATE_FAMILIES:BRANCH_HITS_FASTA": {
                        "python": "3.13.1",
                        "biopython": 1.85
                    }
                }
            ]
        ],
        "meta": {
            "nf-test": "0.9.2",
            "nextflow": "25.04.6"
        },
        "timestamp": "2025-07-14T14:29:42.898441959"
    }
}