{
    "fasta": {
        "content": [
            [
                [
                    {
                        "id": "chunk",
                        "chunk": "1"
                    },
                    "chunk_1.aln:md5,eb65c919dd074c6c25420163675de2c4"
                ],
                [
                    {
                        "id": "chunk",
                        "chunk": "2"
                    },
                    "chunk_2.aln:md5,ed2a2cbbb5f207f44ddef4781cd75ff7"
                ]
            ],
            [
                {
                    "REMOVE_REDUNDANCY:EXECUTE_CLUSTERING:MMSEQS_LINCLUST": {
                        "mmseqs": "17.b804f"
                    }
                },
                {
                    "REMOVE_REDUNDANCY:EXECUTE_CLUSTERING:MMSEQS_CREATETSV": {
                        "mmseqs": "17.b804f"
                    }
                },
                {
                    "REMOVE_REDUNDANCY:FILTER_NON_REDUNDANT_HMM": {
                        "python": "3.13.0"
                    }
                },
                {
                    "REMOVE_REDUNDANCY:FILTER_NON_REDUNDANT_FULL_MSA": {
                        "python": "3.13.0"
                    }
                },
                {
                    "REMOVE_REDUNDANCY:HMMER_HMMSEARCH": {
                        "hmmer": 3.4
                    }
                },
                {
                    "REMOVE_REDUNDANCY:FILTER_NON_REDUNDANT_FASTA": {
                        "python": "3.13.0"
                    }
                },
                {
                    "REMOVE_REDUNDANCY:ALIGN_SEQUENCES:FAMSA_ALIGN": {
                        "famsa": "2.2.2- (2022-10-09)"
                    }
                },
                {
                    "REMOVE_REDUNDANCY:IDENTIFY_REDUNDANT_FAMS": {
                        "python": "3.10.6",
                        "pandas": "1.4.3"
                    }
                },
                {
                    "REMOVE_REDUNDANCY:EXTRACT_FAMILY_REPS": {
                        "python": "3.13.1",
                        "biopython": 1.85
                    }
                },
                {
                    "REMOVE_REDUNDANCY:FILTER_NON_REDUNDANT_SEED_MSA": {
                        "python": "3.13.0"
                    }
                },
                {
                    "REMOVE_REDUNDANCY:CAT_CAT": {
                        "pigz": "2.3.4"
                    }
                },
                {
                    "REMOVE_REDUNDANCY:EXECUTE_CLUSTERING:MMSEQS_CREATEDB": {
                        "mmseqs": "17.b804f"
                    }
                },
                {
                    "REMOVE_REDUNDANCY:REMOVE_REDUNDANT_SEQS": {
                        "python": "3.12.7",
                        "biopython": 1.84
                    }
                }
            ]
        ],
        "meta": {
            "nf-test": "0.9.2",
            "nextflow": "24.10.6"
        },
        "timestamp": "2025-06-13T08:24:41.402459452"
    }
}