{
    "faa - skip_sequence_redundancy_removal - skip_family_redundancy_removal - skip_family_merging": {
        "content": [
            [
                [
                    {
                        "id": "chunk",
                        "chunk": 1
                    },
                    "/nf-core/test-datasets/refs/heads/proteinfamilies/test_data/subworkflows/chunk_1.faa.gz"
                ],
                [
                    {
                        "id": "chunk",
                        "chunk": 2
                    },
                    "/nf-core/test-datasets/refs/heads/proteinfamilies/test_data/subworkflows/chunk_2.faa.gz"
                ],
                [
                    {
                        "id": "chunk",
                        "chunk": 3
                    },
                    "/nf-core/test-datasets/refs/heads/proteinfamilies/test_data/subworkflows/chunk_3.faa.gz"
                ]
            ],
            [
                [
                    {
                        "id": "chunk",
                        "chunk": 1
                    },
                    "chunk_1.fas.gz:md5,8ccd10b05b1d224b57df77dc2b1077ce"
                ],
                [
                    {
                        "id": "chunk",
                        "chunk": 2
                    },
                    "chunk_2.fas.gz:md5,eaf8104240fcfb46752ceabaf989b661"
                ],
                [
                    {
                        "id": "chunk",
                        "chunk": 3
                    },
                    "chunk_3.fas.gz:md5,20a3bf82ff5f93f8faf88170e75e9e59"
                ]
            ],
            [
                
            ]
        ],
        "timestamp": "2026-01-20T10:17:30.649646081",
        "meta": {
            "nf-test": "0.9.3",
            "nextflow": "25.10.2"
        }
    },
    "faa - skip all but msa trimming": {
        "content": [
            [
                [
                    {
                        "id": "chunk",
                        "chunk": 1
                    },
                    "/nf-core/test-datasets/refs/heads/proteinfamilies/test_data/subworkflows/chunk_1.faa.gz"
                ],
                [
                    {
                        "id": "chunk",
                        "chunk": 2
                    },
                    "/nf-core/test-datasets/refs/heads/proteinfamilies/test_data/subworkflows/chunk_2.faa.gz"
                ],
                [
                    {
                        "id": "chunk",
                        "chunk": 3
                    },
                    "/nf-core/test-datasets/refs/heads/proteinfamilies/test_data/subworkflows/chunk_3.faa.gz"
                ]
            ],
            [
                [
                    {
                        "id": "chunk",
                        "chunk": 1
                    },
                    "/nf-core/test-datasets/refs/heads/proteinfamilies/test_data/subworkflows/chunk_1.clipkit"
                ],
                [
                    {
                        "id": "chunk",
                        "chunk": 2
                    },
                    "/nf-core/test-datasets/refs/heads/proteinfamilies/test_data/subworkflows/chunk_2.clipkit"
                ],
                [
                    {
                        "id": "chunk",
                        "chunk": 3
                    },
                    "/nf-core/test-datasets/refs/heads/proteinfamilies/test_data/subworkflows/chunk_3.clipkit"
                ]
            ],
            [
                
            ]
        ],
        "timestamp": "2025-12-18T11:55:44.217773585",
        "meta": {
            "nf-test": "0.9.3",
            "nextflow": "25.10.2"
        }
    },
    "faa - skip none - stub": {
        "content": [
            [
                [
                    {
                        "id": "chunk",
                        "chunk": "1"
                    },
                    "chunk_1.faa:md5,d41d8cd98f00b204e9800998ecf8427e"
                ]
            ],
            [
                [
                    {
                        "id": "chunk",
                        "chunk": "1"
                    },
                    "chunk_1.aln:md5,d41d8cd98f00b204e9800998ecf8427e"
                ]
            ],
            [
                {
                    "REMOVE_REDUNDANCY:HMMER_HMMSEARCH": {
                        "hmmer": 3.4
                    }
                }
            ]
        ],
        "timestamp": "2026-06-06T17:52:36.244179877",
        "meta": {
            "nf-test": "0.9.5",
            "nextflow": "26.04.3"
        }
    },
    "faa - skip_sequence_redundancy_removal - skip_family_merging": {
        "content": [
            [
                [
                    {
                        "id": "chunk",
                        "chunk": "1"
                    },
                    "chunk_1.faa.gz:md5,7ae62909eb81f92c331b2048a8ac34d3"
                ],
                [
                    {
                        "id": "chunk",
                        "chunk": "2"
                    },
                    "chunk_2.faa.gz:md5,40cd2c9c2ff618bb1d0ed29852499db8"
                ]
            ],
            [
                [
                    {
                        "id": "chunk",
                        "chunk": "1"
                    },
                    "chunk_1.fas.gz:md5,8ccd10b05b1d224b57df77dc2b1077ce"
                ],
                [
                    {
                        "id": "chunk",
                        "chunk": "2"
                    },
                    "chunk_2.fas.gz:md5,eaf8104240fcfb46752ceabaf989b661"
                ]
            ],
            [
                {
                    "REMOVE_REDUNDANCY:HMMER_HMMSEARCH": {
                        "hmmer": 3.4
                    }
                }
            ]
        ],
        "timestamp": "2026-06-06T17:52:05.044733374",
        "meta": {
            "nf-test": "0.9.5",
            "nextflow": "26.04.3"
        }
    },
    "faa - skip_sequence_redundancy_removal": {
        "content": [
            [
                [
                    {
                        "id": "chunk",
                        "chunk": "1"
                    },
                    "chunk_1.faa.gz:md5,7ae62909eb81f92c331b2048a8ac34d3"
                ],
                [
                    {
                        "id": "chunk",
                        "chunk": "2"
                    },
                    "chunk_2.faa.gz:md5,40cd2c9c2ff618bb1d0ed29852499db8"
                ]
            ],
            [
                [
                    {
                        "id": "chunk",
                        "chunk": "1"
                    },
                    "chunk_1.fas.gz:md5,8ccd10b05b1d224b57df77dc2b1077ce"
                ],
                [
                    {
                        "id": "chunk",
                        "chunk": "2"
                    },
                    "chunk_2.fas.gz:md5,eaf8104240fcfb46752ceabaf989b661"
                ]
            ],
            [
                {
                    "REMOVE_REDUNDANCY:HMMER_HMMSEARCH": {
                        "hmmer": 3.4
                    }
                }
            ]
        ],
        "timestamp": "2026-06-06T17:51:34.929165589",
        "meta": {
            "nf-test": "0.9.5",
            "nextflow": "26.04.3"
        }
    },
    "faa - skip none": {
        "content": [
            [
                [
                    {
                        "id": "chunk",
                        "chunk": "1"
                    },
                    "chunk_1.faa:md5,6a54d12b222346b1df685867c0bdd151"
                ],
                [
                    {
                        "id": "chunk",
                        "chunk": "2"
                    },
                    "chunk_2.faa:md5,ebcda473387ebd3d1cdeb7179d4915d2"
                ]
            ],
            [
                [
                    {
                        "id": "chunk",
                        "chunk": "1"
                    },
                    "chunk_1.aln:md5,eb65c919dd074c6c25420163675de2c4"
                ],
                [
                    {
                        "id": "chunk",
                        "chunk": "2"
                    },
                    "chunk_2.aln:md5,ed2a2cbbb5f207f44ddef4781cd75ff7"
                ]
            ],
            [
                {
                    "REMOVE_REDUNDANCY:HMMER_HMMSEARCH": {
                        "hmmer": 3.4
                    }
                }
            ]
        ],
        "timestamp": "2026-06-06T17:51:00.097048703",
        "meta": {
            "nf-test": "0.9.5",
            "nextflow": "26.04.3"
        }
    },
    "faa - skip_sequence_redundancy_removal - skip_family_redundancy_removal": {
        "content": [
            [
                [
                    {
                        "id": "chunk",
                        "chunk": "1"
                    },
                    "chunk_1.faa.gz:md5,7ae62909eb81f92c331b2048a8ac34d3"
                ],
                [
                    {
                        "id": "chunk",
                        "chunk": "2"
                    },
                    "chunk_2.faa.gz:md5,40cd2c9c2ff618bb1d0ed29852499db8"
                ]
            ],
            [
                [
                    {
                        "id": "chunk",
                        "chunk": "1"
                    },
                    "chunk_1.fas.gz:md5,8ccd10b05b1d224b57df77dc2b1077ce"
                ],
                [
                    {
                        "id": "chunk",
                        "chunk": "2"
                    },
                    "chunk_2.fas.gz:md5,eaf8104240fcfb46752ceabaf989b661"
                ]
            ],
            [
                {
                    "REMOVE_REDUNDANCY:HMMER_HMMSEARCH": {
                        "hmmer": 3.4
                    }
                }
            ]
        ],
        "timestamp": "2026-06-06T17:51:50.761510544",
        "meta": {
            "nf-test": "0.9.5",
            "nextflow": "26.04.3"
        }
    },
    "faa - skip_family_merging": {
        "content": [
            [
                [
                    {
                        "id": "chunk",
                        "chunk": "1"
                    },
                    "chunk_1.faa:md5,6a54d12b222346b1df685867c0bdd151"
                ],
                [
                    {
                        "id": "chunk",
                        "chunk": "2"
                    },
                    "chunk_2.faa:md5,ebcda473387ebd3d1cdeb7179d4915d2"
                ]
            ],
            [
                [
                    {
                        "id": "chunk",
                        "chunk": "1"
                    },
                    "chunk_1.aln:md5,eb65c919dd074c6c25420163675de2c4"
                ],
                [
                    {
                        "id": "chunk",
                        "chunk": "2"
                    },
                    "chunk_2.aln:md5,ed2a2cbbb5f207f44ddef4781cd75ff7"
                ]
            ],
            [
                {
                    "REMOVE_REDUNDANCY:HMMER_HMMSEARCH": {
                        "hmmer": 3.4
                    }
                }
            ]
        ],
        "timestamp": "2026-06-06T17:51:18.942355687",
        "meta": {
            "nf-test": "0.9.5",
            "nextflow": "26.04.3"
        }
    }
}