{
    "fasta": {
        "content": [
            [
                [
                    {
                        "id": "test"
                    },
                    "test_mqc.txt:md5,79ef9640c4acb78f37a37141661f9e51"
                ]
            ],
            [
                {
                    "CHECK_QUALITY:SEQFU_STATS": {
                        "seqfu": "1.20.3"
                    }
                }
            ]
        ],
        "meta": {
            "nf-test": "0.9.2",
            "nextflow": "25.04.7"
        },
        "timestamp": "2025-09-23T10:34:04.471085164"
    }
}